Running 12 tests for test\metalexGuard.t.sol:ProjectTest
[PASS] testFailOnAddThenRemoveDaiContract() (gas: 365832)
Logs:
  68
  68
  68
  36
  68

Traces:
  [326032] ProjectTest::testFailOnAddThenRemoveDaiContract()
    ├─ [7182] 0x2013…2d01::affed0e0() [staticcall]
    │   ├─ [2351] 0x3e5c…d36e::affed0e0() [delegatecall]
    │   │   └─ ← 0x0000000000000000000000000000000000000000000000000000000000000002
    │   └─ ← 0x0000000000000000000000000000000000000000000000000000000000000002
    ├─ [2828] 0x2013…2d01::e86637db(000000000000000000000000201308b728acb48413cd27ec60b4ffac074c2d010000000000000000000000000000000000000000000000000000000000000000000000000000000000000000000000000000000000000000000000000000014000000000000000000000000000000000000000000000000000000000000000000000000000000000000000000000000000000000000000000000000000000000000000000000000000000000000000000000000000000000000000000000000000000000000000000000000000000000000000000000000000000000000000000000000000000000000000000000000000000000000000000000000000000000000000000000000000000000000000000000000000000000000000000000000000000000000000000000000000000000000000000000000000000000000000020000000000000000000000000000000000000000000000000000000000000024e19a9dd9000000000000000000000000ce71065d4017f316ec606fe4422e11eb2c47c24600000000000000000000000000000000000000000000000000000000) [staticcall]
    │   ├─ [2413] 0x3e5c…d36e::e86637db(000000000000000000000000201308b728acb48413cd27ec60b4ffac074c2d010000000000000000000000000000000000000000000000000000000000000000000000000000000000000000000000000000000000000000000000000000014000000000000000000000000000000000000000000000000000000000000000000000000000000000000000000000000000000000000000000000000000000000000000000000000000000000000000000000000000000000000000000000000000000000000000000000000000000000000000000000000000000000000000000000000000000000000000000000000000000000000000000000000000000000000000000000000000000000000000000000000000000000000000000000000000000000000000000000000000000000000000000000000000000000000000020000000000000000000000000000000000000000000000000000000000000024e19a9dd9000000000000000000000000ce71065d4017f316ec606fe4422e11eb2c47c24600000000000000000000000000000000000000000000000000000000) [delegatecall]
    │   │   └─ ← 0x0000000000000000000000000000000000000000000000000000000000000020000000000000000000000000000000000000000000000000000000000000004219013082379441537f7c669024bbf5518aabfb75fd0a615d5a02cb086b71925b7557a72ea7c7694447ccfa7b7ac00cc3be38ef2fba20743e6c3b4eefb5d07bab4e84000000000000000000000000000000000000000000000000000000000000
    │   └─ ← 0x0000000000000000000000000000000000000000000000000000000000000020000000000000000000000000000000000000000000000000000000000000004219013082379441537f7c669024bbf5518aabfb75fd0a615d5a02cb086b71925b7557a72ea7c7694447ccfa7b7ac00cc3be38ef2fba20743e6c3b4eefb5d07bab4e84000000000000000000000000000000000000000000000000000000000000
    ├─ [0] VM::sign(77814517325470205911140941194401928579557062014761831930645393041380819009408, 0xdd0332c8c18ba2353f568b3c9148035fcde33540036f1be239c542683ef374f6) [staticcall]
    │   └─ ← 28, 0xb2715784dfcb6a7f50edbeb952e35bf3af7b9490f672bdcca87b8a315f1013fc, 0x117b3b1cd34ff1f3235233c74d0aa044a460501c62b57193cb2c7dc1f28c6b0f
    ├─ [0] VM::prank(0xf39fd6e51aad88f6f4ce6ab8827279cfffb92266)
    │   └─ ← ()
    ├─ [48720] 0x2013…2d01::6a761202(000000000000000000000000201308b728acb48413cd27ec60b4ffac074c2d010000000000000000000000000000000000000000000000000000000000000000000000000000000000000000000000000000000000000000000000000000014000000000000000000000000000000000000000000000000000000000000000000000000000000000000000000000000000000000000000000000000000000000000000000000000000000000000000000000000000000000000000000000000000000000000000000000000000000000000000000000000000000000000000000000000000000000000000000000000000000000000000000000000000000000000000000000000000000000000000000000000000000000000000000000000000000000000000000000000000000000000000000000000000000000000001a00000000000000000000000000000000000000000000000000000000000000024e19a9dd9000000000000000000000000ce71065d4017f316ec606fe4422e11eb2c47c246000000000000000000000000000000000000000000000000000000000000000000000000000000000000000000000000000000000000000000000041b2715784dfcb6a7f50edbeb952e35bf3af7b9490f672bdcca87b8a315f1013fc117b3b1cd34ff1f3235233c74d0aa044a460501c62b57193cb2c7dc1f28c6b0f1c00000000000000000000000000000000000000000000000000000000000000)
    │   ├─ [48293] 0x3e5c…d36e::6a761202(000000000000000000000000201308b728acb48413cd27ec60b4ffac074c2d010000000000000000000000000000000000000000000000000000000000000000000000000000000000000000000000000000000000000000000000000000014000000000000000000000000000000000000000000000000000000000000000000000000000000000000000000000000000000000000000000000000000000000000000000000000000000000000000000000000000000000000000000000000000000000000000000000000000000000000000000000000000000000000000000000000000000000000000000000000000000000000000000000000000000000000000000000000000000000000000000000000000000000000000000000000000000000000000000000000000000000000000000000000000000000000001a00000000000000000000000000000000000000000000000000000000000000024e19a9dd9000000000000000000000000ce71065d4017f316ec606fe4422e11eb2c47c246000000000000000000000000000000000000000000000000000000000000000000000000000000000000000000000000000000000000000000000041b2715784dfcb6a7f50edbeb952e35bf3af7b9490f672bdcca87b8a315f1013fc117b3b1cd34ff1f3235233c74d0aa044a460501c62b57193cb2c7dc1f28c6b0f1c00000000000000000000000000000000000000000000000000000000000000) [delegatecall]
    │   │   ├─  emit topic 0: 0x66753cd2356569ee081232e3be8909b950e0a76c1f8460c3a5e3c2be32b11bed
    │   │   │           data: 0x000000000000000000000000201308b728acb48413cd27ec60b4ffac074c2d010000000000000000000000000000000000000000000000000000000000000000000000000000000000000000000000000000000000000000000000000000016000000000000000000000000000000000000000000000000000000000000000000000000000000000000000000000000000000000000000000000000000000000000000000000000000000000000000000000000000000000000000000000000000000000000000000000000000000000000000000000000000000000000000000000000000000000000000000000000000000000000000000000000000000000000000000000000000000000000000000000000000000000000000000000000000000000000000000000000000000000000000000000000000000000000001c000000000000000000000000000000000000000000000000000000000000002400000000000000000000000000000000000000000000000000000000000000024e19a9dd9000000000000000000000000ce71065d4017f316ec606fe4422e11eb2c47c246000000000000000000000000000000000000000000000000000000000000000000000000000000000000000000000000000000000000000000000041b2715784dfcb6a7f50edbeb952e35bf3af7b9490f672bdcca87b8a315f1013fc117b3b1cd34ff1f3235233c74d0aa044a460501c62b57193cb2c7dc1f28c6b0f1c0000000000000000000000000000000000000000000000000000000000000000000000000000000000000000000000000000000000000000000000000000600000000000000000000000000000000000000000000000000000000000000002000000000000000000000000f39fd6e51aad88f6f4ce6ab8827279cfffb922660000000000000000000000000000000000000000000000000000000000000001
    │   │   ├─ [3000] PRECOMPILE::ecrecover(0xdd0332c8c18ba2353f568b3c9148035fcde33540036f1be239c542683ef374f6, 28, 80711944800354826935609854279394083545176852230082238326013572508475636847612, 7907048595050018253709748460485820367277202979268491663054667203840605711119) [staticcall]
    │   │   │   └─ ← 0xf39fd6e51aad88f6f4ce6ab8827279cfffb92266
    │   │   ├─ [21765] 0x2013…2d01::e19a9dd9(000000000000000000000000ce71065d4017f316ec606fe4422e11eb2c47c246)
    │   │   │   ├─ [21434] 0x3e5c…d36e::e19a9dd9(000000000000000000000000ce71065d4017f316ec606fe4422e11eb2c47c246) [delegatecall]
    │   │   │   │   ├─  emit topic 0: 0x1151116914515bc0891ff9047a6cb32cf902546f83066499bcf8ba33d2353fa2
    │   │   │   │   │           data: 0x000000000000000000000000ce71065d4017f316ec606fe4422e11eb2c47c246
    │   │   │   │   └─ ← ()
    │   │   │   └─ ← ()
    │   │   ├─  emit topic 0: 0x442e715f626346e8c54381002da614f62bee8d27386535b2521ec8540898556e
    │   │   │           data: 0xdd0332c8c18ba2353f568b3c9148035fcde33540036f1be239c542683ef374f60000000000000000000000000000000000000000000000000000000000000000
    │   │   └─ ← 0x0000000000000000000000000000000000000000000000000000000000000001
    │   └─ ← 0x0000000000000000000000000000000000000000000000000000000000000001
    ├─ [682] 0x2013…2d01::affed0e0() [staticcall]
    │   ├─ [351] 0x3e5c…d36e::affed0e0() [delegatecall]
    │   │   └─ ← 0x0000000000000000000000000000000000000000000000000000000000000003
    │   └─ ← 0x0000000000000000000000000000000000000000000000000000000000000003
    ├─ [2843] 0x2013…2d01::e86637db(000000000000000000000000ce71065d4017f316ec606fe4422e11eb2c47c2460000000000000000000000000000000000000000000000000000000000000000000000000000000000000000000000000000000000000000000000000000014000000000000000000000000000000000000000000000000000000000000000000000000000000000000000000000000000000000000000000000000000000000000000000000000000000000000000000000000000000000000000000000000000000000000000000000000000000000000000000000000000000000000000000000000000000000000000000000000000000000000000000000000000000000000000000000000000000000000000000000000000000000000000000000000000000000000000000000000000000000000000000000000000000000000000030000000000000000000000000000000000000000000000000000000000000044b5522e89000000000000000000000000da10009cbd5d07dd0cecc66161fc93d7c9000da1000000000000000000000000000000000000000000000000002386f26fc1000000000000000000000000000000000000000000000000000000000000) [staticcall]
    │   ├─ [2422] 0x3e5c…d36e::e86637db(000000000000000000000000ce71065d4017f316ec606fe4422e11eb2c47c2460000000000000000000000000000000000000000000000000000000000000000000000000000000000000000000000000000000000000000000000000000014000000000000000000000000000000000000000000000000000000000000000000000000000000000000000000000000000000000000000000000000000000000000000000000000000000000000000000000000000000000000000000000000000000000000000000000000000000000000000000000000000000000000000000000000000000000000000000000000000000000000000000000000000000000000000000000000000000000000000000000000000000000000000000000000000000000000000000000000000000000000000000000000000000000000000030000000000000000000000000000000000000000000000000000000000000044b5522e89000000000000000000000000da10009cbd5d07dd0cecc66161fc93d7c9000da1000000000000000000000000000000000000000000000000002386f26fc1000000000000000000000000000000000000000000000000000000000000) [delegatecall]
    │   │   └─ ← 0x0000000000000000000000000000000000000000000000000000000000000020000000000000000000000000000000000000000000000000000000000000004219013082379441537f7c669024bbf5518aabfb75fd0a615d5a02cb086b71925b7557477dcf89e41929312a776681fa46f66497bdd9faa62152da5ffad65489d51136000000000000000000000000000000000000000000000000000000000000
    │   └─ ← 0x0000000000000000000000000000000000000000000000000000000000000020000000000000000000000000000000000000000000000000000000000000004219013082379441537f7c669024bbf5518aabfb75fd0a615d5a02cb086b71925b7557477dcf89e41929312a776681fa46f66497bdd9faa62152da5ffad65489d51136000000000000000000000000000000000000000000000000000000000000
    ├─ [0] VM::sign(77814517325470205911140941194401928579557062014761831930645393041380819009408, 0x9a522c2fd16029e9d196be73024d08360fdb11c44815399b9ef8e67444db8d0b) [staticcall]
    │   └─ ← 27, 0xae4cc99bc40f2b725fd6a23237c187f0655fa4a1a0eaa26a2088374b8e03ca3e, 0x3a2f634fbbcf2be857d8d10cee83ada1a5986d74ec1b7b18d6afdfdac129e162
    ├─ [0] VM::prank(0xf39fd6e51aad88f6f4ce6ab8827279cfffb92266)
    │   └─ ← ()
    ├─ [76141] 0x2013…2d01::6a761202(000000000000000000000000ce71065d4017f316ec606fe4422e11eb2c47c2460000000000000000000000000000000000000000000000000000000000000000000000000000000000000000000000000000000000000000000000000000014000000000000000000000000000000000000000000000000000000000000000000000000000000000000000000000000000000000000000000000000000000000000000000000000000000000000000000000000000000000000000000000000000000000000000000000000000000000000000000000000000000000000000000000000000000000000000000000000000000000000000000000000000000000000000000000000000000000000000000000000000000000000000000000000000000000000000000000000000000000000000000000000000000000000001c00000000000000000000000000000000000000000000000000000000000000044b5522e89000000000000000000000000da10009cbd5d07dd0cecc66161fc93d7c9000da1000000000000000000000000000000000000000000000000002386f26fc10000000000000000000000000000000000000000000000000000000000000000000000000000000000000000000000000000000000000000000000000041ae4cc99bc40f2b725fd6a23237c187f0655fa4a1a0eaa26a2088374b8e03ca3e3a2f634fbbcf2be857d8d10cee83ada1a5986d74ec1b7b18d6afdfdac129e1621b00000000000000000000000000000000000000000000000000000000000000)
    │   ├─ [75708] 0x3e5c…d36e::6a761202(000000000000000000000000ce71065d4017f316ec606fe4422e11eb2c47c2460000000000000000000000000000000000000000000000000000000000000000000000000000000000000000000000000000000000000000000000000000014000000000000000000000000000000000000000000000000000000000000000000000000000000000000000000000000000000000000000000000000000000000000000000000000000000000000000000000000000000000000000000000000000000000000000000000000000000000000000000000000000000000000000000000000000000000000000000000000000000000000000000000000000000000000000000000000000000000000000000000000000000000000000000000000000000000000000000000000000000000000000000000000000000000000001c00000000000000000000000000000000000000000000000000000000000000044b5522e89000000000000000000000000da10009cbd5d07dd0cecc66161fc93d7c9000da1000000000000000000000000000000000000000000000000002386f26fc10000000000000000000000000000000000000000000000000000000000000000000000000000000000000000000000000000000000000000000000000041ae4cc99bc40f2b725fd6a23237c187f0655fa4a1a0eaa26a2088374b8e03ca3e3a2f634fbbcf2be857d8d10cee83ada1a5986d74ec1b7b18d6afdfdac129e1621b00000000000000000000000000000000000000000000000000000000000000) [delegatecall]
    │   │   ├─  emit topic 0: 0x66753cd2356569ee081232e3be8909b950e0a76c1f8460c3a5e3c2be32b11bed
    │   │   │           data: 0x000000000000000000000000ce71065d4017f316ec606fe4422e11eb2c47c2460000000000000000000000000000000000000000000000000000000000000000000000000000000000000000000000000000000000000000000000000000016000000000000000000000000000000000000000000000000000000000000000000000000000000000000000000000000000000000000000000000000000000000000000000000000000000000000000000000000000000000000000000000000000000000000000000000000000000000000000000000000000000000000000000000000000000000000000000000000000000000000000000000000000000000000000000000000000000000000000000000000000000000000000000000000000000000000000000000000000000000000000000000000000000000000001e000000000000000000000000000000000000000000000000000000000000002600000000000000000000000000000000000000000000000000000000000000044b5522e89000000000000000000000000da10009cbd5d07dd0cecc66161fc93d7c9000da1000000000000000000000000000000000000000000000000002386f26fc10000000000000000000000000000000000000000000000000000000000000000000000000000000000000000000000000000000000000000000000000041ae4cc99bc40f2b725fd6a23237c187f0655fa4a1a0eaa26a2088374b8e03ca3e3a2f634fbbcf2be857d8d10cee83ada1a5986d74ec1b7b18d6afdfdac129e1621b0000000000000000000000000000000000000000000000000000000000000000000000000000000000000000000000000000000000000000000000000000600000000000000000000000000000000000000000000000000000000000000003000000000000000000000000f39fd6e51aad88f6f4ce6ab8827279cfffb922660000000000000000000000000000000000000000000000000000000000000001
    │   │   ├─ [3000] PRECOMPILE::ecrecover(0x9a522c2fd16029e9d196be73024d08360fdb11c44815399b9ef8e67444db8d0b, 27, 78838107480866396723079792163342678248580933373626358456202948049319227542078, 26317872452376777519497788862344611457169169098245007896485348869350837838178) [staticcall]
    │   │   │   └─ ← 0xf39fd6e51aad88f6f4ce6ab8827279cfffb92266
    │   │   ├─ [6101] metaLexGuard::checkTransaction(metaLexGuard: [0xce71065d4017f316ec606fe4422e11eb2c47c246], 0, 0xb5522e89000000000000000000000000da10009cbd5d07dd0cecc66161fc93d7c9000da1000000000000000000000000000000000000000000000000002386f26fc10000, 0, 0, 0, 0, 0x0000000000000000000000000000000000000000, 0x0000000000000000000000000000000000000000, 0xae4cc99bc40f2b725fd6a23237c187f0655fa4a1a0eaa26a2088374b8e03ca3e3a2f634fbbcf2be857d8d10cee83ada1a5986d74ec1b7b18d6afdfdac129e1621b, 0xf39fd6e51aad88f6f4ce6ab8827279cfffb92266)
    │   │   │   ├─ [0] console::f5b1bba9(0000000000000000000000000000000000000000000000000000000000000044) [staticcall]
    │   │   │   │   └─ ← ()
    │   │   │   └─ ← ()
    │   │   ├─ [47074] metaLexGuard::addContract(0xda10009cbd5d07dd0cecc66161fc93d7c9000da1, 10000000000000000)
    │   │   │   └─ ← ()
    │   │   ├─  emit topic 0: 0x442e715f626346e8c54381002da614f62bee8d27386535b2521ec8540898556e
    │   │   │           data: 0x9a522c2fd16029e9d196be73024d08360fdb11c44815399b9ef8e67444db8d0b0000000000000000000000000000000000000000000000000000000000000000
    │   │   ├─ [379] metaLexGuard::checkAfterExecution(0x9a522c2fd16029e9d196be73024d08360fdb11c44815399b9ef8e67444db8d0b, true)
    │   │   │   └─ ← ()
    │   │   └─ ← 0x0000000000000000000000000000000000000000000000000000000000000001
    │   └─ ← 0x0000000000000000000000000000000000000000000000000000000000000001
    ├─ [682] 0x2013…2d01::affed0e0() [staticcall]
    │   ├─ [351] 0x3e5c…d36e::affed0e0() [delegatecall]
    │   │   └─ ← 0x0000000000000000000000000000000000000000000000000000000000000004
    │   └─ ← 0x0000000000000000000000000000000000000000000000000000000000000004
    ├─ [2843] 0x2013…2d01::e86637db(000000000000000000000000ce71065d4017f316ec606fe4422e11eb2c47c24600000000000000000000000000000000000000000000000000000000000000000000000000000000000000000000000000000000000000000000000000000140000000000000000000000000000000000000000000000000000000000000000000000000000000000000000000000000000000000000000000000000000000000000000000000000000000000000000000000000000000000000000000000000000000000000000000000000000000000000000000000000000000000000000000000000000000000000000000000000000000000000000000000000000000000000000000000000000000000000000000000000000000000000000000000000000000000000000000000000000000000000000000000000000000000000000400000000000000000000000000000000000000000000000000000000000000446915d647000000000000000000000000f39fd6e51aad88f6f4ce6ab8827279cfffb92266000000000000000000000000000000000000000000000000002386f26fc1000000000000000000000000000000000000000000000000000000000000) [staticcall]
    │   ├─ [2422] 0x3e5c…d36e::e86637db(000000000000000000000000ce71065d4017f316ec606fe4422e11eb2c47c24600000000000000000000000000000000000000000000000000000000000000000000000000000000000000000000000000000000000000000000000000000140000000000000000000000000000000000000000000000000000000000000000000000000000000000000000000000000000000000000000000000000000000000000000000000000000000000000000000000000000000000000000000000000000000000000000000000000000000000000000000000000000000000000000000000000000000000000000000000000000000000000000000000000000000000000000000000000000000000000000000000000000000000000000000000000000000000000000000000000000000000000000000000000000000000000000400000000000000000000000000000000000000000000000000000000000000446915d647000000000000000000000000f39fd6e51aad88f6f4ce6ab8827279cfffb92266000000000000000000000000000000000000000000000000002386f26fc1000000000000000000000000000000000000000000000000000000000000) [delegatecall]
    │   │   └─ ← 0x0000000000000000000000000000000000000000000000000000000000000020000000000000000000000000000000000000000000000000000000000000004219013082379441537f7c669024bbf5518aabfb75fd0a615d5a02cb086b71925b7557ad3ffee42678ac77469b62044f33d29bc5f725580075051af7efdc25b57f2f3a000000000000000000000000000000000000000000000000000000000000
    │   └─ ← 0x0000000000000000000000000000000000000000000000000000000000000020000000000000000000000000000000000000000000000000000000000000004219013082379441537f7c669024bbf5518aabfb75fd0a615d5a02cb086b71925b7557ad3ffee42678ac77469b62044f33d29bc5f725580075051af7efdc25b57f2f3a000000000000000000000000000000000000000000000000000000000000
    ├─ [0] VM::sign(77814517325470205911140941194401928579557062014761831930645393041380819009408, 0x854d81fc11e75b9e6150734d4b31300ef7a0f771c4aeb8a8c170ab37933cb063) [staticcall]
    │   └─ ← 27, 0x9304735667daac3bde0c359ff9e91b285064626da881d0958f786a4634e15b56, 0x77e6b4d0051fd1bf0816f880308c03d565eeb0ca29406a5b09f449535e2bcc43
    ├─ [0] VM::prank(0xf39fd6e51aad88f6f4ce6ab8827279cfffb92266)
    │   └─ ← ()
    ├─ [67031] 0x2013…2d01::6a761202(000000000000000000000000ce71065d4017f316ec606fe4422e11eb2c47c2460000000000000000000000000000000000000000000000000000000000000000000000000000000000000000000000000000000000000000000000000000014000000000000000000000000000000000000000000000000000000000000000000000000000000000000000000000000000000000000000000000000000000000000000000000000000000000000000000000000000000000000000000000000000000000000000000000000000000000000000000000000000000000000000000000000000000000000000000000000000000000000000000000000000000000000000000000000000000000000000000000000000000000000000000000000000000000000000000000000000000000000000000000000000000000000001c000000000000000000000000000000000000000000000000000000000000000446915d647000000000000000000000000f39fd6e51aad88f6f4ce6ab8827279cfffb92266000000000000000000000000000000000000000000000000002386f26fc100000000000000000000000000000000000000000000000000000000000000000000000000000000000000000000000000000000000000000000000000419304735667daac3bde0c359ff9e91b285064626da881d0958f786a4634e15b5677e6b4d0051fd1bf0816f880308c03d565eeb0ca29406a5b09f449535e2bcc431b00000000000000000000000000000000000000000000000000000000000000)
    │   ├─ [66598] 0x3e5c…d36e::6a761202(000000000000000000000000ce71065d4017f316ec606fe4422e11eb2c47c2460000000000000000000000000000000000000000000000000000000000000000000000000000000000000000000000000000000000000000000000000000014000000000000000000000000000000000000000000000000000000000000000000000000000000000000000000000000000000000000000000000000000000000000000000000000000000000000000000000000000000000000000000000000000000000000000000000000000000000000000000000000000000000000000000000000000000000000000000000000000000000000000000000000000000000000000000000000000000000000000000000000000000000000000000000000000000000000000000000000000000000000000000000000000000000000001c000000000000000000000000000000000000000000000000000000000000000446915d647000000000000000000000000f39fd6e51aad88f6f4ce6ab8827279cfffb92266000000000000000000000000000000000000000000000000002386f26fc100000000000000000000000000000000000000000000000000000000000000000000000000000000000000000000000000000000000000000000000000419304735667daac3bde0c359ff9e91b285064626da881d0958f786a4634e15b5677e6b4d0051fd1bf0816f880308c03d565eeb0ca29406a5b09f449535e2bcc431b00000000000000000000000000000000000000000000000000000000000000) [delegatecall]
    │   │   ├─  emit topic 0: 0x66753cd2356569ee081232e3be8909b950e0a76c1f8460c3a5e3c2be32b11bed
    │   │   │           data: 0x000000000000000000000000ce71065d4017f316ec606fe4422e11eb2c47c2460000000000000000000000000000000000000000000000000000000000000000000000000000000000000000000000000000000000000000000000000000016000000000000000000000000000000000000000000000000000000000000000000000000000000000000000000000000000000000000000000000000000000000000000000000000000000000000000000000000000000000000000000000000000000000000000000000000000000000000000000000000000000000000000000000000000000000000000000000000000000000000000000000000000000000000000000000000000000000000000000000000000000000000000000000000000000000000000000000000000000000000000000000000000000000000001e0000000000000000000000000000000000000000000000000000000000000026000000000000000000000000000000000000000000000000000000000000000446915d647000000000000000000000000f39fd6e51aad88f6f4ce6ab8827279cfffb92266000000000000000000000000000000000000000000000000002386f26fc100000000000000000000000000000000000000000000000000000000000000000000000000000000000000000000000000000000000000000000000000419304735667daac3bde0c359ff9e91b285064626da881d0958f786a4634e15b5677e6b4d0051fd1bf0816f880308c03d565eeb0ca29406a5b09f449535e2bcc431b0000000000000000000000000000000000000000000000000000000000000000000000000000000000000000000000000000000000000000000000000000600000000000000000000000000000000000000000000000000000000000000004000000000000000000000000f39fd6e51aad88f6f4ce6ab8827279cfffb922660000000000000000000000000000000000000000000000000000000000000001
    │   │   ├─ [3000] PRECOMPILE::ecrecover(0x854d81fc11e75b9e6150734d4b31300ef7a0f771c4aeb8a8c170ab37933cb063, 27, 66497852160321689727360166565843500983110586093217717677128839456936909953878, 54232851728858708848882615488502233010819650316540664670114413133695363566659) [staticcall]
    │   │   │   └─ ← 0xf39fd6e51aad88f6f4ce6ab8827279cfffb92266
    │   │   ├─ [1601] metaLexGuard::checkTransaction(metaLexGuard: [0xce71065d4017f316ec606fe4422e11eb2c47c246], 0, 0x6915d647000000000000000000000000f39fd6e51aad88f6f4ce6ab8827279cfffb92266000000000000000000000000000000000000000000000000002386f26fc10000, 0, 0, 0, 0, 0x0000000000000000000000000000000000000000, 0x0000000000000000000000000000000000000000, 0x9304735667daac3bde0c359ff9e91b285064626da881d0958f786a4634e15b5677e6b4d0051fd1bf0816f880308c03d565eeb0ca29406a5b09f449535e2bcc431b, 0xf39fd6e51aad88f6f4ce6ab8827279cfffb92266)
    │   │   │   ├─ [0] console::f5b1bba9(0000000000000000000000000000000000000000000000000000000000000044) [staticcall]
    │   │   │   │   └─ ← ()
    │   │   │   └─ ← ()
    │   │   ├─ [44964] metaLexGuard::addRecepient(0xf39fd6e51aad88f6f4ce6ab8827279cfffb92266, 10000000000000000)
    │   │   │   └─ ← ()
    │   │   ├─  emit topic 0: 0x442e715f626346e8c54381002da614f62bee8d27386535b2521ec8540898556e
    │   │   │           data: 0x854d81fc11e75b9e6150734d4b31300ef7a0f771c4aeb8a8c170ab37933cb0630000000000000000000000000000000000000000000000000000000000000000
    │   │   ├─ [379] metaLexGuard::checkAfterExecution(0x854d81fc11e75b9e6150734d4b31300ef7a0f771c4aeb8a8c170ab37933cb063, true)
    │   │   │   └─ ← ()
    │   │   └─ ← 0x0000000000000000000000000000000000000000000000000000000000000001
    │   └─ ← 0x0000000000000000000000000000000000000000000000000000000000000001
    ├─ [682] 0x2013…2d01::affed0e0() [staticcall]
    │   ├─ [351] 0x3e5c…d36e::affed0e0() [delegatecall]
    │   │   └─ ← 0x0000000000000000000000000000000000000000000000000000000000000005
    │   └─ ← 0x0000000000000000000000000000000000000000000000000000000000000005
    ├─ [2843] 0x2013…2d01::e86637db(000000000000000000000000da10009cbd5d07dd0cecc66161fc93d7c9000da10000000000000000000000000000000000000000000000000000000000000000000000000000000000000000000000000000000000000000000000000000014000000000000000000000000000000000000000000000000000000000000000000000000000000000000000000000000000000000000000000000000000000000000000000000000000000000000000000000000000000000000000000000000000000000000000000000000000000000000000000000000000000000000000000000000000000000000000000000000000000000000000000000000000000000000000000000000000000000000000000000000000000000000000000000000000000000000000000000000000000000000000000000000000000000000000050000000000000000000000000000000000000000000000000000000000000044a9059cbb000000000000000000000000f39fd6e51aad88f6f4ce6ab8827279cfffb92266000000000000000000000000000000000000000000000000002386f26fc1000000000000000000000000000000000000000000000000000000000000) [staticcall]
    │   ├─ [2422] 0x3e5c…d36e::e86637db(000000000000000000000000da10009cbd5d07dd0cecc66161fc93d7c9000da10000000000000000000000000000000000000000000000000000000000000000000000000000000000000000000000000000000000000000000000000000014000000000000000000000000000000000000000000000000000000000000000000000000000000000000000000000000000000000000000000000000000000000000000000000000000000000000000000000000000000000000000000000000000000000000000000000000000000000000000000000000000000000000000000000000000000000000000000000000000000000000000000000000000000000000000000000000000000000000000000000000000000000000000000000000000000000000000000000000000000000000000000000000000000000000000050000000000000000000000000000000000000000000000000000000000000044a9059cbb000000000000000000000000f39fd6e51aad88f6f4ce6ab8827279cfffb92266000000000000000000000000000000000000000000000000002386f26fc1000000000000000000000000000000000000000000000000000000000000) [delegatecall]
    │   │   └─ ← 0x0000000000000000000000000000000000000000000000000000000000000020000000000000000000000000000000000000000000000000000000000000004219013082379441537f7c669024bbf5518aabfb75fd0a615d5a02cb086b71925b755727963ebf878de1becb6917f07bc038e31e58c82f2741591e7da085c63269ec84000000000000000000000000000000000000000000000000000000000000
    │   └─ ← 0x0000000000000000000000000000000000000000000000000000000000000020000000000000000000000000000000000000000000000000000000000000004219013082379441537f7c669024bbf5518aabfb75fd0a615d5a02cb086b71925b755727963ebf878de1becb6917f07bc038e31e58c82f2741591e7da085c63269ec84000000000000000000000000000000000000000000000000000000000000
    ├─ [0] VM::sign(77814517325470205911140941194401928579557062014761831930645393041380819009408, 0x2f29a5e5f102b868245fe445aa1e5ae6f790e835ab3413bf3e2eb5dba1fc1fda) [staticcall]
    │   └─ ← 27, 0x8874d0e5cbdaf7a1755e58714494684cb415c86d936e67b27489649bc53eafb0, 0x6732c982786e53bf8e7bd99a34fa54cb01efb3e62bec29b3702d08a56efe3511
    ├─ [0] VM::prank(0xf39fd6e51aad88f6f4ce6ab8827279cfffb92266)
    │   └─ ← ()
    ├─ [54932] 0x2013…2d01::6a761202(000000000000000000000000da10009cbd5d07dd0cecc66161fc93d7c9000da10000000000000000000000000000000000000000000000000000000000000000000000000000000000000000000000000000000000000000000000000000014000000000000000000000000000000000000000000000000000000000000000000000000000000000000000000000000000000000000000000000000000000000000000000000000000000000000000000000000000000000000000000000000000000000000000000000000000000000000000000000000000000000000000000000000000000000000000000000000000000000000000000000000000000000000000000000000000000000000000000000000000000000000000000000000000000000000000000000000000000000000000000000000000000000000001c00000000000000000000000000000000000000000000000000000000000000044a9059cbb000000000000000000000000f39fd6e51aad88f6f4ce6ab8827279cfffb92266000000000000000000000000000000000000000000000000002386f26fc100000000000000000000000000000000000000000000000000000000000000000000000000000000000000000000000000000000000000000000000000418874d0e5cbdaf7a1755e58714494684cb415c86d936e67b27489649bc53eafb06732c982786e53bf8e7bd99a34fa54cb01efb3e62bec29b3702d08a56efe35111b00000000000000000000000000000000000000000000000000000000000000)
    │   ├─ [54499] 0x3e5c…d36e::6a761202(000000000000000000000000da10009cbd5d07dd0cecc66161fc93d7c9000da10000000000000000000000000000000000000000000000000000000000000000000000000000000000000000000000000000000000000000000000000000014000000000000000000000000000000000000000000000000000000000000000000000000000000000000000000000000000000000000000000000000000000000000000000000000000000000000000000000000000000000000000000000000000000000000000000000000000000000000000000000000000000000000000000000000000000000000000000000000000000000000000000000000000000000000000000000000000000000000000000000000000000000000000000000000000000000000000000000000000000000000000000000000000000000000001c00000000000000000000000000000000000000000000000000000000000000044a9059cbb000000000000000000000000f39fd6e51aad88f6f4ce6ab8827279cfffb92266000000000000000000000000000000000000000000000000002386f26fc100000000000000000000000000000000000000000000000000000000000000000000000000000000000000000000000000000000000000000000000000418874d0e5cbdaf7a1755e58714494684cb415c86d936e67b27489649bc53eafb06732c982786e53bf8e7bd99a34fa54cb01efb3e62bec29b3702d08a56efe35111b00000000000000000000000000000000000000000000000000000000000000) [delegatecall]
    │   │   ├─  emit topic 0: 0x66753cd2356569ee081232e3be8909b950e0a76c1f8460c3a5e3c2be32b11bed
    │   │   │           data: 0x000000000000000000000000da10009cbd5d07dd0cecc66161fc93d7c9000da10000000000000000000000000000000000000000000000000000000000000000000000000000000000000000000000000000000000000000000000000000016000000000000000000000000000000000000000000000000000000000000000000000000000000000000000000000000000000000000000000000000000000000000000000000000000000000000000000000000000000000000000000000000000000000000000000000000000000000000000000000000000000000000000000000000000000000000000000000000000000000000000000000000000000000000000000000000000000000000000000000000000000000000000000000000000000000000000000000000000000000000000000000000000000000000001e000000000000000000000000000000000000000000000000000000000000002600000000000000000000000000000000000000000000000000000000000000044a9059cbb000000000000000000000000f39fd6e51aad88f6f4ce6ab8827279cfffb92266000000000000000000000000000000000000000000000000002386f26fc100000000000000000000000000000000000000000000000000000000000000000000000000000000000000000000000000000000000000000000000000418874d0e5cbdaf7a1755e58714494684cb415c86d936e67b27489649bc53eafb06732c982786e53bf8e7bd99a34fa54cb01efb3e62bec29b3702d08a56efe35111b0000000000000000000000000000000000000000000000000000000000000000000000000000000000000000000000000000000000000000000000000000600000000000000000000000000000000000000000000000000000000000000005000000000000000000000000f39fd6e51aad88f6f4ce6ab8827279cfffb922660000000000000000000000000000000000000000000000000000000000000001
    │   │   ├─ [3000] PRECOMPILE::ecrecover(0x2f29a5e5f102b868245fe445aa1e5ae6f790e835ab3413bf3e2eb5dba1fc1fda, 27, 61720943425374913750047341854799528243455206870892477325425574085911912558512, 46677956525806989805666993935255386450809763592220124417825540526358650565905) [staticcall]
    │   │   │   └─ ← 0xf39fd6e51aad88f6f4ce6ab8827279cfffb92266
    │   │   ├─ [2306] metaLexGuard::checkTransaction(0xda10009cbd5d07dd0cecc66161fc93d7c9000da1, 0, 0xa9059cbb000000000000000000000000f39fd6e51aad88f6f4ce6ab8827279cfffb92266000000000000000000000000000000000000000000000000002386f26fc10000, 0, 0, 0, 0, 0x0000000000000000000000000000000000000000, 0x0000000000000000000000000000000000000000, 0x8874d0e5cbdaf7a1755e58714494684cb415c86d936e67b27489649bc53eafb06732c982786e53bf8e7bd99a34fa54cb01efb3e62bec29b3702d08a56efe35111b, 0xf39fd6e51aad88f6f4ce6ab8827279cfffb92266)
    │   │   │   ├─ [0] console::f5b1bba9(0000000000000000000000000000000000000000000000000000000000000044) [staticcall]
    │   │   │   │   └─ ← ()
    │   │   │   └─ ← ()
    │   │   ├─ [29660] 0xda10…0da1::a9059cbb(000000000000000000000000f39fd6e51aad88f6f4ce6ab8827279cfffb92266000000000000000000000000000000000000000000000000002386f26fc10000)
    │   │   │   ├─  emit topic 0: 0xddf252ad1be2c89b69c2b068fc378daa952ba7f163c4a11628f55a4df523b3ef
    │   │   │   │       topic 1: 0x000000000000000000000000201308b728acb48413cd27ec60b4ffac074c2d01
    │   │   │   │       topic 2: 0x000000000000000000000000f39fd6e51aad88f6f4ce6ab8827279cfffb92266
    │   │   │   │           data: 0x000000000000000000000000000000000000000000000000002386f26fc10000
    │   │   │   └─ ← 0x0000000000000000000000000000000000000000000000000000000000000001
    │   │   ├─  emit topic 0: 0x442e715f626346e8c54381002da614f62bee8d27386535b2521ec8540898556e
    │   │   │           data: 0x2f29a5e5f102b868245fe445aa1e5ae6f790e835ab3413bf3e2eb5dba1fc1fda0000000000000000000000000000000000000000000000000000000000000000
    │   │   ├─ [379] metaLexGuard::checkAfterExecution(0x2f29a5e5f102b868245fe445aa1e5ae6f790e835ab3413bf3e2eb5dba1fc1fda, true)
    │   │   │   └─ ← ()
    │   │   └─ ← 0x0000000000000000000000000000000000000000000000000000000000000001
    │   └─ ← 0x0000000000000000000000000000000000000000000000000000000000000001
    ├─ [682] 0x2013…2d01::affed0e0() [staticcall]
    │   ├─ [351] 0x3e5c…d36e::affed0e0() [delegatecall]
    │   │   └─ ← 0x0000000000000000000000000000000000000000000000000000000000000006
    │   └─ ← 0x0000000000000000000000000000000000000000000000000000000000000006
    ├─ [2828] 0x2013…2d01::e86637db(000000000000000000000000ce71065d4017f316ec606fe4422e11eb2c47c2460000000000000000000000000000000000000000000000000000000000000000000000000000000000000000000000000000000000000000000000000000014000000000000000000000000000000000000000000000000000000000000000000000000000000000000000000000000000000000000000000000000000000000000000000000000000000000000000000000000000000000000000000000000000000000000000000000000000000000000000000000000000000000000000000000000000000000000000000000000000000000000000000000000000000000000000000000000000000000000000000000000000000000000000000000000000000000000000000000000000000000000000000000000000000000000000060000000000000000000000000000000000000000000000000000000000000024c375c2ef000000000000000000000000da10009cbd5d07dd0cecc66161fc93d7c9000da100000000000000000000000000000000000000000000000000000000) [staticcall]
    │   ├─ [2413] 0x3e5c…d36e::e86637db(000000000000000000000000ce71065d4017f316ec606fe4422e11eb2c47c2460000000000000000000000000000000000000000000000000000000000000000000000000000000000000000000000000000000000000000000000000000014000000000000000000000000000000000000000000000000000000000000000000000000000000000000000000000000000000000000000000000000000000000000000000000000000000000000000000000000000000000000000000000000000000000000000000000000000000000000000000000000000000000000000000000000000000000000000000000000000000000000000000000000000000000000000000000000000000000000000000000000000000000000000000000000000000000000000000000000000000000000000000000000000000000000000060000000000000000000000000000000000000000000000000000000000000024c375c2ef000000000000000000000000da10009cbd5d07dd0cecc66161fc93d7c9000da100000000000000000000000000000000000000000000000000000000) [delegatecall]
    │   │   └─ ← 0x0000000000000000000000000000000000000000000000000000000000000020000000000000000000000000000000000000000000000000000000000000004219013082379441537f7c669024bbf5518aabfb75fd0a615d5a02cb086b71925b75578e5fa83b556850fa186ca3e2d9b813e578701709453142a7e1fbc0092b49dedf000000000000000000000000000000000000000000000000000000000000
    │   └─ ← 0x0000000000000000000000000000000000000000000000000000000000000020000000000000000000000000000000000000000000000000000000000000004219013082379441537f7c669024bbf5518aabfb75fd0a615d5a02cb086b71925b75578e5fa83b556850fa186ca3e2d9b813e578701709453142a7e1fbc0092b49dedf000000000000000000000000000000000000000000000000000000000000
    ├─ [0] VM::sign(77814517325470205911140941194401928579557062014761831930645393041380819009408, 0x3c08972c1878d693fc007fbedd99ba570bf351870fc4f0ac54c50fef842c114c) [staticcall]
    │   └─ ← 28, 0xf45320e3af5fa1bad54355084c581fd6a2a78a9fa769248a414f43bf66f76e50, 0x43907e95090c7f74d79524d4fefa2dd07e001a3b158b6a0a03f0a09112e157a4
    ├─ [0] VM::prank(0xf39fd6e51aad88f6f4ce6ab8827279cfffb92266)
    │   └─ ← ()
    ├─ [18382] 0x2013…2d01::6a761202(000000000000000000000000ce71065d4017f316ec606fe4422e11eb2c47c2460000000000000000000000000000000000000000000000000000000000000000000000000000000000000000000000000000000000000000000000000000014000000000000000000000000000000000000000000000000000000000000000000000000000000000000000000000000000000000000000000000000000000000000000000000000000000000000000000000000000000000000000000000000000000000000000000000000000000000000000000000000000000000000000000000000000000000000000000000000000000000000000000000000000000000000000000000000000000000000000000000000000000000000000000000000000000000000000000000000000000000000000000000000000000000000001a00000000000000000000000000000000000000000000000000000000000000024c375c2ef000000000000000000000000da10009cbd5d07dd0cecc66161fc93d7c9000da1000000000000000000000000000000000000000000000000000000000000000000000000000000000000000000000000000000000000000000000041f45320e3af5fa1bad54355084c581fd6a2a78a9fa769248a414f43bf66f76e5043907e95090c7f74d79524d4fefa2dd07e001a3b158b6a0a03f0a09112e157a41c00000000000000000000000000000000000000000000000000000000000000)
    │   ├─ [18040] 0x3e5c…d36e::6a761202(000000000000000000000000ce71065d4017f316ec606fe4422e11eb2c47c2460000000000000000000000000000000000000000000000000000000000000000000000000000000000000000000000000000000000000000000000000000014000000000000000000000000000000000000000000000000000000000000000000000000000000000000000000000000000000000000000000000000000000000000000000000000000000000000000000000000000000000000000000000000000000000000000000000000000000000000000000000000000000000000000000000000000000000000000000000000000000000000000000000000000000000000000000000000000000000000000000000000000000000000000000000000000000000000000000000000000000000000000000000000000000000000001a00000000000000000000000000000000000000000000000000000000000000024c375c2ef000000000000000000000000da10009cbd5d07dd0cecc66161fc93d7c9000da1000000000000000000000000000000000000000000000000000000000000000000000000000000000000000000000000000000000000000000000041f45320e3af5fa1bad54355084c581fd6a2a78a9fa769248a414f43bf66f76e5043907e95090c7f74d79524d4fefa2dd07e001a3b158b6a0a03f0a09112e157a41c00000000000000000000000000000000000000000000000000000000000000) [delegatecall]
    │   │   ├─  emit topic 0: 0x66753cd2356569ee081232e3be8909b950e0a76c1f8460c3a5e3c2be32b11bed
    │   │   │           data: 0x000000000000000000000000ce71065d4017f316ec606fe4422e11eb2c47c2460000000000000000000000000000000000000000000000000000000000000000000000000000000000000000000000000000000000000000000000000000016000000000000000000000000000000000000000000000000000000000000000000000000000000000000000000000000000000000000000000000000000000000000000000000000000000000000000000000000000000000000000000000000000000000000000000000000000000000000000000000000000000000000000000000000000000000000000000000000000000000000000000000000000000000000000000000000000000000000000000000000000000000000000000000000000000000000000000000000000000000000000000000000000000000000001c000000000000000000000000000000000000000000000000000000000000002400000000000000000000000000000000000000000000000000000000000000024c375c2ef000000000000000000000000da10009cbd5d07dd0cecc66161fc93d7c9000da1000000000000000000000000000000000000000000000000000000000000000000000000000000000000000000000000000000000000000000000041f45320e3af5fa1bad54355084c581fd6a2a78a9fa769248a414f43bf66f76e5043907e95090c7f74d79524d4fefa2dd07e001a3b158b6a0a03f0a09112e157a41c0000000000000000000000000000000000000000000000000000000000000000000000000000000000000000000000000000000000000000000000000000600000000000000000000000000000000000000000000000000000000000000006000000000000000000000000f39fd6e51aad88f6f4ce6ab8827279cfffb922660000000000000000000000000000000000000000000000000000000000000001
    │   │   ├─ [3000] PRECOMPILE::ecrecover(0x3c08972c1878d693fc007fbedd99ba570bf351870fc4f0ac54c50fef842c114c, 28, 110511210354953587068712068818312976815465962492459854912018057391150351216208, 30560260470431636334205730058297173963309006161778130658722982085064514426788) [staticcall]
    │   │   │   └─ ← 0xf39fd6e51aad88f6f4ce6ab8827279cfffb92266
    │   │   ├─ [1601] metaLexGuard::checkTransaction(metaLexGuard: [0xce71065d4017f316ec606fe4422e11eb2c47c246], 0, 0xc375c2ef000000000000000000000000da10009cbd5d07dd0cecc66161fc93d7c9000da1, 0, 0, 0, 0, 0x0000000000000000000000000000000000000000, 0x0000000000000000000000000000000000000000, 0xf45320e3af5fa1bad54355084c581fd6a2a78a9fa769248a414f43bf66f76e5043907e95090c7f74d79524d4fefa2dd07e001a3b158b6a0a03f0a09112e157a41c, 0xf39fd6e51aad88f6f4ce6ab8827279cfffb92266)
    │   │   │   ├─ [0] console::f5b1bba9(0000000000000000000000000000000000000000000000000000000000000024) [staticcall]
    │   │   │   │   └─ ← ()
    │   │   │   └─ ← ()
    │   │   ├─ [955] metaLexGuard::removeContract(0xda10009cbd5d07dd0cecc66161fc93d7c9000da1)
    │   │   │   └─ ← ()
    │   │   ├─  emit topic 0: 0x442e715f626346e8c54381002da614f62bee8d27386535b2521ec8540898556e
    │   │   │           data: 0x3c08972c1878d693fc007fbedd99ba570bf351870fc4f0ac54c50fef842c114c0000000000000000000000000000000000000000000000000000000000000000
    │   │   ├─ [379] metaLexGuard::checkAfterExecution(0x3c08972c1878d693fc007fbedd99ba570bf351870fc4f0ac54c50fef842c114c, true)
    │   │   │   └─ ← ()
    │   │   └─ ← 0x0000000000000000000000000000000000000000000000000000000000000001
    │   └─ ← 0x0000000000000000000000000000000000000000000000000000000000000001
    ├─ [682] 0x2013…2d01::affed0e0() [staticcall]
    │   ├─ [351] 0x3e5c…d36e::affed0e0() [delegatecall]
    │   │   └─ ← 0x0000000000000000000000000000000000000000000000000000000000000007
    │   └─ ← 0x0000000000000000000000000000000000000000000000000000000000000007
    ├─ [2843] 0x2013…2d01::e86637db(000000000000000000000000da10009cbd5d07dd0cecc66161fc93d7c9000da10000000000000000000000000000000000000000000000000000000000000000000000000000000000000000000000000000000000000000000000000000014000000000000000000000000000000000000000000000000000000000000000000000000000000000000000000000000000000000000000000000000000000000000000000000000000000000000000000000000000000000000000000000000000000000000000000000000000000000000000000000000000000000000000000000000000000000000000000000000000000000000000000000000000000000000000000000000000000000000000000000000000000000000000000000000000000000000000000000000000000000000000000000000000000000000000070000000000000000000000000000000000000000000000000000000000000044a9059cbb000000000000000000000000f39fd6e51aad88f6f4ce6ab8827279cfffb92266000000000000000000000000000000000000000000000000002386f26fc1000000000000000000000000000000000000000000000000000000000000) [staticcall]
    │   ├─ [2422] 0x3e5c…d36e::e86637db(000000000000000000000000da10009cbd5d07dd0cecc66161fc93d7c9000da10000000000000000000000000000000000000000000000000000000000000000000000000000000000000000000000000000000000000000000000000000014000000000000000000000000000000000000000000000000000000000000000000000000000000000000000000000000000000000000000000000000000000000000000000000000000000000000000000000000000000000000000000000000000000000000000000000000000000000000000000000000000000000000000000000000000000000000000000000000000000000000000000000000000000000000000000000000000000000000000000000000000000000000000000000000000000000000000000000000000000000000000000000000000000000000000070000000000000000000000000000000000000000000000000000000000000044a9059cbb000000000000000000000000f39fd6e51aad88f6f4ce6ab8827279cfffb92266000000000000000000000000000000000000000000000000002386f26fc1000000000000000000000000000000000000000000000000000000000000) [delegatecall]
    │   │   └─ ← 0x0000000000000000000000000000000000000000000000000000000000000020000000000000000000000000000000000000000000000000000000000000004219013082379441537f7c669024bbf5518aabfb75fd0a615d5a02cb086b71925b7557a9a4eab6d4d0be7d403f2d8d85b356487e4136d730ea3b477fdf295174dd8fef000000000000000000000000000000000000000000000000000000000000
    │   └─ ← 0x0000000000000000000000000000000000000000000000000000000000000020000000000000000000000000000000000000000000000000000000000000004219013082379441537f7c669024bbf5518aabfb75fd0a615d5a02cb086b71925b7557a9a4eab6d4d0be7d403f2d8d85b356487e4136d730ea3b477fdf295174dd8fef000000000000000000000000000000000000000000000000000000000000
    ├─ [0] VM::sign(77814517325470205911140941194401928579557062014761831930645393041380819009408, 0x81509726c0b4e8498734854f86890a5c452b2cf122aabfdc15d0cccd7e92bbb3) [staticcall]
    │   └─ ← 28, 0xb29ac123bedd65cc05a789ce51cd761e60dc801fd0594cfedce8baf006af7fc9, 0x19b2a55ce2b7002d7247abcd113d02f9f75ced24bb5d792e466890b63ee2e1a9
    ├─ [0] VM::prank(0xf39fd6e51aad88f6f4ce6ab8827279cfffb92266)
    │   └─ ← ()
    ├─ [18777] 0x2013…2d01::6a761202(000000000000000000000000da10009cbd5d07dd0cecc66161fc93d7c9000da10000000000000000000000000000000000000000000000000000000000000000000000000000000000000000000000000000000000000000000000000000014000000000000000000000000000000000000000000000000000000000000000000000000000000000000000000000000000000000000000000000000000000000000000000000000000000000000000000000000000000000000000000000000000000000000000000000000000000000000000000000000000000000000000000000000000000000000000000000000000000000000000000000000000000000000000000000000000000000000000000000000000000000000000000000000000000000000000000000000000000000000000000000000000000000000001c00000000000000000000000000000000000000000000000000000000000000044a9059cbb000000000000000000000000f39fd6e51aad88f6f4ce6ab8827279cfffb92266000000000000000000000000000000000000000000000000002386f26fc10000000000000000000000000000000000000000000000000000000000000000000000000000000000000000000000000000000000000000000000000041b29ac123bedd65cc05a789ce51cd761e60dc801fd0594cfedce8baf006af7fc919b2a55ce2b7002d7247abcd113d02f9f75ced24bb5d792e466890b63ee2e1a91c00000000000000000000000000000000000000000000000000000000000000)
    │   ├─ [18345] 0x3e5c…d36e::6a761202(000000000000000000000000da10009cbd5d07dd0cecc66161fc93d7c9000da10000000000000000000000000000000000000000000000000000000000000000000000000000000000000000000000000000000000000000000000000000014000000000000000000000000000000000000000000000000000000000000000000000000000000000000000000000000000000000000000000000000000000000000000000000000000000000000000000000000000000000000000000000000000000000000000000000000000000000000000000000000000000000000000000000000000000000000000000000000000000000000000000000000000000000000000000000000000000000000000000000000000000000000000000000000000000000000000000000000000000000000000000000000000000000000001c00000000000000000000000000000000000000000000000000000000000000044a9059cbb000000000000000000000000f39fd6e51aad88f6f4ce6ab8827279cfffb92266000000000000000000000000000000000000000000000000002386f26fc10000000000000000000000000000000000000000000000000000000000000000000000000000000000000000000000000000000000000000000000000041b29ac123bedd65cc05a789ce51cd761e60dc801fd0594cfedce8baf006af7fc919b2a55ce2b7002d7247abcd113d02f9f75ced24bb5d792e466890b63ee2e1a91c00000000000000000000000000000000000000000000000000000000000000) [delegatecall]
    │   │   ├─  emit topic 0: 0x66753cd2356569ee081232e3be8909b950e0a76c1f8460c3a5e3c2be32b11bed
    │   │   │           data: 0x000000000000000000000000da10009cbd5d07dd0cecc66161fc93d7c9000da10000000000000000000000000000000000000000000000000000000000000000000000000000000000000000000000000000000000000000000000000000016000000000000000000000000000000000000000000000000000000000000000000000000000000000000000000000000000000000000000000000000000000000000000000000000000000000000000000000000000000000000000000000000000000000000000000000000000000000000000000000000000000000000000000000000000000000000000000000000000000000000000000000000000000000000000000000000000000000000000000000000000000000000000000000000000000000000000000000000000000000000000000000000000000000000001e000000000000000000000000000000000000000000000000000000000000002600000000000000000000000000000000000000000000000000000000000000044a9059cbb000000000000000000000000f39fd6e51aad88f6f4ce6ab8827279cfffb92266000000000000000000000000000000000000000000000000002386f26fc10000000000000000000000000000000000000000000000000000000000000000000000000000000000000000000000000000000000000000000000000041b29ac123bedd65cc05a789ce51cd761e60dc801fd0594cfedce8baf006af7fc919b2a55ce2b7002d7247abcd113d02f9f75ced24bb5d792e466890b63ee2e1a91c0000000000000000000000000000000000000000000000000000000000000000000000000000000000000000000000000000000000000000000000000000600000000000000000000000000000000000000000000000000000000000000007000000000000000000000000f39fd6e51aad88f6f4ce6ab8827279cfffb922660000000000000000000000000000000000000000000000000000000000000001
    │   │   ├─ [3000] PRECOMPILE::ecrecover(0x81509726c0b4e8498734854f86890a5c452b2cf122aabfdc15d0cccd7e92bbb3, 28, 80785114496540765371518628958327691538179982847034706651794607366422802694089, 11623461284450385976745802860432178739081540356850431948058930954917017477545) [staticcall]
    │   │   │   └─ ← 0xf39fd6e51aad88f6f4ce6ab8827279cfffb92266
    │   │   ├─ [1479] metaLexGuard::checkTransaction(0xda10009cbd5d07dd0cecc66161fc93d7c9000da1, 0, 0xa9059cbb000000000000000000000000f39fd6e51aad88f6f4ce6ab8827279cfffb92266000000000000000000000000000000000000000000000000002386f26fc10000, 0, 0, 0, 0, 0x0000000000000000000000000000000000000000, 0x0000000000000000000000000000000000000000, 0xb29ac123bedd65cc05a789ce51cd761e60dc801fd0594cfedce8baf006af7fc919b2a55ce2b7002d7247abcd113d02f9f75ced24bb5d792e466890b63ee2e1a91c, 0xf39fd6e51aad88f6f4ce6ab8827279cfffb92266)
    │   │   │   ├─ [0] console::f5b1bba9(0000000000000000000000000000000000000000000000000000000000000044) [staticcall]
    │   │   │   │   └─ ← ()
    │   │   │   └─ ← "metaLexGuard_InvalidContract()"
    │   │   └─ ← 0xc0744311
    │   └─ ← 0xc0744311
    └─ ← "metaLexGuard_InvalidContract()"

[PASS] testFailOnAddThenRemoveRecepient() (gas: 366351)
Logs:
  68
  68
  68
  36
  68

Traces:
  [326551] ProjectTest::testFailOnAddThenRemoveRecepient()
    ├─ [7182] 0x2013…2d01::affed0e0() [staticcall]
    │   ├─ [2351] 0x3e5c…d36e::affed0e0() [delegatecall]
    │   │   └─ ← 0x0000000000000000000000000000000000000000000000000000000000000002
    │   └─ ← 0x0000000000000000000000000000000000000000000000000000000000000002
    ├─ [2828] 0x2013…2d01::e86637db(000000000000000000000000201308b728acb48413cd27ec60b4ffac074c2d010000000000000000000000000000000000000000000000000000000000000000000000000000000000000000000000000000000000000000000000000000014000000000000000000000000000000000000000000000000000000000000000000000000000000000000000000000000000000000000000000000000000000000000000000000000000000000000000000000000000000000000000000000000000000000000000000000000000000000000000000000000000000000000000000000000000000000000000000000000000000000000000000000000000000000000000000000000000000000000000000000000000000000000000000000000000000000000000000000000000000000000000000000000000000000000000020000000000000000000000000000000000000000000000000000000000000024e19a9dd9000000000000000000000000ce71065d4017f316ec606fe4422e11eb2c47c24600000000000000000000000000000000000000000000000000000000) [staticcall]
    │   ├─ [2413] 0x3e5c…d36e::e86637db(000000000000000000000000201308b728acb48413cd27ec60b4ffac074c2d010000000000000000000000000000000000000000000000000000000000000000000000000000000000000000000000000000000000000000000000000000014000000000000000000000000000000000000000000000000000000000000000000000000000000000000000000000000000000000000000000000000000000000000000000000000000000000000000000000000000000000000000000000000000000000000000000000000000000000000000000000000000000000000000000000000000000000000000000000000000000000000000000000000000000000000000000000000000000000000000000000000000000000000000000000000000000000000000000000000000000000000000000000000000000000000000020000000000000000000000000000000000000000000000000000000000000024e19a9dd9000000000000000000000000ce71065d4017f316ec606fe4422e11eb2c47c24600000000000000000000000000000000000000000000000000000000) [delegatecall]
    │   │   └─ ← 0x0000000000000000000000000000000000000000000000000000000000000020000000000000000000000000000000000000000000000000000000000000004219013082379441537f7c669024bbf5518aabfb75fd0a615d5a02cb086b71925b7557a72ea7c7694447ccfa7b7ac00cc3be38ef2fba20743e6c3b4eefb5d07bab4e84000000000000000000000000000000000000000000000000000000000000
    │   └─ ← 0x0000000000000000000000000000000000000000000000000000000000000020000000000000000000000000000000000000000000000000000000000000004219013082379441537f7c669024bbf5518aabfb75fd0a615d5a02cb086b71925b7557a72ea7c7694447ccfa7b7ac00cc3be38ef2fba20743e6c3b4eefb5d07bab4e84000000000000000000000000000000000000000000000000000000000000
    ├─ [0] VM::sign(77814517325470205911140941194401928579557062014761831930645393041380819009408, 0xdd0332c8c18ba2353f568b3c9148035fcde33540036f1be239c542683ef374f6) [staticcall]
    │   └─ ← 28, 0xb2715784dfcb6a7f50edbeb952e35bf3af7b9490f672bdcca87b8a315f1013fc, 0x117b3b1cd34ff1f3235233c74d0aa044a460501c62b57193cb2c7dc1f28c6b0f
    ├─ [0] VM::prank(0xf39fd6e51aad88f6f4ce6ab8827279cfffb92266)
    │   └─ ← ()
    ├─ [48720] 0x2013…2d01::6a761202(000000000000000000000000201308b728acb48413cd27ec60b4ffac074c2d010000000000000000000000000000000000000000000000000000000000000000000000000000000000000000000000000000000000000000000000000000014000000000000000000000000000000000000000000000000000000000000000000000000000000000000000000000000000000000000000000000000000000000000000000000000000000000000000000000000000000000000000000000000000000000000000000000000000000000000000000000000000000000000000000000000000000000000000000000000000000000000000000000000000000000000000000000000000000000000000000000000000000000000000000000000000000000000000000000000000000000000000000000000000000000000001a00000000000000000000000000000000000000000000000000000000000000024e19a9dd9000000000000000000000000ce71065d4017f316ec606fe4422e11eb2c47c246000000000000000000000000000000000000000000000000000000000000000000000000000000000000000000000000000000000000000000000041b2715784dfcb6a7f50edbeb952e35bf3af7b9490f672bdcca87b8a315f1013fc117b3b1cd34ff1f3235233c74d0aa044a460501c62b57193cb2c7dc1f28c6b0f1c00000000000000000000000000000000000000000000000000000000000000)
    │   ├─ [48293] 0x3e5c…d36e::6a761202(000000000000000000000000201308b728acb48413cd27ec60b4ffac074c2d010000000000000000000000000000000000000000000000000000000000000000000000000000000000000000000000000000000000000000000000000000014000000000000000000000000000000000000000000000000000000000000000000000000000000000000000000000000000000000000000000000000000000000000000000000000000000000000000000000000000000000000000000000000000000000000000000000000000000000000000000000000000000000000000000000000000000000000000000000000000000000000000000000000000000000000000000000000000000000000000000000000000000000000000000000000000000000000000000000000000000000000000000000000000000000000001a00000000000000000000000000000000000000000000000000000000000000024e19a9dd9000000000000000000000000ce71065d4017f316ec606fe4422e11eb2c47c246000000000000000000000000000000000000000000000000000000000000000000000000000000000000000000000000000000000000000000000041b2715784dfcb6a7f50edbeb952e35bf3af7b9490f672bdcca87b8a315f1013fc117b3b1cd34ff1f3235233c74d0aa044a460501c62b57193cb2c7dc1f28c6b0f1c00000000000000000000000000000000000000000000000000000000000000) [delegatecall]
    │   │   ├─  emit topic 0: 0x66753cd2356569ee081232e3be8909b950e0a76c1f8460c3a5e3c2be32b11bed
    │   │   │           data: 0x000000000000000000000000201308b728acb48413cd27ec60b4ffac074c2d010000000000000000000000000000000000000000000000000000000000000000000000000000000000000000000000000000000000000000000000000000016000000000000000000000000000000000000000000000000000000000000000000000000000000000000000000000000000000000000000000000000000000000000000000000000000000000000000000000000000000000000000000000000000000000000000000000000000000000000000000000000000000000000000000000000000000000000000000000000000000000000000000000000000000000000000000000000000000000000000000000000000000000000000000000000000000000000000000000000000000000000000000000000000000000000001c000000000000000000000000000000000000000000000000000000000000002400000000000000000000000000000000000000000000000000000000000000024e19a9dd9000000000000000000000000ce71065d4017f316ec606fe4422e11eb2c47c246000000000000000000000000000000000000000000000000000000000000000000000000000000000000000000000000000000000000000000000041b2715784dfcb6a7f50edbeb952e35bf3af7b9490f672bdcca87b8a315f1013fc117b3b1cd34ff1f3235233c74d0aa044a460501c62b57193cb2c7dc1f28c6b0f1c0000000000000000000000000000000000000000000000000000000000000000000000000000000000000000000000000000000000000000000000000000600000000000000000000000000000000000000000000000000000000000000002000000000000000000000000f39fd6e51aad88f6f4ce6ab8827279cfffb922660000000000000000000000000000000000000000000000000000000000000001
    │   │   ├─ [3000] PRECOMPILE::ecrecover(0xdd0332c8c18ba2353f568b3c9148035fcde33540036f1be239c542683ef374f6, 28, 80711944800354826935609854279394083545176852230082238326013572508475636847612, 7907048595050018253709748460485820367277202979268491663054667203840605711119) [staticcall]
    │   │   │   └─ ← 0xf39fd6e51aad88f6f4ce6ab8827279cfffb92266
    │   │   ├─ [21765] 0x2013…2d01::e19a9dd9(000000000000000000000000ce71065d4017f316ec606fe4422e11eb2c47c246)
    │   │   │   ├─ [21434] 0x3e5c…d36e::e19a9dd9(000000000000000000000000ce71065d4017f316ec606fe4422e11eb2c47c246) [delegatecall]
    │   │   │   │   ├─  emit topic 0: 0x1151116914515bc0891ff9047a6cb32cf902546f83066499bcf8ba33d2353fa2
    │   │   │   │   │           data: 0x000000000000000000000000ce71065d4017f316ec606fe4422e11eb2c47c246
    │   │   │   │   └─ ← ()
    │   │   │   └─ ← ()
    │   │   ├─  emit topic 0: 0x442e715f626346e8c54381002da614f62bee8d27386535b2521ec8540898556e
    │   │   │           data: 0xdd0332c8c18ba2353f568b3c9148035fcde33540036f1be239c542683ef374f60000000000000000000000000000000000000000000000000000000000000000
    │   │   └─ ← 0x0000000000000000000000000000000000000000000000000000000000000001
    │   └─ ← 0x0000000000000000000000000000000000000000000000000000000000000001
    ├─ [682] 0x2013…2d01::affed0e0() [staticcall]
    │   ├─ [351] 0x3e5c…d36e::affed0e0() [delegatecall]
    │   │   └─ ← 0x0000000000000000000000000000000000000000000000000000000000000003
    │   └─ ← 0x0000000000000000000000000000000000000000000000000000000000000003
    ├─ [2843] 0x2013…2d01::e86637db(000000000000000000000000ce71065d4017f316ec606fe4422e11eb2c47c2460000000000000000000000000000000000000000000000000000000000000000000000000000000000000000000000000000000000000000000000000000014000000000000000000000000000000000000000000000000000000000000000000000000000000000000000000000000000000000000000000000000000000000000000000000000000000000000000000000000000000000000000000000000000000000000000000000000000000000000000000000000000000000000000000000000000000000000000000000000000000000000000000000000000000000000000000000000000000000000000000000000000000000000000000000000000000000000000000000000000000000000000000000000000000000000000030000000000000000000000000000000000000000000000000000000000000044b5522e89000000000000000000000000da10009cbd5d07dd0cecc66161fc93d7c9000da1000000000000000000000000000000000000000000000000002386f26fc1000000000000000000000000000000000000000000000000000000000000) [staticcall]
    │   ├─ [2422] 0x3e5c…d36e::e86637db(000000000000000000000000ce71065d4017f316ec606fe4422e11eb2c47c2460000000000000000000000000000000000000000000000000000000000000000000000000000000000000000000000000000000000000000000000000000014000000000000000000000000000000000000000000000000000000000000000000000000000000000000000000000000000000000000000000000000000000000000000000000000000000000000000000000000000000000000000000000000000000000000000000000000000000000000000000000000000000000000000000000000000000000000000000000000000000000000000000000000000000000000000000000000000000000000000000000000000000000000000000000000000000000000000000000000000000000000000000000000000000000000000030000000000000000000000000000000000000000000000000000000000000044b5522e89000000000000000000000000da10009cbd5d07dd0cecc66161fc93d7c9000da1000000000000000000000000000000000000000000000000002386f26fc1000000000000000000000000000000000000000000000000000000000000) [delegatecall]
    │   │   └─ ← 0x0000000000000000000000000000000000000000000000000000000000000020000000000000000000000000000000000000000000000000000000000000004219013082379441537f7c669024bbf5518aabfb75fd0a615d5a02cb086b71925b7557477dcf89e41929312a776681fa46f66497bdd9faa62152da5ffad65489d51136000000000000000000000000000000000000000000000000000000000000
    │   └─ ← 0x0000000000000000000000000000000000000000000000000000000000000020000000000000000000000000000000000000000000000000000000000000004219013082379441537f7c669024bbf5518aabfb75fd0a615d5a02cb086b71925b7557477dcf89e41929312a776681fa46f66497bdd9faa62152da5ffad65489d51136000000000000000000000000000000000000000000000000000000000000
    ├─ [0] VM::sign(77814517325470205911140941194401928579557062014761831930645393041380819009408, 0x9a522c2fd16029e9d196be73024d08360fdb11c44815399b9ef8e67444db8d0b) [staticcall]
    │   └─ ← 27, 0xae4cc99bc40f2b725fd6a23237c187f0655fa4a1a0eaa26a2088374b8e03ca3e, 0x3a2f634fbbcf2be857d8d10cee83ada1a5986d74ec1b7b18d6afdfdac129e162
    ├─ [0] VM::prank(0xf39fd6e51aad88f6f4ce6ab8827279cfffb92266)
    │   └─ ← ()
    ├─ [76141] 0x2013…2d01::6a761202(000000000000000000000000ce71065d4017f316ec606fe4422e11eb2c47c2460000000000000000000000000000000000000000000000000000000000000000000000000000000000000000000000000000000000000000000000000000014000000000000000000000000000000000000000000000000000000000000000000000000000000000000000000000000000000000000000000000000000000000000000000000000000000000000000000000000000000000000000000000000000000000000000000000000000000000000000000000000000000000000000000000000000000000000000000000000000000000000000000000000000000000000000000000000000000000000000000000000000000000000000000000000000000000000000000000000000000000000000000000000000000000000001c00000000000000000000000000000000000000000000000000000000000000044b5522e89000000000000000000000000da10009cbd5d07dd0cecc66161fc93d7c9000da1000000000000000000000000000000000000000000000000002386f26fc10000000000000000000000000000000000000000000000000000000000000000000000000000000000000000000000000000000000000000000000000041ae4cc99bc40f2b725fd6a23237c187f0655fa4a1a0eaa26a2088374b8e03ca3e3a2f634fbbcf2be857d8d10cee83ada1a5986d74ec1b7b18d6afdfdac129e1621b00000000000000000000000000000000000000000000000000000000000000)
    │   ├─ [75708] 0x3e5c…d36e::6a761202(000000000000000000000000ce71065d4017f316ec606fe4422e11eb2c47c2460000000000000000000000000000000000000000000000000000000000000000000000000000000000000000000000000000000000000000000000000000014000000000000000000000000000000000000000000000000000000000000000000000000000000000000000000000000000000000000000000000000000000000000000000000000000000000000000000000000000000000000000000000000000000000000000000000000000000000000000000000000000000000000000000000000000000000000000000000000000000000000000000000000000000000000000000000000000000000000000000000000000000000000000000000000000000000000000000000000000000000000000000000000000000000000001c00000000000000000000000000000000000000000000000000000000000000044b5522e89000000000000000000000000da10009cbd5d07dd0cecc66161fc93d7c9000da1000000000000000000000000000000000000000000000000002386f26fc10000000000000000000000000000000000000000000000000000000000000000000000000000000000000000000000000000000000000000000000000041ae4cc99bc40f2b725fd6a23237c187f0655fa4a1a0eaa26a2088374b8e03ca3e3a2f634fbbcf2be857d8d10cee83ada1a5986d74ec1b7b18d6afdfdac129e1621b00000000000000000000000000000000000000000000000000000000000000) [delegatecall]
    │   │   ├─  emit topic 0: 0x66753cd2356569ee081232e3be8909b950e0a76c1f8460c3a5e3c2be32b11bed
    │   │   │           data: 0x000000000000000000000000ce71065d4017f316ec606fe4422e11eb2c47c2460000000000000000000000000000000000000000000000000000000000000000000000000000000000000000000000000000000000000000000000000000016000000000000000000000000000000000000000000000000000000000000000000000000000000000000000000000000000000000000000000000000000000000000000000000000000000000000000000000000000000000000000000000000000000000000000000000000000000000000000000000000000000000000000000000000000000000000000000000000000000000000000000000000000000000000000000000000000000000000000000000000000000000000000000000000000000000000000000000000000000000000000000000000000000000000001e000000000000000000000000000000000000000000000000000000000000002600000000000000000000000000000000000000000000000000000000000000044b5522e89000000000000000000000000da10009cbd5d07dd0cecc66161fc93d7c9000da1000000000000000000000000000000000000000000000000002386f26fc10000000000000000000000000000000000000000000000000000000000000000000000000000000000000000000000000000000000000000000000000041ae4cc99bc40f2b725fd6a23237c187f0655fa4a1a0eaa26a2088374b8e03ca3e3a2f634fbbcf2be857d8d10cee83ada1a5986d74ec1b7b18d6afdfdac129e1621b0000000000000000000000000000000000000000000000000000000000000000000000000000000000000000000000000000000000000000000000000000600000000000000000000000000000000000000000000000000000000000000003000000000000000000000000f39fd6e51aad88f6f4ce6ab8827279cfffb922660000000000000000000000000000000000000000000000000000000000000001
    │   │   ├─ [3000] PRECOMPILE::ecrecover(0x9a522c2fd16029e9d196be73024d08360fdb11c44815399b9ef8e67444db8d0b, 27, 78838107480866396723079792163342678248580933373626358456202948049319227542078, 26317872452376777519497788862344611457169169098245007896485348869350837838178) [staticcall]
    │   │   │   └─ ← 0xf39fd6e51aad88f6f4ce6ab8827279cfffb92266
    │   │   ├─ [6101] metaLexGuard::checkTransaction(metaLexGuard: [0xce71065d4017f316ec606fe4422e11eb2c47c246], 0, 0xb5522e89000000000000000000000000da10009cbd5d07dd0cecc66161fc93d7c9000da1000000000000000000000000000000000000000000000000002386f26fc10000, 0, 0, 0, 0, 0x0000000000000000000000000000000000000000, 0x0000000000000000000000000000000000000000, 0xae4cc99bc40f2b725fd6a23237c187f0655fa4a1a0eaa26a2088374b8e03ca3e3a2f634fbbcf2be857d8d10cee83ada1a5986d74ec1b7b18d6afdfdac129e1621b, 0xf39fd6e51aad88f6f4ce6ab8827279cfffb92266)
    │   │   │   ├─ [0] console::f5b1bba9(0000000000000000000000000000000000000000000000000000000000000044) [staticcall]
    │   │   │   │   └─ ← ()
    │   │   │   └─ ← ()
    │   │   ├─ [47074] metaLexGuard::addContract(0xda10009cbd5d07dd0cecc66161fc93d7c9000da1, 10000000000000000)
    │   │   │   └─ ← ()
    │   │   ├─  emit topic 0: 0x442e715f626346e8c54381002da614f62bee8d27386535b2521ec8540898556e
    │   │   │           data: 0x9a522c2fd16029e9d196be73024d08360fdb11c44815399b9ef8e67444db8d0b0000000000000000000000000000000000000000000000000000000000000000
    │   │   ├─ [379] metaLexGuard::checkAfterExecution(0x9a522c2fd16029e9d196be73024d08360fdb11c44815399b9ef8e67444db8d0b, true)
    │   │   │   └─ ← ()
    │   │   └─ ← 0x0000000000000000000000000000000000000000000000000000000000000001
    │   └─ ← 0x0000000000000000000000000000000000000000000000000000000000000001
    ├─ [682] 0x2013…2d01::affed0e0() [staticcall]
    │   ├─ [351] 0x3e5c…d36e::affed0e0() [delegatecall]
    │   │   └─ ← 0x0000000000000000000000000000000000000000000000000000000000000004
    │   └─ ← 0x0000000000000000000000000000000000000000000000000000000000000004
    ├─ [2843] 0x2013…2d01::e86637db(000000000000000000000000ce71065d4017f316ec606fe4422e11eb2c47c24600000000000000000000000000000000000000000000000000000000000000000000000000000000000000000000000000000000000000000000000000000140000000000000000000000000000000000000000000000000000000000000000000000000000000000000000000000000000000000000000000000000000000000000000000000000000000000000000000000000000000000000000000000000000000000000000000000000000000000000000000000000000000000000000000000000000000000000000000000000000000000000000000000000000000000000000000000000000000000000000000000000000000000000000000000000000000000000000000000000000000000000000000000000000000000000000400000000000000000000000000000000000000000000000000000000000000446915d647000000000000000000000000f39fd6e51aad88f6f4ce6ab8827279cfffb92266000000000000000000000000000000000000000000000000002386f26fc1000000000000000000000000000000000000000000000000000000000000) [staticcall]
    │   ├─ [2422] 0x3e5c…d36e::e86637db(000000000000000000000000ce71065d4017f316ec606fe4422e11eb2c47c24600000000000000000000000000000000000000000000000000000000000000000000000000000000000000000000000000000000000000000000000000000140000000000000000000000000000000000000000000000000000000000000000000000000000000000000000000000000000000000000000000000000000000000000000000000000000000000000000000000000000000000000000000000000000000000000000000000000000000000000000000000000000000000000000000000000000000000000000000000000000000000000000000000000000000000000000000000000000000000000000000000000000000000000000000000000000000000000000000000000000000000000000000000000000000000000000400000000000000000000000000000000000000000000000000000000000000446915d647000000000000000000000000f39fd6e51aad88f6f4ce6ab8827279cfffb92266000000000000000000000000000000000000000000000000002386f26fc1000000000000000000000000000000000000000000000000000000000000) [delegatecall]
    │   │   └─ ← 0x0000000000000000000000000000000000000000000000000000000000000020000000000000000000000000000000000000000000000000000000000000004219013082379441537f7c669024bbf5518aabfb75fd0a615d5a02cb086b71925b7557ad3ffee42678ac77469b62044f33d29bc5f725580075051af7efdc25b57f2f3a000000000000000000000000000000000000000000000000000000000000
    │   └─ ← 0x0000000000000000000000000000000000000000000000000000000000000020000000000000000000000000000000000000000000000000000000000000004219013082379441537f7c669024bbf5518aabfb75fd0a615d5a02cb086b71925b7557ad3ffee42678ac77469b62044f33d29bc5f725580075051af7efdc25b57f2f3a000000000000000000000000000000000000000000000000000000000000
    ├─ [0] VM::sign(77814517325470205911140941194401928579557062014761831930645393041380819009408, 0x854d81fc11e75b9e6150734d4b31300ef7a0f771c4aeb8a8c170ab37933cb063) [staticcall]
    │   └─ ← 27, 0x9304735667daac3bde0c359ff9e91b285064626da881d0958f786a4634e15b56, 0x77e6b4d0051fd1bf0816f880308c03d565eeb0ca29406a5b09f449535e2bcc43
    ├─ [0] VM::prank(0xf39fd6e51aad88f6f4ce6ab8827279cfffb92266)
    │   └─ ← ()
    ├─ [67031] 0x2013…2d01::6a761202(000000000000000000000000ce71065d4017f316ec606fe4422e11eb2c47c2460000000000000000000000000000000000000000000000000000000000000000000000000000000000000000000000000000000000000000000000000000014000000000000000000000000000000000000000000000000000000000000000000000000000000000000000000000000000000000000000000000000000000000000000000000000000000000000000000000000000000000000000000000000000000000000000000000000000000000000000000000000000000000000000000000000000000000000000000000000000000000000000000000000000000000000000000000000000000000000000000000000000000000000000000000000000000000000000000000000000000000000000000000000000000000000001c000000000000000000000000000000000000000000000000000000000000000446915d647000000000000000000000000f39fd6e51aad88f6f4ce6ab8827279cfffb92266000000000000000000000000000000000000000000000000002386f26fc100000000000000000000000000000000000000000000000000000000000000000000000000000000000000000000000000000000000000000000000000419304735667daac3bde0c359ff9e91b285064626da881d0958f786a4634e15b5677e6b4d0051fd1bf0816f880308c03d565eeb0ca29406a5b09f449535e2bcc431b00000000000000000000000000000000000000000000000000000000000000)
    │   ├─ [66598] 0x3e5c…d36e::6a761202(000000000000000000000000ce71065d4017f316ec606fe4422e11eb2c47c2460000000000000000000000000000000000000000000000000000000000000000000000000000000000000000000000000000000000000000000000000000014000000000000000000000000000000000000000000000000000000000000000000000000000000000000000000000000000000000000000000000000000000000000000000000000000000000000000000000000000000000000000000000000000000000000000000000000000000000000000000000000000000000000000000000000000000000000000000000000000000000000000000000000000000000000000000000000000000000000000000000000000000000000000000000000000000000000000000000000000000000000000000000000000000000000001c000000000000000000000000000000000000000000000000000000000000000446915d647000000000000000000000000f39fd6e51aad88f6f4ce6ab8827279cfffb92266000000000000000000000000000000000000000000000000002386f26fc100000000000000000000000000000000000000000000000000000000000000000000000000000000000000000000000000000000000000000000000000419304735667daac3bde0c359ff9e91b285064626da881d0958f786a4634e15b5677e6b4d0051fd1bf0816f880308c03d565eeb0ca29406a5b09f449535e2bcc431b00000000000000000000000000000000000000000000000000000000000000) [delegatecall]
    │   │   ├─  emit topic 0: 0x66753cd2356569ee081232e3be8909b950e0a76c1f8460c3a5e3c2be32b11bed
    │   │   │           data: 0x000000000000000000000000ce71065d4017f316ec606fe4422e11eb2c47c2460000000000000000000000000000000000000000000000000000000000000000000000000000000000000000000000000000000000000000000000000000016000000000000000000000000000000000000000000000000000000000000000000000000000000000000000000000000000000000000000000000000000000000000000000000000000000000000000000000000000000000000000000000000000000000000000000000000000000000000000000000000000000000000000000000000000000000000000000000000000000000000000000000000000000000000000000000000000000000000000000000000000000000000000000000000000000000000000000000000000000000000000000000000000000000000001e0000000000000000000000000000000000000000000000000000000000000026000000000000000000000000000000000000000000000000000000000000000446915d647000000000000000000000000f39fd6e51aad88f6f4ce6ab8827279cfffb92266000000000000000000000000000000000000000000000000002386f26fc100000000000000000000000000000000000000000000000000000000000000000000000000000000000000000000000000000000000000000000000000419304735667daac3bde0c359ff9e91b285064626da881d0958f786a4634e15b5677e6b4d0051fd1bf0816f880308c03d565eeb0ca29406a5b09f449535e2bcc431b0000000000000000000000000000000000000000000000000000000000000000000000000000000000000000000000000000000000000000000000000000600000000000000000000000000000000000000000000000000000000000000004000000000000000000000000f39fd6e51aad88f6f4ce6ab8827279cfffb922660000000000000000000000000000000000000000000000000000000000000001
    │   │   ├─ [3000] PRECOMPILE::ecrecover(0x854d81fc11e75b9e6150734d4b31300ef7a0f771c4aeb8a8c170ab37933cb063, 27, 66497852160321689727360166565843500983110586093217717677128839456936909953878, 54232851728858708848882615488502233010819650316540664670114413133695363566659) [staticcall]
    │   │   │   └─ ← 0xf39fd6e51aad88f6f4ce6ab8827279cfffb92266
    │   │   ├─ [1601] metaLexGuard::checkTransaction(metaLexGuard: [0xce71065d4017f316ec606fe4422e11eb2c47c246], 0, 0x6915d647000000000000000000000000f39fd6e51aad88f6f4ce6ab8827279cfffb92266000000000000000000000000000000000000000000000000002386f26fc10000, 0, 0, 0, 0, 0x0000000000000000000000000000000000000000, 0x0000000000000000000000000000000000000000, 0x9304735667daac3bde0c359ff9e91b285064626da881d0958f786a4634e15b5677e6b4d0051fd1bf0816f880308c03d565eeb0ca29406a5b09f449535e2bcc431b, 0xf39fd6e51aad88f6f4ce6ab8827279cfffb92266)
    │   │   │   ├─ [0] console::f5b1bba9(0000000000000000000000000000000000000000000000000000000000000044) [staticcall]
    │   │   │   │   └─ ← ()
    │   │   │   └─ ← ()
    │   │   ├─ [44964] metaLexGuard::addRecepient(0xf39fd6e51aad88f6f4ce6ab8827279cfffb92266, 10000000000000000)
    │   │   │   └─ ← ()
    │   │   ├─  emit topic 0: 0x442e715f626346e8c54381002da614f62bee8d27386535b2521ec8540898556e
    │   │   │           data: 0x854d81fc11e75b9e6150734d4b31300ef7a0f771c4aeb8a8c170ab37933cb0630000000000000000000000000000000000000000000000000000000000000000
    │   │   ├─ [379] metaLexGuard::checkAfterExecution(0x854d81fc11e75b9e6150734d4b31300ef7a0f771c4aeb8a8c170ab37933cb063, true)
    │   │   │   └─ ← ()
    │   │   └─ ← 0x0000000000000000000000000000000000000000000000000000000000000001
    │   └─ ← 0x0000000000000000000000000000000000000000000000000000000000000001
    ├─ [682] 0x2013…2d01::affed0e0() [staticcall]
    │   ├─ [351] 0x3e5c…d36e::affed0e0() [delegatecall]
    │   │   └─ ← 0x0000000000000000000000000000000000000000000000000000000000000005
    │   └─ ← 0x0000000000000000000000000000000000000000000000000000000000000005
    ├─ [2843] 0x2013…2d01::e86637db(000000000000000000000000da10009cbd5d07dd0cecc66161fc93d7c9000da10000000000000000000000000000000000000000000000000000000000000000000000000000000000000000000000000000000000000000000000000000014000000000000000000000000000000000000000000000000000000000000000000000000000000000000000000000000000000000000000000000000000000000000000000000000000000000000000000000000000000000000000000000000000000000000000000000000000000000000000000000000000000000000000000000000000000000000000000000000000000000000000000000000000000000000000000000000000000000000000000000000000000000000000000000000000000000000000000000000000000000000000000000000000000000000000050000000000000000000000000000000000000000000000000000000000000044a9059cbb000000000000000000000000f39fd6e51aad88f6f4ce6ab8827279cfffb92266000000000000000000000000000000000000000000000000002386f26fc1000000000000000000000000000000000000000000000000000000000000) [staticcall]
    │   ├─ [2422] 0x3e5c…d36e::e86637db(000000000000000000000000da10009cbd5d07dd0cecc66161fc93d7c9000da10000000000000000000000000000000000000000000000000000000000000000000000000000000000000000000000000000000000000000000000000000014000000000000000000000000000000000000000000000000000000000000000000000000000000000000000000000000000000000000000000000000000000000000000000000000000000000000000000000000000000000000000000000000000000000000000000000000000000000000000000000000000000000000000000000000000000000000000000000000000000000000000000000000000000000000000000000000000000000000000000000000000000000000000000000000000000000000000000000000000000000000000000000000000000000000000050000000000000000000000000000000000000000000000000000000000000044a9059cbb000000000000000000000000f39fd6e51aad88f6f4ce6ab8827279cfffb92266000000000000000000000000000000000000000000000000002386f26fc1000000000000000000000000000000000000000000000000000000000000) [delegatecall]
    │   │   └─ ← 0x0000000000000000000000000000000000000000000000000000000000000020000000000000000000000000000000000000000000000000000000000000004219013082379441537f7c669024bbf5518aabfb75fd0a615d5a02cb086b71925b755727963ebf878de1becb6917f07bc038e31e58c82f2741591e7da085c63269ec84000000000000000000000000000000000000000000000000000000000000
    │   └─ ← 0x0000000000000000000000000000000000000000000000000000000000000020000000000000000000000000000000000000000000000000000000000000004219013082379441537f7c669024bbf5518aabfb75fd0a615d5a02cb086b71925b755727963ebf878de1becb6917f07bc038e31e58c82f2741591e7da085c63269ec84000000000000000000000000000000000000000000000000000000000000
    ├─ [0] VM::sign(77814517325470205911140941194401928579557062014761831930645393041380819009408, 0x2f29a5e5f102b868245fe445aa1e5ae6f790e835ab3413bf3e2eb5dba1fc1fda) [staticcall]
    │   └─ ← 27, 0x8874d0e5cbdaf7a1755e58714494684cb415c86d936e67b27489649bc53eafb0, 0x6732c982786e53bf8e7bd99a34fa54cb01efb3e62bec29b3702d08a56efe3511
    ├─ [0] VM::prank(0xf39fd6e51aad88f6f4ce6ab8827279cfffb92266)
    │   └─ ← ()
    ├─ [54932] 0x2013…2d01::6a761202(000000000000000000000000da10009cbd5d07dd0cecc66161fc93d7c9000da10000000000000000000000000000000000000000000000000000000000000000000000000000000000000000000000000000000000000000000000000000014000000000000000000000000000000000000000000000000000000000000000000000000000000000000000000000000000000000000000000000000000000000000000000000000000000000000000000000000000000000000000000000000000000000000000000000000000000000000000000000000000000000000000000000000000000000000000000000000000000000000000000000000000000000000000000000000000000000000000000000000000000000000000000000000000000000000000000000000000000000000000000000000000000000000001c00000000000000000000000000000000000000000000000000000000000000044a9059cbb000000000000000000000000f39fd6e51aad88f6f4ce6ab8827279cfffb92266000000000000000000000000000000000000000000000000002386f26fc100000000000000000000000000000000000000000000000000000000000000000000000000000000000000000000000000000000000000000000000000418874d0e5cbdaf7a1755e58714494684cb415c86d936e67b27489649bc53eafb06732c982786e53bf8e7bd99a34fa54cb01efb3e62bec29b3702d08a56efe35111b00000000000000000000000000000000000000000000000000000000000000)
    │   ├─ [54499] 0x3e5c…d36e::6a761202(000000000000000000000000da10009cbd5d07dd0cecc66161fc93d7c9000da10000000000000000000000000000000000000000000000000000000000000000000000000000000000000000000000000000000000000000000000000000014000000000000000000000000000000000000000000000000000000000000000000000000000000000000000000000000000000000000000000000000000000000000000000000000000000000000000000000000000000000000000000000000000000000000000000000000000000000000000000000000000000000000000000000000000000000000000000000000000000000000000000000000000000000000000000000000000000000000000000000000000000000000000000000000000000000000000000000000000000000000000000000000000000000000001c00000000000000000000000000000000000000000000000000000000000000044a9059cbb000000000000000000000000f39fd6e51aad88f6f4ce6ab8827279cfffb92266000000000000000000000000000000000000000000000000002386f26fc100000000000000000000000000000000000000000000000000000000000000000000000000000000000000000000000000000000000000000000000000418874d0e5cbdaf7a1755e58714494684cb415c86d936e67b27489649bc53eafb06732c982786e53bf8e7bd99a34fa54cb01efb3e62bec29b3702d08a56efe35111b00000000000000000000000000000000000000000000000000000000000000) [delegatecall]
    │   │   ├─  emit topic 0: 0x66753cd2356569ee081232e3be8909b950e0a76c1f8460c3a5e3c2be32b11bed
    │   │   │           data: 0x000000000000000000000000da10009cbd5d07dd0cecc66161fc93d7c9000da10000000000000000000000000000000000000000000000000000000000000000000000000000000000000000000000000000000000000000000000000000016000000000000000000000000000000000000000000000000000000000000000000000000000000000000000000000000000000000000000000000000000000000000000000000000000000000000000000000000000000000000000000000000000000000000000000000000000000000000000000000000000000000000000000000000000000000000000000000000000000000000000000000000000000000000000000000000000000000000000000000000000000000000000000000000000000000000000000000000000000000000000000000000000000000000001e000000000000000000000000000000000000000000000000000000000000002600000000000000000000000000000000000000000000000000000000000000044a9059cbb000000000000000000000000f39fd6e51aad88f6f4ce6ab8827279cfffb92266000000000000000000000000000000000000000000000000002386f26fc100000000000000000000000000000000000000000000000000000000000000000000000000000000000000000000000000000000000000000000000000418874d0e5cbdaf7a1755e58714494684cb415c86d936e67b27489649bc53eafb06732c982786e53bf8e7bd99a34fa54cb01efb3e62bec29b3702d08a56efe35111b0000000000000000000000000000000000000000000000000000000000000000000000000000000000000000000000000000000000000000000000000000600000000000000000000000000000000000000000000000000000000000000005000000000000000000000000f39fd6e51aad88f6f4ce6ab8827279cfffb922660000000000000000000000000000000000000000000000000000000000000001
    │   │   ├─ [3000] PRECOMPILE::ecrecover(0x2f29a5e5f102b868245fe445aa1e5ae6f790e835ab3413bf3e2eb5dba1fc1fda, 27, 61720943425374913750047341854799528243455206870892477325425574085911912558512, 46677956525806989805666993935255386450809763592220124417825540526358650565905) [staticcall]
    │   │   │   └─ ← 0xf39fd6e51aad88f6f4ce6ab8827279cfffb92266
    │   │   ├─ [2306] metaLexGuard::checkTransaction(0xda10009cbd5d07dd0cecc66161fc93d7c9000da1, 0, 0xa9059cbb000000000000000000000000f39fd6e51aad88f6f4ce6ab8827279cfffb92266000000000000000000000000000000000000000000000000002386f26fc10000, 0, 0, 0, 0, 0x0000000000000000000000000000000000000000, 0x0000000000000000000000000000000000000000, 0x8874d0e5cbdaf7a1755e58714494684cb415c86d936e67b27489649bc53eafb06732c982786e53bf8e7bd99a34fa54cb01efb3e62bec29b3702d08a56efe35111b, 0xf39fd6e51aad88f6f4ce6ab8827279cfffb92266)
    │   │   │   ├─ [0] console::f5b1bba9(0000000000000000000000000000000000000000000000000000000000000044) [staticcall]
    │   │   │   │   └─ ← ()
    │   │   │   └─ ← ()
    │   │   ├─ [29660] 0xda10…0da1::a9059cbb(000000000000000000000000f39fd6e51aad88f6f4ce6ab8827279cfffb92266000000000000000000000000000000000000000000000000002386f26fc10000)
    │   │   │   ├─  emit topic 0: 0xddf252ad1be2c89b69c2b068fc378daa952ba7f163c4a11628f55a4df523b3ef
    │   │   │   │       topic 1: 0x000000000000000000000000201308b728acb48413cd27ec60b4ffac074c2d01
    │   │   │   │       topic 2: 0x000000000000000000000000f39fd6e51aad88f6f4ce6ab8827279cfffb92266
    │   │   │   │           data: 0x000000000000000000000000000000000000000000000000002386f26fc10000
    │   │   │   └─ ← 0x0000000000000000000000000000000000000000000000000000000000000001
    │   │   ├─  emit topic 0: 0x442e715f626346e8c54381002da614f62bee8d27386535b2521ec8540898556e
    │   │   │           data: 0x2f29a5e5f102b868245fe445aa1e5ae6f790e835ab3413bf3e2eb5dba1fc1fda0000000000000000000000000000000000000000000000000000000000000000
    │   │   ├─ [379] metaLexGuard::checkAfterExecution(0x2f29a5e5f102b868245fe445aa1e5ae6f790e835ab3413bf3e2eb5dba1fc1fda, true)
    │   │   │   └─ ← ()
    │   │   └─ ← 0x0000000000000000000000000000000000000000000000000000000000000001
    │   └─ ← 0x0000000000000000000000000000000000000000000000000000000000000001
    ├─ [682] 0x2013…2d01::affed0e0() [staticcall]
    │   ├─ [351] 0x3e5c…d36e::affed0e0() [delegatecall]
    │   │   └─ ← 0x0000000000000000000000000000000000000000000000000000000000000006
    │   └─ ← 0x0000000000000000000000000000000000000000000000000000000000000006
    ├─ [2828] 0x2013…2d01::e86637db(000000000000000000000000ce71065d4017f316ec606fe4422e11eb2c47c2460000000000000000000000000000000000000000000000000000000000000000000000000000000000000000000000000000000000000000000000000000014000000000000000000000000000000000000000000000000000000000000000000000000000000000000000000000000000000000000000000000000000000000000000000000000000000000000000000000000000000000000000000000000000000000000000000000000000000000000000000000000000000000000000000000000000000000000000000000000000000000000000000000000000000000000000000000000000000000000000000000000000000000000000000000000000000000000000000000000000000000000000000000000000000000000000060000000000000000000000000000000000000000000000000000000000000024e22f0a59000000000000000000000000f39fd6e51aad88f6f4ce6ab8827279cfffb9226600000000000000000000000000000000000000000000000000000000) [staticcall]
    │   ├─ [2413] 0x3e5c…d36e::e86637db(000000000000000000000000ce71065d4017f316ec606fe4422e11eb2c47c2460000000000000000000000000000000000000000000000000000000000000000000000000000000000000000000000000000000000000000000000000000014000000000000000000000000000000000000000000000000000000000000000000000000000000000000000000000000000000000000000000000000000000000000000000000000000000000000000000000000000000000000000000000000000000000000000000000000000000000000000000000000000000000000000000000000000000000000000000000000000000000000000000000000000000000000000000000000000000000000000000000000000000000000000000000000000000000000000000000000000000000000000000000000000000000000000060000000000000000000000000000000000000000000000000000000000000024e22f0a59000000000000000000000000f39fd6e51aad88f6f4ce6ab8827279cfffb9226600000000000000000000000000000000000000000000000000000000) [delegatecall]
    │   │   └─ ← 0x0000000000000000000000000000000000000000000000000000000000000020000000000000000000000000000000000000000000000000000000000000004219013082379441537f7c669024bbf5518aabfb75fd0a615d5a02cb086b71925b75570114701f923c168e1edf95fef660ef29eb6f3142386b591693fcbaed25d31ee7000000000000000000000000000000000000000000000000000000000000
    │   └─ ← 0x0000000000000000000000000000000000000000000000000000000000000020000000000000000000000000000000000000000000000000000000000000004219013082379441537f7c669024bbf5518aabfb75fd0a615d5a02cb086b71925b75570114701f923c168e1edf95fef660ef29eb6f3142386b591693fcbaed25d31ee7000000000000000000000000000000000000000000000000000000000000
    ├─ [0] VM::sign(77814517325470205911140941194401928579557062014761831930645393041380819009408, 0x1e46c5c7bbf32d83e183d0120f8dbf1fbf92c80b0a596d3e78484ab478333e4d) [staticcall]
    │   └─ ← 28, 0xa517104c9919da12685b9cbed1f58301edf8fe8f89bf3796fc0d587dccdbb9c6, 0x3a314f53c37fb182c9f7b2a1d2d1c7050492c9b9d4f2adcf13a1bb8dd1e3514f
    ├─ [0] VM::prank(0xf39fd6e51aad88f6f4ce6ab8827279cfffb92266)
    │   └─ ← ()
    ├─ [18417] 0x2013…2d01::6a761202(000000000000000000000000ce71065d4017f316ec606fe4422e11eb2c47c2460000000000000000000000000000000000000000000000000000000000000000000000000000000000000000000000000000000000000000000000000000014000000000000000000000000000000000000000000000000000000000000000000000000000000000000000000000000000000000000000000000000000000000000000000000000000000000000000000000000000000000000000000000000000000000000000000000000000000000000000000000000000000000000000000000000000000000000000000000000000000000000000000000000000000000000000000000000000000000000000000000000000000000000000000000000000000000000000000000000000000000000000000000000000000000000001a00000000000000000000000000000000000000000000000000000000000000024e22f0a59000000000000000000000000f39fd6e51aad88f6f4ce6ab8827279cfffb92266000000000000000000000000000000000000000000000000000000000000000000000000000000000000000000000000000000000000000000000041a517104c9919da12685b9cbed1f58301edf8fe8f89bf3796fc0d587dccdbb9c63a314f53c37fb182c9f7b2a1d2d1c7050492c9b9d4f2adcf13a1bb8dd1e3514f1c00000000000000000000000000000000000000000000000000000000000000)
    │   ├─ [18076] 0x3e5c…d36e::6a761202(000000000000000000000000ce71065d4017f316ec606fe4422e11eb2c47c2460000000000000000000000000000000000000000000000000000000000000000000000000000000000000000000000000000000000000000000000000000014000000000000000000000000000000000000000000000000000000000000000000000000000000000000000000000000000000000000000000000000000000000000000000000000000000000000000000000000000000000000000000000000000000000000000000000000000000000000000000000000000000000000000000000000000000000000000000000000000000000000000000000000000000000000000000000000000000000000000000000000000000000000000000000000000000000000000000000000000000000000000000000000000000000000001a00000000000000000000000000000000000000000000000000000000000000024e22f0a59000000000000000000000000f39fd6e51aad88f6f4ce6ab8827279cfffb92266000000000000000000000000000000000000000000000000000000000000000000000000000000000000000000000000000000000000000000000041a517104c9919da12685b9cbed1f58301edf8fe8f89bf3796fc0d587dccdbb9c63a314f53c37fb182c9f7b2a1d2d1c7050492c9b9d4f2adcf13a1bb8dd1e3514f1c00000000000000000000000000000000000000000000000000000000000000) [delegatecall]
    │   │   ├─  emit topic 0: 0x66753cd2356569ee081232e3be8909b950e0a76c1f8460c3a5e3c2be32b11bed
    │   │   │           data: 0x000000000000000000000000ce71065d4017f316ec606fe4422e11eb2c47c2460000000000000000000000000000000000000000000000000000000000000000000000000000000000000000000000000000000000000000000000000000016000000000000000000000000000000000000000000000000000000000000000000000000000000000000000000000000000000000000000000000000000000000000000000000000000000000000000000000000000000000000000000000000000000000000000000000000000000000000000000000000000000000000000000000000000000000000000000000000000000000000000000000000000000000000000000000000000000000000000000000000000000000000000000000000000000000000000000000000000000000000000000000000000000000000001c000000000000000000000000000000000000000000000000000000000000002400000000000000000000000000000000000000000000000000000000000000024e22f0a59000000000000000000000000f39fd6e51aad88f6f4ce6ab8827279cfffb92266000000000000000000000000000000000000000000000000000000000000000000000000000000000000000000000000000000000000000000000041a517104c9919da12685b9cbed1f58301edf8fe8f89bf3796fc0d587dccdbb9c63a314f53c37fb182c9f7b2a1d2d1c7050492c9b9d4f2adcf13a1bb8dd1e3514f1c0000000000000000000000000000000000000000000000000000000000000000000000000000000000000000000000000000000000000000000000000000600000000000000000000000000000000000000000000000000000000000000006000000000000000000000000f39fd6e51aad88f6f4ce6ab8827279cfffb922660000000000000000000000000000000000000000000000000000000000000001
    │   │   ├─ [3000] PRECOMPILE::ecrecover(0x1e46c5c7bbf32d83e183d0120f8dbf1fbf92c80b0a596d3e78484ab478333e4d, 28, 74672369991749767730460959717873024479131602095879772703014313911052645677510, 26321268220228988079917582704671090620989804836624899181365412574553591468367) [staticcall]
    │   │   │   └─ ← 0xf39fd6e51aad88f6f4ce6ab8827279cfffb92266
    │   │   ├─ [1601] metaLexGuard::checkTransaction(metaLexGuard: [0xce71065d4017f316ec606fe4422e11eb2c47c246], 0, 0xe22f0a59000000000000000000000000f39fd6e51aad88f6f4ce6ab8827279cfffb92266, 0, 0, 0, 0, 0x0000000000000000000000000000000000000000, 0x0000000000000000000000000000000000000000, 0xa517104c9919da12685b9cbed1f58301edf8fe8f89bf3796fc0d587dccdbb9c63a314f53c37fb182c9f7b2a1d2d1c7050492c9b9d4f2adcf13a1bb8dd1e3514f1c, 0xf39fd6e51aad88f6f4ce6ab8827279cfffb92266)
    │   │   │   ├─ [0] console::f5b1bba9(0000000000000000000000000000000000000000000000000000000000000024) [staticcall]
    │   │   │   │   └─ ← ()
    │   │   │   └─ ← ()
    │   │   ├─ [990] metaLexGuard::removeRecepient(0xf39fd6e51aad88f6f4ce6ab8827279cfffb92266)
    │   │   │   └─ ← ()
    │   │   ├─  emit topic 0: 0x442e715f626346e8c54381002da614f62bee8d27386535b2521ec8540898556e
    │   │   │           data: 0x1e46c5c7bbf32d83e183d0120f8dbf1fbf92c80b0a596d3e78484ab478333e4d0000000000000000000000000000000000000000000000000000000000000000
    │   │   ├─ [379] metaLexGuard::checkAfterExecution(0x1e46c5c7bbf32d83e183d0120f8dbf1fbf92c80b0a596d3e78484ab478333e4d, true)
    │   │   │   └─ ← ()
    │   │   └─ ← 0x0000000000000000000000000000000000000000000000000000000000000001
    │   └─ ← 0x0000000000000000000000000000000000000000000000000000000000000001
    ├─ [682] 0x2013…2d01::affed0e0() [staticcall]
    │   ├─ [351] 0x3e5c…d36e::affed0e0() [delegatecall]
    │   │   └─ ← 0x0000000000000000000000000000000000000000000000000000000000000007
    │   └─ ← 0x0000000000000000000000000000000000000000000000000000000000000007
    ├─ [2843] 0x2013…2d01::e86637db(000000000000000000000000da10009cbd5d07dd0cecc66161fc93d7c9000da10000000000000000000000000000000000000000000000000000000000000000000000000000000000000000000000000000000000000000000000000000014000000000000000000000000000000000000000000000000000000000000000000000000000000000000000000000000000000000000000000000000000000000000000000000000000000000000000000000000000000000000000000000000000000000000000000000000000000000000000000000000000000000000000000000000000000000000000000000000000000000000000000000000000000000000000000000000000000000000000000000000000000000000000000000000000000000000000000000000000000000000000000000000000000000000000070000000000000000000000000000000000000000000000000000000000000044a9059cbb000000000000000000000000f39fd6e51aad88f6f4ce6ab8827279cfffb92266000000000000000000000000000000000000000000000000002386f26fc1000000000000000000000000000000000000000000000000000000000000) [staticcall]
    │   ├─ [2422] 0x3e5c…d36e::e86637db(000000000000000000000000da10009cbd5d07dd0cecc66161fc93d7c9000da10000000000000000000000000000000000000000000000000000000000000000000000000000000000000000000000000000000000000000000000000000014000000000000000000000000000000000000000000000000000000000000000000000000000000000000000000000000000000000000000000000000000000000000000000000000000000000000000000000000000000000000000000000000000000000000000000000000000000000000000000000000000000000000000000000000000000000000000000000000000000000000000000000000000000000000000000000000000000000000000000000000000000000000000000000000000000000000000000000000000000000000000000000000000000000000000070000000000000000000000000000000000000000000000000000000000000044a9059cbb000000000000000000000000f39fd6e51aad88f6f4ce6ab8827279cfffb92266000000000000000000000000000000000000000000000000002386f26fc1000000000000000000000000000000000000000000000000000000000000) [delegatecall]
    │   │   └─ ← 0x0000000000000000000000000000000000000000000000000000000000000020000000000000000000000000000000000000000000000000000000000000004219013082379441537f7c669024bbf5518aabfb75fd0a615d5a02cb086b71925b7557a9a4eab6d4d0be7d403f2d8d85b356487e4136d730ea3b477fdf295174dd8fef000000000000000000000000000000000000000000000000000000000000
    │   └─ ← 0x0000000000000000000000000000000000000000000000000000000000000020000000000000000000000000000000000000000000000000000000000000004219013082379441537f7c669024bbf5518aabfb75fd0a615d5a02cb086b71925b7557a9a4eab6d4d0be7d403f2d8d85b356487e4136d730ea3b477fdf295174dd8fef000000000000000000000000000000000000000000000000000000000000
    ├─ [0] VM::sign(77814517325470205911140941194401928579557062014761831930645393041380819009408, 0x81509726c0b4e8498734854f86890a5c452b2cf122aabfdc15d0cccd7e92bbb3) [staticcall]
    │   └─ ← 28, 0xb29ac123bedd65cc05a789ce51cd761e60dc801fd0594cfedce8baf006af7fc9, 0x19b2a55ce2b7002d7247abcd113d02f9f75ced24bb5d792e466890b63ee2e1a9
    ├─ [0] VM::prank(0xf39fd6e51aad88f6f4ce6ab8827279cfffb92266)
    │   └─ ← ()
    ├─ [19164] 0x2013…2d01::6a761202(000000000000000000000000da10009cbd5d07dd0cecc66161fc93d7c9000da10000000000000000000000000000000000000000000000000000000000000000000000000000000000000000000000000000000000000000000000000000014000000000000000000000000000000000000000000000000000000000000000000000000000000000000000000000000000000000000000000000000000000000000000000000000000000000000000000000000000000000000000000000000000000000000000000000000000000000000000000000000000000000000000000000000000000000000000000000000000000000000000000000000000000000000000000000000000000000000000000000000000000000000000000000000000000000000000000000000000000000000000000000000000000000000001c00000000000000000000000000000000000000000000000000000000000000044a9059cbb000000000000000000000000f39fd6e51aad88f6f4ce6ab8827279cfffb92266000000000000000000000000000000000000000000000000002386f26fc10000000000000000000000000000000000000000000000000000000000000000000000000000000000000000000000000000000000000000000000000041b29ac123bedd65cc05a789ce51cd761e60dc801fd0594cfedce8baf006af7fc919b2a55ce2b7002d7247abcd113d02f9f75ced24bb5d792e466890b63ee2e1a91c00000000000000000000000000000000000000000000000000000000000000)
    │   ├─ [18732] 0x3e5c…d36e::6a761202(000000000000000000000000da10009cbd5d07dd0cecc66161fc93d7c9000da10000000000000000000000000000000000000000000000000000000000000000000000000000000000000000000000000000000000000000000000000000014000000000000000000000000000000000000000000000000000000000000000000000000000000000000000000000000000000000000000000000000000000000000000000000000000000000000000000000000000000000000000000000000000000000000000000000000000000000000000000000000000000000000000000000000000000000000000000000000000000000000000000000000000000000000000000000000000000000000000000000000000000000000000000000000000000000000000000000000000000000000000000000000000000000000001c00000000000000000000000000000000000000000000000000000000000000044a9059cbb000000000000000000000000f39fd6e51aad88f6f4ce6ab8827279cfffb92266000000000000000000000000000000000000000000000000002386f26fc10000000000000000000000000000000000000000000000000000000000000000000000000000000000000000000000000000000000000000000000000041b29ac123bedd65cc05a789ce51cd761e60dc801fd0594cfedce8baf006af7fc919b2a55ce2b7002d7247abcd113d02f9f75ced24bb5d792e466890b63ee2e1a91c00000000000000000000000000000000000000000000000000000000000000) [delegatecall]
    │   │   ├─  emit topic 0: 0x66753cd2356569ee081232e3be8909b950e0a76c1f8460c3a5e3c2be32b11bed
    │   │   │           data: 0x000000000000000000000000da10009cbd5d07dd0cecc66161fc93d7c9000da10000000000000000000000000000000000000000000000000000000000000000000000000000000000000000000000000000000000000000000000000000016000000000000000000000000000000000000000000000000000000000000000000000000000000000000000000000000000000000000000000000000000000000000000000000000000000000000000000000000000000000000000000000000000000000000000000000000000000000000000000000000000000000000000000000000000000000000000000000000000000000000000000000000000000000000000000000000000000000000000000000000000000000000000000000000000000000000000000000000000000000000000000000000000000000000001e000000000000000000000000000000000000000000000000000000000000002600000000000000000000000000000000000000000000000000000000000000044a9059cbb000000000000000000000000f39fd6e51aad88f6f4ce6ab8827279cfffb92266000000000000000000000000000000000000000000000000002386f26fc10000000000000000000000000000000000000000000000000000000000000000000000000000000000000000000000000000000000000000000000000041b29ac123bedd65cc05a789ce51cd761e60dc801fd0594cfedce8baf006af7fc919b2a55ce2b7002d7247abcd113d02f9f75ced24bb5d792e466890b63ee2e1a91c0000000000000000000000000000000000000000000000000000000000000000000000000000000000000000000000000000000000000000000000000000600000000000000000000000000000000000000000000000000000000000000007000000000000000000000000f39fd6e51aad88f6f4ce6ab8827279cfffb922660000000000000000000000000000000000000000000000000000000000000001
    │   │   ├─ [3000] PRECOMPILE::ecrecover(0x81509726c0b4e8498734854f86890a5c452b2cf122aabfdc15d0cccd7e92bbb3, 28, 80785114496540765371518628958327691538179982847034706651794607366422802694089, 11623461284450385976745802860432178739081540356850431948058930954917017477545) [staticcall]
    │   │   │   └─ ← 0xf39fd6e51aad88f6f4ce6ab8827279cfffb92266
    │   │   ├─ [1866] metaLexGuard::checkTransaction(0xda10009cbd5d07dd0cecc66161fc93d7c9000da1, 0, 0xa9059cbb000000000000000000000000f39fd6e51aad88f6f4ce6ab8827279cfffb92266000000000000000000000000000000000000000000000000002386f26fc10000, 0, 0, 0, 0, 0x0000000000000000000000000000000000000000, 0x0000000000000000000000000000000000000000, 0xb29ac123bedd65cc05a789ce51cd761e60dc801fd0594cfedce8baf006af7fc919b2a55ce2b7002d7247abcd113d02f9f75ced24bb5d792e466890b63ee2e1a91c, 0xf39fd6e51aad88f6f4ce6ab8827279cfffb92266)
    │   │   │   ├─ [0] console::f5b1bba9(0000000000000000000000000000000000000000000000000000000000000044) [staticcall]
    │   │   │   │   └─ ← ()
    │   │   │   └─ ← "metaLexGuard_InvalidRecepient()"
    │   │   └─ ← 0x226157a2
    │   └─ ← 0x226157a2
    └─ ← "metaLexGuard_InvalidRecepient()"

[PASS] testFailOnDai() (gas: 115082)
Logs:
  68

Traces:
  [115082] ProjectTest::testFailOnDai()
    ├─ [7182] 0x2013…2d01::affed0e0() [staticcall]
    │   ├─ [2351] 0x3e5c…d36e::affed0e0() [delegatecall]
    │   │   └─ ← 0x0000000000000000000000000000000000000000000000000000000000000002
    │   └─ ← 0x0000000000000000000000000000000000000000000000000000000000000002
    ├─ [2828] 0x2013…2d01::e86637db(000000000000000000000000201308b728acb48413cd27ec60b4ffac074c2d010000000000000000000000000000000000000000000000000000000000000000000000000000000000000000000000000000000000000000000000000000014000000000000000000000000000000000000000000000000000000000000000000000000000000000000000000000000000000000000000000000000000000000000000000000000000000000000000000000000000000000000000000000000000000000000000000000000000000000000000000000000000000000000000000000000000000000000000000000000000000000000000000000000000000000000000000000000000000000000000000000000000000000000000000000000000000000000000000000000000000000000000000000000000000000000000020000000000000000000000000000000000000000000000000000000000000024e19a9dd9000000000000000000000000ce71065d4017f316ec606fe4422e11eb2c47c24600000000000000000000000000000000000000000000000000000000) [staticcall]
    │   ├─ [2413] 0x3e5c…d36e::e86637db(000000000000000000000000201308b728acb48413cd27ec60b4ffac074c2d010000000000000000000000000000000000000000000000000000000000000000000000000000000000000000000000000000000000000000000000000000014000000000000000000000000000000000000000000000000000000000000000000000000000000000000000000000000000000000000000000000000000000000000000000000000000000000000000000000000000000000000000000000000000000000000000000000000000000000000000000000000000000000000000000000000000000000000000000000000000000000000000000000000000000000000000000000000000000000000000000000000000000000000000000000000000000000000000000000000000000000000000000000000000000000000000020000000000000000000000000000000000000000000000000000000000000024e19a9dd9000000000000000000000000ce71065d4017f316ec606fe4422e11eb2c47c24600000000000000000000000000000000000000000000000000000000) [delegatecall]
    │   │   └─ ← 0x0000000000000000000000000000000000000000000000000000000000000020000000000000000000000000000000000000000000000000000000000000004219013082379441537f7c669024bbf5518aabfb75fd0a615d5a02cb086b71925b7557a72ea7c7694447ccfa7b7ac00cc3be38ef2fba20743e6c3b4eefb5d07bab4e84000000000000000000000000000000000000000000000000000000000000
    │   └─ ← 0x0000000000000000000000000000000000000000000000000000000000000020000000000000000000000000000000000000000000000000000000000000004219013082379441537f7c669024bbf5518aabfb75fd0a615d5a02cb086b71925b7557a72ea7c7694447ccfa7b7ac00cc3be38ef2fba20743e6c3b4eefb5d07bab4e84000000000000000000000000000000000000000000000000000000000000
    ├─ [0] VM::sign(77814517325470205911140941194401928579557062014761831930645393041380819009408, 0xdd0332c8c18ba2353f568b3c9148035fcde33540036f1be239c542683ef374f6) [staticcall]
    │   └─ ← 28, 0xb2715784dfcb6a7f50edbeb952e35bf3af7b9490f672bdcca87b8a315f1013fc, 0x117b3b1cd34ff1f3235233c74d0aa044a460501c62b57193cb2c7dc1f28c6b0f
    ├─ [0] VM::prank(0xf39fd6e51aad88f6f4ce6ab8827279cfffb92266)
    │   └─ ← ()
    ├─ [48720] 0x2013…2d01::6a761202(000000000000000000000000201308b728acb48413cd27ec60b4ffac074c2d010000000000000000000000000000000000000000000000000000000000000000000000000000000000000000000000000000000000000000000000000000014000000000000000000000000000000000000000000000000000000000000000000000000000000000000000000000000000000000000000000000000000000000000000000000000000000000000000000000000000000000000000000000000000000000000000000000000000000000000000000000000000000000000000000000000000000000000000000000000000000000000000000000000000000000000000000000000000000000000000000000000000000000000000000000000000000000000000000000000000000000000000000000000000000000000001a00000000000000000000000000000000000000000000000000000000000000024e19a9dd9000000000000000000000000ce71065d4017f316ec606fe4422e11eb2c47c246000000000000000000000000000000000000000000000000000000000000000000000000000000000000000000000000000000000000000000000041b2715784dfcb6a7f50edbeb952e35bf3af7b9490f672bdcca87b8a315f1013fc117b3b1cd34ff1f3235233c74d0aa044a460501c62b57193cb2c7dc1f28c6b0f1c00000000000000000000000000000000000000000000000000000000000000)
    │   ├─ [48293] 0x3e5c…d36e::6a761202(000000000000000000000000201308b728acb48413cd27ec60b4ffac074c2d010000000000000000000000000000000000000000000000000000000000000000000000000000000000000000000000000000000000000000000000000000014000000000000000000000000000000000000000000000000000000000000000000000000000000000000000000000000000000000000000000000000000000000000000000000000000000000000000000000000000000000000000000000000000000000000000000000000000000000000000000000000000000000000000000000000000000000000000000000000000000000000000000000000000000000000000000000000000000000000000000000000000000000000000000000000000000000000000000000000000000000000000000000000000000000000001a00000000000000000000000000000000000000000000000000000000000000024e19a9dd9000000000000000000000000ce71065d4017f316ec606fe4422e11eb2c47c246000000000000000000000000000000000000000000000000000000000000000000000000000000000000000000000000000000000000000000000041b2715784dfcb6a7f50edbeb952e35bf3af7b9490f672bdcca87b8a315f1013fc117b3b1cd34ff1f3235233c74d0aa044a460501c62b57193cb2c7dc1f28c6b0f1c00000000000000000000000000000000000000000000000000000000000000) [delegatecall]
    │   │   ├─  emit topic 0: 0x66753cd2356569ee081232e3be8909b950e0a76c1f8460c3a5e3c2be32b11bed
    │   │   │           data: 0x000000000000000000000000201308b728acb48413cd27ec60b4ffac074c2d010000000000000000000000000000000000000000000000000000000000000000000000000000000000000000000000000000000000000000000000000000016000000000000000000000000000000000000000000000000000000000000000000000000000000000000000000000000000000000000000000000000000000000000000000000000000000000000000000000000000000000000000000000000000000000000000000000000000000000000000000000000000000000000000000000000000000000000000000000000000000000000000000000000000000000000000000000000000000000000000000000000000000000000000000000000000000000000000000000000000000000000000000000000000000000000001c000000000000000000000000000000000000000000000000000000000000002400000000000000000000000000000000000000000000000000000000000000024e19a9dd9000000000000000000000000ce71065d4017f316ec606fe4422e11eb2c47c246000000000000000000000000000000000000000000000000000000000000000000000000000000000000000000000000000000000000000000000041b2715784dfcb6a7f50edbeb952e35bf3af7b9490f672bdcca87b8a315f1013fc117b3b1cd34ff1f3235233c74d0aa044a460501c62b57193cb2c7dc1f28c6b0f1c0000000000000000000000000000000000000000000000000000000000000000000000000000000000000000000000000000000000000000000000000000600000000000000000000000000000000000000000000000000000000000000002000000000000000000000000f39fd6e51aad88f6f4ce6ab8827279cfffb922660000000000000000000000000000000000000000000000000000000000000001
    │   │   ├─ [3000] PRECOMPILE::ecrecover(0xdd0332c8c18ba2353f568b3c9148035fcde33540036f1be239c542683ef374f6, 28, 80711944800354826935609854279394083545176852230082238326013572508475636847612, 7907048595050018253709748460485820367277202979268491663054667203840605711119) [staticcall]
    │   │   │   └─ ← 0xf39fd6e51aad88f6f4ce6ab8827279cfffb92266
    │   │   ├─ [21765] 0x2013…2d01::e19a9dd9(000000000000000000000000ce71065d4017f316ec606fe4422e11eb2c47c246)
    │   │   │   ├─ [21434] 0x3e5c…d36e::e19a9dd9(000000000000000000000000ce71065d4017f316ec606fe4422e11eb2c47c246) [delegatecall]
    │   │   │   │   ├─  emit topic 0: 0x1151116914515bc0891ff9047a6cb32cf902546f83066499bcf8ba33d2353fa2
    │   │   │   │   │           data: 0x000000000000000000000000ce71065d4017f316ec606fe4422e11eb2c47c246
    │   │   │   │   └─ ← ()
    │   │   │   └─ ← ()
    │   │   ├─  emit topic 0: 0x442e715f626346e8c54381002da614f62bee8d27386535b2521ec8540898556e
    │   │   │           data: 0xdd0332c8c18ba2353f568b3c9148035fcde33540036f1be239c542683ef374f60000000000000000000000000000000000000000000000000000000000000000
    │   │   └─ ← 0x0000000000000000000000000000000000000000000000000000000000000001
    │   └─ ← 0x0000000000000000000000000000000000000000000000000000000000000001
    ├─ [682] 0x2013…2d01::affed0e0() [staticcall]
    │   ├─ [351] 0x3e5c…d36e::affed0e0() [delegatecall]
    │   │   └─ ← 0x0000000000000000000000000000000000000000000000000000000000000003
    │   └─ ← 0x0000000000000000000000000000000000000000000000000000000000000003
    ├─ [2843] 0x2013…2d01::e86637db(000000000000000000000000da10009cbd5d07dd0cecc66161fc93d7c9000da10000000000000000000000000000000000000000000000000000000000000000000000000000000000000000000000000000000000000000000000000000014000000000000000000000000000000000000000000000000000000000000000000000000000000000000000000000000000000000000000000000000000000000000000000000000000000000000000000000000000000000000000000000000000000000000000000000000000000000000000000000000000000000000000000000000000000000000000000000000000000000000000000000000000000000000000000000000000000000000000000000000000000000000000000000000000000000000000000000000000000000000000000000000000000000000000030000000000000000000000000000000000000000000000000000000000000044a9059cbb000000000000000000000000201308b728acb48413cd27ec60b4ffac074c2d01000000000000000000000000000000000000000000000000016345785d8a000000000000000000000000000000000000000000000000000000000000) [staticcall]
    │   ├─ [2422] 0x3e5c…d36e::e86637db(000000000000000000000000da10009cbd5d07dd0cecc66161fc93d7c9000da10000000000000000000000000000000000000000000000000000000000000000000000000000000000000000000000000000000000000000000000000000014000000000000000000000000000000000000000000000000000000000000000000000000000000000000000000000000000000000000000000000000000000000000000000000000000000000000000000000000000000000000000000000000000000000000000000000000000000000000000000000000000000000000000000000000000000000000000000000000000000000000000000000000000000000000000000000000000000000000000000000000000000000000000000000000000000000000000000000000000000000000000000000000000000000000000030000000000000000000000000000000000000000000000000000000000000044a9059cbb000000000000000000000000201308b728acb48413cd27ec60b4ffac074c2d01000000000000000000000000000000000000000000000000016345785d8a000000000000000000000000000000000000000000000000000000000000) [delegatecall]
    │   │   └─ ← 0x0000000000000000000000000000000000000000000000000000000000000020000000000000000000000000000000000000000000000000000000000000004219013082379441537f7c669024bbf5518aabfb75fd0a615d5a02cb086b71925b7557ae15674692ed7fb6bbe0e6bb416e58b011fd076b7704383050dbb70326b9a18c000000000000000000000000000000000000000000000000000000000000
    │   └─ ← 0x0000000000000000000000000000000000000000000000000000000000000020000000000000000000000000000000000000000000000000000000000000004219013082379441537f7c669024bbf5518aabfb75fd0a615d5a02cb086b71925b7557ae15674692ed7fb6bbe0e6bb416e58b011fd076b7704383050dbb70326b9a18c000000000000000000000000000000000000000000000000000000000000
    ├─ [0] VM::sign(77814517325470205911140941194401928579557062014761831930645393041380819009408, 0xb620ae6f7181de78529243638be7467b27f9c1f78ad8a47facbf6afc45960212) [staticcall]
    │   └─ ← 27, 0x692b0fcc2654db8bdd310ee021bba23934c7ec822d9e40c01957cdaa2c7cf58c, 0x5b0956d7c29838ab1f7821fd6b5495c4c98c6a24b1f2befcb53b5d41d6ebdeb9
    ├─ [0] VM::prank(0xf39fd6e51aad88f6f4ce6ab8827279cfffb92266)
    │   └─ ← ()
    ├─ [25777] 0x2013…2d01::6a761202(000000000000000000000000da10009cbd5d07dd0cecc66161fc93d7c9000da10000000000000000000000000000000000000000000000000000000000000000000000000000000000000000000000000000000000000000000000000000014000000000000000000000000000000000000000000000000000000000000000000000000000000000000000000000000000000000000000000000000000000000000000000000000000000000000000000000000000000000000000000000000000000000000000000000000000000000000000000000000000000000000000000000000000000000000000000000000000000000000000000000000000000000000000000000000000000000000000000000000000000000000000000000000000000000000000000000000000000000000000000000000000000000000001c00000000000000000000000000000000000000000000000000000000000000044a9059cbb000000000000000000000000201308b728acb48413cd27ec60b4ffac074c2d01000000000000000000000000000000000000000000000000016345785d8a0000000000000000000000000000000000000000000000000000000000000000000000000000000000000000000000000000000000000000000000000041692b0fcc2654db8bdd310ee021bba23934c7ec822d9e40c01957cdaa2c7cf58c5b0956d7c29838ab1f7821fd6b5495c4c98c6a24b1f2befcb53b5d41d6ebdeb91b00000000000000000000000000000000000000000000000000000000000000)
    │   ├─ [25345] 0x3e5c…d36e::6a761202(000000000000000000000000da10009cbd5d07dd0cecc66161fc93d7c9000da10000000000000000000000000000000000000000000000000000000000000000000000000000000000000000000000000000000000000000000000000000014000000000000000000000000000000000000000000000000000000000000000000000000000000000000000000000000000000000000000000000000000000000000000000000000000000000000000000000000000000000000000000000000000000000000000000000000000000000000000000000000000000000000000000000000000000000000000000000000000000000000000000000000000000000000000000000000000000000000000000000000000000000000000000000000000000000000000000000000000000000000000000000000000000000000001c00000000000000000000000000000000000000000000000000000000000000044a9059cbb000000000000000000000000201308b728acb48413cd27ec60b4ffac074c2d01000000000000000000000000000000000000000000000000016345785d8a0000000000000000000000000000000000000000000000000000000000000000000000000000000000000000000000000000000000000000000000000041692b0fcc2654db8bdd310ee021bba23934c7ec822d9e40c01957cdaa2c7cf58c5b0956d7c29838ab1f7821fd6b5495c4c98c6a24b1f2befcb53b5d41d6ebdeb91b00000000000000000000000000000000000000000000000000000000000000) [delegatecall]
    │   │   ├─  emit topic 0: 0x66753cd2356569ee081232e3be8909b950e0a76c1f8460c3a5e3c2be32b11bed
    │   │   │           data: 0x000000000000000000000000da10009cbd5d07dd0cecc66161fc93d7c9000da10000000000000000000000000000000000000000000000000000000000000000000000000000000000000000000000000000000000000000000000000000016000000000000000000000000000000000000000000000000000000000000000000000000000000000000000000000000000000000000000000000000000000000000000000000000000000000000000000000000000000000000000000000000000000000000000000000000000000000000000000000000000000000000000000000000000000000000000000000000000000000000000000000000000000000000000000000000000000000000000000000000000000000000000000000000000000000000000000000000000000000000000000000000000000000000001e000000000000000000000000000000000000000000000000000000000000002600000000000000000000000000000000000000000000000000000000000000044a9059cbb000000000000000000000000201308b728acb48413cd27ec60b4ffac074c2d01000000000000000000000000000000000000000000000000016345785d8a0000000000000000000000000000000000000000000000000000000000000000000000000000000000000000000000000000000000000000000000000041692b0fcc2654db8bdd310ee021bba23934c7ec822d9e40c01957cdaa2c7cf58c5b0956d7c29838ab1f7821fd6b5495c4c98c6a24b1f2befcb53b5d41d6ebdeb91b0000000000000000000000000000000000000000000000000000000000000000000000000000000000000000000000000000000000000000000000000000600000000000000000000000000000000000000000000000000000000000000003000000000000000000000000f39fd6e51aad88f6f4ce6ab8827279cfffb922660000000000000000000000000000000000000000000000000000000000000001
    │   │   ├─ [3000] PRECOMPILE::ecrecover(0xb620ae6f7181de78529243638be7467b27f9c1f78ad8a47facbf6afc45960212, 27, 47568932555089538739039803670622217187003962229097273205424332401459691582860, 41176970211727809046376823022766412488273821576920750017944456666088727109305) [staticcall]
    │   │   │   └─ ← 0xf39fd6e51aad88f6f4ce6ab8827279cfffb92266
    │   │   ├─ [5979] metaLexGuard::checkTransaction(0xda10009cbd5d07dd0cecc66161fc93d7c9000da1, 0, 0xa9059cbb000000000000000000000000201308b728acb48413cd27ec60b4ffac074c2d01000000000000000000000000000000000000000000000000016345785d8a0000, 0, 0, 0, 0, 0x0000000000000000000000000000000000000000, 0x0000000000000000000000000000000000000000, 0x692b0fcc2654db8bdd310ee021bba23934c7ec822d9e40c01957cdaa2c7cf58c5b0956d7c29838ab1f7821fd6b5495c4c98c6a24b1f2befcb53b5d41d6ebdeb91b, 0xf39fd6e51aad88f6f4ce6ab8827279cfffb92266)
    │   │   │   ├─ [0] console::f5b1bba9(0000000000000000000000000000000000000000000000000000000000000044) [staticcall]
    │   │   │   │   └─ ← ()
    │   │   │   └─ ← "metaLexGuard_InvalidContract()"
    │   │   └─ ← 0xc0744311
    │   └─ ← 0xc0744311
    └─ ← "metaLexGuard_InvalidContract()"

[PASS] testFailOnDaiOverpayment() (gas: 270228)
Logs:
  68
  68
  68

Traces:
  [270228] ProjectTest::testFailOnDaiOverpayment()
    ├─ [7182] 0x2013…2d01::affed0e0() [staticcall]
    │   ├─ [2351] 0x3e5c…d36e::affed0e0() [delegatecall]
    │   │   └─ ← 0x0000000000000000000000000000000000000000000000000000000000000002
    │   └─ ← 0x0000000000000000000000000000000000000000000000000000000000000002
    ├─ [2828] 0x2013…2d01::e86637db(000000000000000000000000201308b728acb48413cd27ec60b4ffac074c2d010000000000000000000000000000000000000000000000000000000000000000000000000000000000000000000000000000000000000000000000000000014000000000000000000000000000000000000000000000000000000000000000000000000000000000000000000000000000000000000000000000000000000000000000000000000000000000000000000000000000000000000000000000000000000000000000000000000000000000000000000000000000000000000000000000000000000000000000000000000000000000000000000000000000000000000000000000000000000000000000000000000000000000000000000000000000000000000000000000000000000000000000000000000000000000000000020000000000000000000000000000000000000000000000000000000000000024e19a9dd9000000000000000000000000ce71065d4017f316ec606fe4422e11eb2c47c24600000000000000000000000000000000000000000000000000000000) [staticcall]
    │   ├─ [2413] 0x3e5c…d36e::e86637db(000000000000000000000000201308b728acb48413cd27ec60b4ffac074c2d010000000000000000000000000000000000000000000000000000000000000000000000000000000000000000000000000000000000000000000000000000014000000000000000000000000000000000000000000000000000000000000000000000000000000000000000000000000000000000000000000000000000000000000000000000000000000000000000000000000000000000000000000000000000000000000000000000000000000000000000000000000000000000000000000000000000000000000000000000000000000000000000000000000000000000000000000000000000000000000000000000000000000000000000000000000000000000000000000000000000000000000000000000000000000000000000020000000000000000000000000000000000000000000000000000000000000024e19a9dd9000000000000000000000000ce71065d4017f316ec606fe4422e11eb2c47c24600000000000000000000000000000000000000000000000000000000) [delegatecall]
    │   │   └─ ← 0x0000000000000000000000000000000000000000000000000000000000000020000000000000000000000000000000000000000000000000000000000000004219013082379441537f7c669024bbf5518aabfb75fd0a615d5a02cb086b71925b7557a72ea7c7694447ccfa7b7ac00cc3be38ef2fba20743e6c3b4eefb5d07bab4e84000000000000000000000000000000000000000000000000000000000000
    │   └─ ← 0x0000000000000000000000000000000000000000000000000000000000000020000000000000000000000000000000000000000000000000000000000000004219013082379441537f7c669024bbf5518aabfb75fd0a615d5a02cb086b71925b7557a72ea7c7694447ccfa7b7ac00cc3be38ef2fba20743e6c3b4eefb5d07bab4e84000000000000000000000000000000000000000000000000000000000000
    ├─ [0] VM::sign(77814517325470205911140941194401928579557062014761831930645393041380819009408, 0xdd0332c8c18ba2353f568b3c9148035fcde33540036f1be239c542683ef374f6) [staticcall]
    │   └─ ← 28, 0xb2715784dfcb6a7f50edbeb952e35bf3af7b9490f672bdcca87b8a315f1013fc, 0x117b3b1cd34ff1f3235233c74d0aa044a460501c62b57193cb2c7dc1f28c6b0f
    ├─ [0] VM::prank(0xf39fd6e51aad88f6f4ce6ab8827279cfffb92266)
    │   └─ ← ()
    ├─ [48720] 0x2013…2d01::6a761202(000000000000000000000000201308b728acb48413cd27ec60b4ffac074c2d010000000000000000000000000000000000000000000000000000000000000000000000000000000000000000000000000000000000000000000000000000014000000000000000000000000000000000000000000000000000000000000000000000000000000000000000000000000000000000000000000000000000000000000000000000000000000000000000000000000000000000000000000000000000000000000000000000000000000000000000000000000000000000000000000000000000000000000000000000000000000000000000000000000000000000000000000000000000000000000000000000000000000000000000000000000000000000000000000000000000000000000000000000000000000000000001a00000000000000000000000000000000000000000000000000000000000000024e19a9dd9000000000000000000000000ce71065d4017f316ec606fe4422e11eb2c47c246000000000000000000000000000000000000000000000000000000000000000000000000000000000000000000000000000000000000000000000041b2715784dfcb6a7f50edbeb952e35bf3af7b9490f672bdcca87b8a315f1013fc117b3b1cd34ff1f3235233c74d0aa044a460501c62b57193cb2c7dc1f28c6b0f1c00000000000000000000000000000000000000000000000000000000000000)
    │   ├─ [48293] 0x3e5c…d36e::6a761202(000000000000000000000000201308b728acb48413cd27ec60b4ffac074c2d010000000000000000000000000000000000000000000000000000000000000000000000000000000000000000000000000000000000000000000000000000014000000000000000000000000000000000000000000000000000000000000000000000000000000000000000000000000000000000000000000000000000000000000000000000000000000000000000000000000000000000000000000000000000000000000000000000000000000000000000000000000000000000000000000000000000000000000000000000000000000000000000000000000000000000000000000000000000000000000000000000000000000000000000000000000000000000000000000000000000000000000000000000000000000000000001a00000000000000000000000000000000000000000000000000000000000000024e19a9dd9000000000000000000000000ce71065d4017f316ec606fe4422e11eb2c47c246000000000000000000000000000000000000000000000000000000000000000000000000000000000000000000000000000000000000000000000041b2715784dfcb6a7f50edbeb952e35bf3af7b9490f672bdcca87b8a315f1013fc117b3b1cd34ff1f3235233c74d0aa044a460501c62b57193cb2c7dc1f28c6b0f1c00000000000000000000000000000000000000000000000000000000000000) [delegatecall]
    │   │   ├─  emit topic 0: 0x66753cd2356569ee081232e3be8909b950e0a76c1f8460c3a5e3c2be32b11bed
    │   │   │           data: 0x000000000000000000000000201308b728acb48413cd27ec60b4ffac074c2d010000000000000000000000000000000000000000000000000000000000000000000000000000000000000000000000000000000000000000000000000000016000000000000000000000000000000000000000000000000000000000000000000000000000000000000000000000000000000000000000000000000000000000000000000000000000000000000000000000000000000000000000000000000000000000000000000000000000000000000000000000000000000000000000000000000000000000000000000000000000000000000000000000000000000000000000000000000000000000000000000000000000000000000000000000000000000000000000000000000000000000000000000000000000000000000001c000000000000000000000000000000000000000000000000000000000000002400000000000000000000000000000000000000000000000000000000000000024e19a9dd9000000000000000000000000ce71065d4017f316ec606fe4422e11eb2c47c246000000000000000000000000000000000000000000000000000000000000000000000000000000000000000000000000000000000000000000000041b2715784dfcb6a7f50edbeb952e35bf3af7b9490f672bdcca87b8a315f1013fc117b3b1cd34ff1f3235233c74d0aa044a460501c62b57193cb2c7dc1f28c6b0f1c0000000000000000000000000000000000000000000000000000000000000000000000000000000000000000000000000000000000000000000000000000600000000000000000000000000000000000000000000000000000000000000002000000000000000000000000f39fd6e51aad88f6f4ce6ab8827279cfffb922660000000000000000000000000000000000000000000000000000000000000001
    │   │   ├─ [3000] PRECOMPILE::ecrecover(0xdd0332c8c18ba2353f568b3c9148035fcde33540036f1be239c542683ef374f6, 28, 80711944800354826935609854279394083545176852230082238326013572508475636847612, 7907048595050018253709748460485820367277202979268491663054667203840605711119) [staticcall]
    │   │   │   └─ ← 0xf39fd6e51aad88f6f4ce6ab8827279cfffb92266
    │   │   ├─ [21765] 0x2013…2d01::e19a9dd9(000000000000000000000000ce71065d4017f316ec606fe4422e11eb2c47c246)
    │   │   │   ├─ [21434] 0x3e5c…d36e::e19a9dd9(000000000000000000000000ce71065d4017f316ec606fe4422e11eb2c47c246) [delegatecall]
    │   │   │   │   ├─  emit topic 0: 0x1151116914515bc0891ff9047a6cb32cf902546f83066499bcf8ba33d2353fa2
    │   │   │   │   │           data: 0x000000000000000000000000ce71065d4017f316ec606fe4422e11eb2c47c246
    │   │   │   │   └─ ← ()
    │   │   │   └─ ← ()
    │   │   ├─  emit topic 0: 0x442e715f626346e8c54381002da614f62bee8d27386535b2521ec8540898556e
    │   │   │           data: 0xdd0332c8c18ba2353f568b3c9148035fcde33540036f1be239c542683ef374f60000000000000000000000000000000000000000000000000000000000000000
    │   │   └─ ← 0x0000000000000000000000000000000000000000000000000000000000000001
    │   └─ ← 0x0000000000000000000000000000000000000000000000000000000000000001
    ├─ [682] 0x2013…2d01::affed0e0() [staticcall]
    │   ├─ [351] 0x3e5c…d36e::affed0e0() [delegatecall]
    │   │   └─ ← 0x0000000000000000000000000000000000000000000000000000000000000003
    │   └─ ← 0x0000000000000000000000000000000000000000000000000000000000000003
    ├─ [2843] 0x2013…2d01::e86637db(000000000000000000000000ce71065d4017f316ec606fe4422e11eb2c47c2460000000000000000000000000000000000000000000000000000000000000000000000000000000000000000000000000000000000000000000000000000014000000000000000000000000000000000000000000000000000000000000000000000000000000000000000000000000000000000000000000000000000000000000000000000000000000000000000000000000000000000000000000000000000000000000000000000000000000000000000000000000000000000000000000000000000000000000000000000000000000000000000000000000000000000000000000000000000000000000000000000000000000000000000000000000000000000000000000000000000000000000000000000000000000000000000030000000000000000000000000000000000000000000000000000000000000044b5522e89000000000000000000000000da10009cbd5d07dd0cecc66161fc93d7c9000da1000000000000000000000000000000000000000000000000002386f26fc1000000000000000000000000000000000000000000000000000000000000) [staticcall]
    │   ├─ [2422] 0x3e5c…d36e::e86637db(000000000000000000000000ce71065d4017f316ec606fe4422e11eb2c47c2460000000000000000000000000000000000000000000000000000000000000000000000000000000000000000000000000000000000000000000000000000014000000000000000000000000000000000000000000000000000000000000000000000000000000000000000000000000000000000000000000000000000000000000000000000000000000000000000000000000000000000000000000000000000000000000000000000000000000000000000000000000000000000000000000000000000000000000000000000000000000000000000000000000000000000000000000000000000000000000000000000000000000000000000000000000000000000000000000000000000000000000000000000000000000000000000030000000000000000000000000000000000000000000000000000000000000044b5522e89000000000000000000000000da10009cbd5d07dd0cecc66161fc93d7c9000da1000000000000000000000000000000000000000000000000002386f26fc1000000000000000000000000000000000000000000000000000000000000) [delegatecall]
    │   │   └─ ← 0x0000000000000000000000000000000000000000000000000000000000000020000000000000000000000000000000000000000000000000000000000000004219013082379441537f7c669024bbf5518aabfb75fd0a615d5a02cb086b71925b7557477dcf89e41929312a776681fa46f66497bdd9faa62152da5ffad65489d51136000000000000000000000000000000000000000000000000000000000000
    │   └─ ← 0x0000000000000000000000000000000000000000000000000000000000000020000000000000000000000000000000000000000000000000000000000000004219013082379441537f7c669024bbf5518aabfb75fd0a615d5a02cb086b71925b7557477dcf89e41929312a776681fa46f66497bdd9faa62152da5ffad65489d51136000000000000000000000000000000000000000000000000000000000000
    ├─ [0] VM::sign(77814517325470205911140941194401928579557062014761831930645393041380819009408, 0x9a522c2fd16029e9d196be73024d08360fdb11c44815399b9ef8e67444db8d0b) [staticcall]
    │   └─ ← 27, 0xae4cc99bc40f2b725fd6a23237c187f0655fa4a1a0eaa26a2088374b8e03ca3e, 0x3a2f634fbbcf2be857d8d10cee83ada1a5986d74ec1b7b18d6afdfdac129e162
    ├─ [0] VM::prank(0xf39fd6e51aad88f6f4ce6ab8827279cfffb92266)
    │   └─ ← ()
    ├─ [76141] 0x2013…2d01::6a761202(000000000000000000000000ce71065d4017f316ec606fe4422e11eb2c47c2460000000000000000000000000000000000000000000000000000000000000000000000000000000000000000000000000000000000000000000000000000014000000000000000000000000000000000000000000000000000000000000000000000000000000000000000000000000000000000000000000000000000000000000000000000000000000000000000000000000000000000000000000000000000000000000000000000000000000000000000000000000000000000000000000000000000000000000000000000000000000000000000000000000000000000000000000000000000000000000000000000000000000000000000000000000000000000000000000000000000000000000000000000000000000000000001c00000000000000000000000000000000000000000000000000000000000000044b5522e89000000000000000000000000da10009cbd5d07dd0cecc66161fc93d7c9000da1000000000000000000000000000000000000000000000000002386f26fc10000000000000000000000000000000000000000000000000000000000000000000000000000000000000000000000000000000000000000000000000041ae4cc99bc40f2b725fd6a23237c187f0655fa4a1a0eaa26a2088374b8e03ca3e3a2f634fbbcf2be857d8d10cee83ada1a5986d74ec1b7b18d6afdfdac129e1621b00000000000000000000000000000000000000000000000000000000000000)
    │   ├─ [75708] 0x3e5c…d36e::6a761202(000000000000000000000000ce71065d4017f316ec606fe4422e11eb2c47c2460000000000000000000000000000000000000000000000000000000000000000000000000000000000000000000000000000000000000000000000000000014000000000000000000000000000000000000000000000000000000000000000000000000000000000000000000000000000000000000000000000000000000000000000000000000000000000000000000000000000000000000000000000000000000000000000000000000000000000000000000000000000000000000000000000000000000000000000000000000000000000000000000000000000000000000000000000000000000000000000000000000000000000000000000000000000000000000000000000000000000000000000000000000000000000000001c00000000000000000000000000000000000000000000000000000000000000044b5522e89000000000000000000000000da10009cbd5d07dd0cecc66161fc93d7c9000da1000000000000000000000000000000000000000000000000002386f26fc10000000000000000000000000000000000000000000000000000000000000000000000000000000000000000000000000000000000000000000000000041ae4cc99bc40f2b725fd6a23237c187f0655fa4a1a0eaa26a2088374b8e03ca3e3a2f634fbbcf2be857d8d10cee83ada1a5986d74ec1b7b18d6afdfdac129e1621b00000000000000000000000000000000000000000000000000000000000000) [delegatecall]
    │   │   ├─  emit topic 0: 0x66753cd2356569ee081232e3be8909b950e0a76c1f8460c3a5e3c2be32b11bed
    │   │   │           data: 0x000000000000000000000000ce71065d4017f316ec606fe4422e11eb2c47c2460000000000000000000000000000000000000000000000000000000000000000000000000000000000000000000000000000000000000000000000000000016000000000000000000000000000000000000000000000000000000000000000000000000000000000000000000000000000000000000000000000000000000000000000000000000000000000000000000000000000000000000000000000000000000000000000000000000000000000000000000000000000000000000000000000000000000000000000000000000000000000000000000000000000000000000000000000000000000000000000000000000000000000000000000000000000000000000000000000000000000000000000000000000000000000000001e000000000000000000000000000000000000000000000000000000000000002600000000000000000000000000000000000000000000000000000000000000044b5522e89000000000000000000000000da10009cbd5d07dd0cecc66161fc93d7c9000da1000000000000000000000000000000000000000000000000002386f26fc10000000000000000000000000000000000000000000000000000000000000000000000000000000000000000000000000000000000000000000000000041ae4cc99bc40f2b725fd6a23237c187f0655fa4a1a0eaa26a2088374b8e03ca3e3a2f634fbbcf2be857d8d10cee83ada1a5986d74ec1b7b18d6afdfdac129e1621b0000000000000000000000000000000000000000000000000000000000000000000000000000000000000000000000000000000000000000000000000000600000000000000000000000000000000000000000000000000000000000000003000000000000000000000000f39fd6e51aad88f6f4ce6ab8827279cfffb922660000000000000000000000000000000000000000000000000000000000000001
    │   │   ├─ [3000] PRECOMPILE::ecrecover(0x9a522c2fd16029e9d196be73024d08360fdb11c44815399b9ef8e67444db8d0b, 27, 78838107480866396723079792163342678248580933373626358456202948049319227542078, 26317872452376777519497788862344611457169169098245007896485348869350837838178) [staticcall]
    │   │   │   └─ ← 0xf39fd6e51aad88f6f4ce6ab8827279cfffb92266
    │   │   ├─ [6101] metaLexGuard::checkTransaction(metaLexGuard: [0xce71065d4017f316ec606fe4422e11eb2c47c246], 0, 0xb5522e89000000000000000000000000da10009cbd5d07dd0cecc66161fc93d7c9000da1000000000000000000000000000000000000000000000000002386f26fc10000, 0, 0, 0, 0, 0x0000000000000000000000000000000000000000, 0x0000000000000000000000000000000000000000, 0xae4cc99bc40f2b725fd6a23237c187f0655fa4a1a0eaa26a2088374b8e03ca3e3a2f634fbbcf2be857d8d10cee83ada1a5986d74ec1b7b18d6afdfdac129e1621b, 0xf39fd6e51aad88f6f4ce6ab8827279cfffb92266)
    │   │   │   ├─ [0] console::f5b1bba9(0000000000000000000000000000000000000000000000000000000000000044) [staticcall]
    │   │   │   │   └─ ← ()
    │   │   │   └─ ← ()
    │   │   ├─ [47074] metaLexGuard::addContract(0xda10009cbd5d07dd0cecc66161fc93d7c9000da1, 10000000000000000)
    │   │   │   └─ ← ()
    │   │   ├─  emit topic 0: 0x442e715f626346e8c54381002da614f62bee8d27386535b2521ec8540898556e
    │   │   │           data: 0x9a522c2fd16029e9d196be73024d08360fdb11c44815399b9ef8e67444db8d0b0000000000000000000000000000000000000000000000000000000000000000
    │   │   ├─ [379] metaLexGuard::checkAfterExecution(0x9a522c2fd16029e9d196be73024d08360fdb11c44815399b9ef8e67444db8d0b, true)
    │   │   │   └─ ← ()
    │   │   └─ ← 0x0000000000000000000000000000000000000000000000000000000000000001
    │   └─ ← 0x0000000000000000000000000000000000000000000000000000000000000001
    ├─ [682] 0x2013…2d01::affed0e0() [staticcall]
    │   ├─ [351] 0x3e5c…d36e::affed0e0() [delegatecall]
    │   │   └─ ← 0x0000000000000000000000000000000000000000000000000000000000000004
    │   └─ ← 0x0000000000000000000000000000000000000000000000000000000000000004
    ├─ [2843] 0x2013…2d01::e86637db(000000000000000000000000ce71065d4017f316ec606fe4422e11eb2c47c24600000000000000000000000000000000000000000000000000000000000000000000000000000000000000000000000000000000000000000000000000000140000000000000000000000000000000000000000000000000000000000000000000000000000000000000000000000000000000000000000000000000000000000000000000000000000000000000000000000000000000000000000000000000000000000000000000000000000000000000000000000000000000000000000000000000000000000000000000000000000000000000000000000000000000000000000000000000000000000000000000000000000000000000000000000000000000000000000000000000000000000000000000000000000000000000000400000000000000000000000000000000000000000000000000000000000000446915d647000000000000000000000000f39fd6e51aad88f6f4ce6ab8827279cfffb92266000000000000000000000000000000000000000000000000002386f26fc1000000000000000000000000000000000000000000000000000000000000) [staticcall]
    │   ├─ [2422] 0x3e5c…d36e::e86637db(000000000000000000000000ce71065d4017f316ec606fe4422e11eb2c47c24600000000000000000000000000000000000000000000000000000000000000000000000000000000000000000000000000000000000000000000000000000140000000000000000000000000000000000000000000000000000000000000000000000000000000000000000000000000000000000000000000000000000000000000000000000000000000000000000000000000000000000000000000000000000000000000000000000000000000000000000000000000000000000000000000000000000000000000000000000000000000000000000000000000000000000000000000000000000000000000000000000000000000000000000000000000000000000000000000000000000000000000000000000000000000000000000400000000000000000000000000000000000000000000000000000000000000446915d647000000000000000000000000f39fd6e51aad88f6f4ce6ab8827279cfffb92266000000000000000000000000000000000000000000000000002386f26fc1000000000000000000000000000000000000000000000000000000000000) [delegatecall]
    │   │   └─ ← 0x0000000000000000000000000000000000000000000000000000000000000020000000000000000000000000000000000000000000000000000000000000004219013082379441537f7c669024bbf5518aabfb75fd0a615d5a02cb086b71925b7557ad3ffee42678ac77469b62044f33d29bc5f725580075051af7efdc25b57f2f3a000000000000000000000000000000000000000000000000000000000000
    │   └─ ← 0x0000000000000000000000000000000000000000000000000000000000000020000000000000000000000000000000000000000000000000000000000000004219013082379441537f7c669024bbf5518aabfb75fd0a615d5a02cb086b71925b7557ad3ffee42678ac77469b62044f33d29bc5f725580075051af7efdc25b57f2f3a000000000000000000000000000000000000000000000000000000000000
    ├─ [0] VM::sign(77814517325470205911140941194401928579557062014761831930645393041380819009408, 0x854d81fc11e75b9e6150734d4b31300ef7a0f771c4aeb8a8c170ab37933cb063) [staticcall]
    │   └─ ← 27, 0x9304735667daac3bde0c359ff9e91b285064626da881d0958f786a4634e15b56, 0x77e6b4d0051fd1bf0816f880308c03d565eeb0ca29406a5b09f449535e2bcc43
    ├─ [0] VM::prank(0xf39fd6e51aad88f6f4ce6ab8827279cfffb92266)
    │   └─ ← ()
    ├─ [67031] 0x2013…2d01::6a761202(000000000000000000000000ce71065d4017f316ec606fe4422e11eb2c47c2460000000000000000000000000000000000000000000000000000000000000000000000000000000000000000000000000000000000000000000000000000014000000000000000000000000000000000000000000000000000000000000000000000000000000000000000000000000000000000000000000000000000000000000000000000000000000000000000000000000000000000000000000000000000000000000000000000000000000000000000000000000000000000000000000000000000000000000000000000000000000000000000000000000000000000000000000000000000000000000000000000000000000000000000000000000000000000000000000000000000000000000000000000000000000000000001c000000000000000000000000000000000000000000000000000000000000000446915d647000000000000000000000000f39fd6e51aad88f6f4ce6ab8827279cfffb92266000000000000000000000000000000000000000000000000002386f26fc100000000000000000000000000000000000000000000000000000000000000000000000000000000000000000000000000000000000000000000000000419304735667daac3bde0c359ff9e91b285064626da881d0958f786a4634e15b5677e6b4d0051fd1bf0816f880308c03d565eeb0ca29406a5b09f449535e2bcc431b00000000000000000000000000000000000000000000000000000000000000)
    │   ├─ [66598] 0x3e5c…d36e::6a761202(000000000000000000000000ce71065d4017f316ec606fe4422e11eb2c47c2460000000000000000000000000000000000000000000000000000000000000000000000000000000000000000000000000000000000000000000000000000014000000000000000000000000000000000000000000000000000000000000000000000000000000000000000000000000000000000000000000000000000000000000000000000000000000000000000000000000000000000000000000000000000000000000000000000000000000000000000000000000000000000000000000000000000000000000000000000000000000000000000000000000000000000000000000000000000000000000000000000000000000000000000000000000000000000000000000000000000000000000000000000000000000000000001c000000000000000000000000000000000000000000000000000000000000000446915d647000000000000000000000000f39fd6e51aad88f6f4ce6ab8827279cfffb92266000000000000000000000000000000000000000000000000002386f26fc100000000000000000000000000000000000000000000000000000000000000000000000000000000000000000000000000000000000000000000000000419304735667daac3bde0c359ff9e91b285064626da881d0958f786a4634e15b5677e6b4d0051fd1bf0816f880308c03d565eeb0ca29406a5b09f449535e2bcc431b00000000000000000000000000000000000000000000000000000000000000) [delegatecall]
    │   │   ├─  emit topic 0: 0x66753cd2356569ee081232e3be8909b950e0a76c1f8460c3a5e3c2be32b11bed
    │   │   │           data: 0x000000000000000000000000ce71065d4017f316ec606fe4422e11eb2c47c2460000000000000000000000000000000000000000000000000000000000000000000000000000000000000000000000000000000000000000000000000000016000000000000000000000000000000000000000000000000000000000000000000000000000000000000000000000000000000000000000000000000000000000000000000000000000000000000000000000000000000000000000000000000000000000000000000000000000000000000000000000000000000000000000000000000000000000000000000000000000000000000000000000000000000000000000000000000000000000000000000000000000000000000000000000000000000000000000000000000000000000000000000000000000000000000001e0000000000000000000000000000000000000000000000000000000000000026000000000000000000000000000000000000000000000000000000000000000446915d647000000000000000000000000f39fd6e51aad88f6f4ce6ab8827279cfffb92266000000000000000000000000000000000000000000000000002386f26fc100000000000000000000000000000000000000000000000000000000000000000000000000000000000000000000000000000000000000000000000000419304735667daac3bde0c359ff9e91b285064626da881d0958f786a4634e15b5677e6b4d0051fd1bf0816f880308c03d565eeb0ca29406a5b09f449535e2bcc431b0000000000000000000000000000000000000000000000000000000000000000000000000000000000000000000000000000000000000000000000000000600000000000000000000000000000000000000000000000000000000000000004000000000000000000000000f39fd6e51aad88f6f4ce6ab8827279cfffb922660000000000000000000000000000000000000000000000000000000000000001
    │   │   ├─ [3000] PRECOMPILE::ecrecover(0x854d81fc11e75b9e6150734d4b31300ef7a0f771c4aeb8a8c170ab37933cb063, 27, 66497852160321689727360166565843500983110586093217717677128839456936909953878, 54232851728858708848882615488502233010819650316540664670114413133695363566659) [staticcall]
    │   │   │   └─ ← 0xf39fd6e51aad88f6f4ce6ab8827279cfffb92266
    │   │   ├─ [1601] metaLexGuard::checkTransaction(metaLexGuard: [0xce71065d4017f316ec606fe4422e11eb2c47c246], 0, 0x6915d647000000000000000000000000f39fd6e51aad88f6f4ce6ab8827279cfffb92266000000000000000000000000000000000000000000000000002386f26fc10000, 0, 0, 0, 0, 0x0000000000000000000000000000000000000000, 0x0000000000000000000000000000000000000000, 0x9304735667daac3bde0c359ff9e91b285064626da881d0958f786a4634e15b5677e6b4d0051fd1bf0816f880308c03d565eeb0ca29406a5b09f449535e2bcc431b, 0xf39fd6e51aad88f6f4ce6ab8827279cfffb92266)
    │   │   │   ├─ [0] console::f5b1bba9(0000000000000000000000000000000000000000000000000000000000000044) [staticcall]
    │   │   │   │   └─ ← ()
    │   │   │   └─ ← ()
    │   │   ├─ [44964] metaLexGuard::addRecepient(0xf39fd6e51aad88f6f4ce6ab8827279cfffb92266, 10000000000000000)
    │   │   │   └─ ← ()
    │   │   ├─  emit topic 0: 0x442e715f626346e8c54381002da614f62bee8d27386535b2521ec8540898556e
    │   │   │           data: 0x854d81fc11e75b9e6150734d4b31300ef7a0f771c4aeb8a8c170ab37933cb0630000000000000000000000000000000000000000000000000000000000000000
    │   │   ├─ [379] metaLexGuard::checkAfterExecution(0x854d81fc11e75b9e6150734d4b31300ef7a0f771c4aeb8a8c170ab37933cb063, true)
    │   │   │   └─ ← ()
    │   │   └─ ← 0x0000000000000000000000000000000000000000000000000000000000000001
    │   └─ ← 0x0000000000000000000000000000000000000000000000000000000000000001
    ├─ [682] 0x2013…2d01::affed0e0() [staticcall]
    │   ├─ [351] 0x3e5c…d36e::affed0e0() [delegatecall]
    │   │   └─ ← 0x0000000000000000000000000000000000000000000000000000000000000005
    │   └─ ← 0x0000000000000000000000000000000000000000000000000000000000000005
    ├─ [2843] 0x2013…2d01::e86637db(000000000000000000000000da10009cbd5d07dd0cecc66161fc93d7c9000da10000000000000000000000000000000000000000000000000000000000000000000000000000000000000000000000000000000000000000000000000000014000000000000000000000000000000000000000000000000000000000000000000000000000000000000000000000000000000000000000000000000000000000000000000000000000000000000000000000000000000000000000000000000000000000000000000000000000000000000000000000000000000000000000000000000000000000000000000000000000000000000000000000000000000000000000000000000000000000000000000000000000000000000000000000000000000000000000000000000000000000000000000000000000000000000000050000000000000000000000000000000000000000000000000000000000000044a9059cbb000000000000000000000000f39fd6e51aad88f6f4ce6ab8827279cfffb92266000000000000000000000000000000000000000000000000016345785d8a000000000000000000000000000000000000000000000000000000000000) [staticcall]
    │   ├─ [2422] 0x3e5c…d36e::e86637db(000000000000000000000000da10009cbd5d07dd0cecc66161fc93d7c9000da10000000000000000000000000000000000000000000000000000000000000000000000000000000000000000000000000000000000000000000000000000014000000000000000000000000000000000000000000000000000000000000000000000000000000000000000000000000000000000000000000000000000000000000000000000000000000000000000000000000000000000000000000000000000000000000000000000000000000000000000000000000000000000000000000000000000000000000000000000000000000000000000000000000000000000000000000000000000000000000000000000000000000000000000000000000000000000000000000000000000000000000000000000000000000000000000050000000000000000000000000000000000000000000000000000000000000044a9059cbb000000000000000000000000f39fd6e51aad88f6f4ce6ab8827279cfffb92266000000000000000000000000000000000000000000000000016345785d8a000000000000000000000000000000000000000000000000000000000000) [delegatecall]
    │   │   └─ ← 0x0000000000000000000000000000000000000000000000000000000000000020000000000000000000000000000000000000000000000000000000000000004219013082379441537f7c669024bbf5518aabfb75fd0a615d5a02cb086b71925b7557c273d624f59d7874f913de482cccbc444071bd7488282dee7b403dc0541ead25000000000000000000000000000000000000000000000000000000000000
    │   └─ ← 0x0000000000000000000000000000000000000000000000000000000000000020000000000000000000000000000000000000000000000000000000000000004219013082379441537f7c669024bbf5518aabfb75fd0a615d5a02cb086b71925b7557c273d624f59d7874f913de482cccbc444071bd7488282dee7b403dc0541ead25000000000000000000000000000000000000000000000000000000000000
    ├─ [0] VM::sign(77814517325470205911140941194401928579557062014761831930645393041380819009408, 0x369350ddb3545d3edde9c13e05ec6ded51121334b54144b8d6d342565edabc37) [staticcall]
    │   └─ ← 28, 0x0c7c07428627415bd1bb2bc0cd903d1a3a5f4c475c7d4f6e6503c0b0309e11fb, 0x577d38e13784ba7bdd7edcc909d83b6c7c378609f41c9adb2951366159ab3f56
    ├─ [0] VM::prank(0xf39fd6e51aad88f6f4ce6ab8827279cfffb92266)
    │   └─ ← ()
    ├─ [19374] 0x2013…2d01::6a761202(000000000000000000000000da10009cbd5d07dd0cecc66161fc93d7c9000da10000000000000000000000000000000000000000000000000000000000000000000000000000000000000000000000000000000000000000000000000000014000000000000000000000000000000000000000000000000000000000000000000000000000000000000000000000000000000000000000000000000000000000000000000000000000000000000000000000000000000000000000000000000000000000000000000000000000000000000000000000000000000000000000000000000000000000000000000000000000000000000000000000000000000000000000000000000000000000000000000000000000000000000000000000000000000000000000000000000000000000000000000000000000000000000001c00000000000000000000000000000000000000000000000000000000000000044a9059cbb000000000000000000000000f39fd6e51aad88f6f4ce6ab8827279cfffb92266000000000000000000000000000000000000000000000000016345785d8a00000000000000000000000000000000000000000000000000000000000000000000000000000000000000000000000000000000000000000000000000410c7c07428627415bd1bb2bc0cd903d1a3a5f4c475c7d4f6e6503c0b0309e11fb577d38e13784ba7bdd7edcc909d83b6c7c378609f41c9adb2951366159ab3f561c00000000000000000000000000000000000000000000000000000000000000)
    │   ├─ [18942] 0x3e5c…d36e::6a761202(000000000000000000000000da10009cbd5d07dd0cecc66161fc93d7c9000da10000000000000000000000000000000000000000000000000000000000000000000000000000000000000000000000000000000000000000000000000000014000000000000000000000000000000000000000000000000000000000000000000000000000000000000000000000000000000000000000000000000000000000000000000000000000000000000000000000000000000000000000000000000000000000000000000000000000000000000000000000000000000000000000000000000000000000000000000000000000000000000000000000000000000000000000000000000000000000000000000000000000000000000000000000000000000000000000000000000000000000000000000000000000000000000001c00000000000000000000000000000000000000000000000000000000000000044a9059cbb000000000000000000000000f39fd6e51aad88f6f4ce6ab8827279cfffb92266000000000000000000000000000000000000000000000000016345785d8a00000000000000000000000000000000000000000000000000000000000000000000000000000000000000000000000000000000000000000000000000410c7c07428627415bd1bb2bc0cd903d1a3a5f4c475c7d4f6e6503c0b0309e11fb577d38e13784ba7bdd7edcc909d83b6c7c378609f41c9adb2951366159ab3f561c00000000000000000000000000000000000000000000000000000000000000) [delegatecall]
    │   │   ├─  emit topic 0: 0x66753cd2356569ee081232e3be8909b950e0a76c1f8460c3a5e3c2be32b11bed
    │   │   │           data: 0x000000000000000000000000da10009cbd5d07dd0cecc66161fc93d7c9000da10000000000000000000000000000000000000000000000000000000000000000000000000000000000000000000000000000000000000000000000000000016000000000000000000000000000000000000000000000000000000000000000000000000000000000000000000000000000000000000000000000000000000000000000000000000000000000000000000000000000000000000000000000000000000000000000000000000000000000000000000000000000000000000000000000000000000000000000000000000000000000000000000000000000000000000000000000000000000000000000000000000000000000000000000000000000000000000000000000000000000000000000000000000000000000000001e000000000000000000000000000000000000000000000000000000000000002600000000000000000000000000000000000000000000000000000000000000044a9059cbb000000000000000000000000f39fd6e51aad88f6f4ce6ab8827279cfffb92266000000000000000000000000000000000000000000000000016345785d8a00000000000000000000000000000000000000000000000000000000000000000000000000000000000000000000000000000000000000000000000000410c7c07428627415bd1bb2bc0cd903d1a3a5f4c475c7d4f6e6503c0b0309e11fb577d38e13784ba7bdd7edcc909d83b6c7c378609f41c9adb2951366159ab3f561c0000000000000000000000000000000000000000000000000000000000000000000000000000000000000000000000000000000000000000000000000000600000000000000000000000000000000000000000000000000000000000000005000000000000000000000000f39fd6e51aad88f6f4ce6ab8827279cfffb922660000000000000000000000000000000000000000000000000000000000000001
    │   │   ├─ [3000] PRECOMPILE::ecrecover(0x369350ddb3545d3edde9c13e05ec6ded51121334b54144b8d6d342565edabc37, 28, 5646893324740619663589229334957585917389950387385387697899897396317373993467, 39572466279471671570296210203551766866527238723155219648617666206805984493398) [staticcall]
    │   │   │   └─ ← 0xf39fd6e51aad88f6f4ce6ab8827279cfffb92266
    │   │   ├─ [2076] metaLexGuard::checkTransaction(0xda10009cbd5d07dd0cecc66161fc93d7c9000da1, 0, 0xa9059cbb000000000000000000000000f39fd6e51aad88f6f4ce6ab8827279cfffb92266000000000000000000000000000000000000000000000000016345785d8a0000, 0, 0, 0, 0, 0x0000000000000000000000000000000000000000, 0x0000000000000000000000000000000000000000, 0x0c7c07428627415bd1bb2bc0cd903d1a3a5f4c475c7d4f6e6503c0b0309e11fb577d38e13784ba7bdd7edcc909d83b6c7c378609f41c9adb2951366159ab3f561c, 0xf39fd6e51aad88f6f4ce6ab8827279cfffb92266)
    │   │   │   ├─ [0] console::f5b1bba9(0000000000000000000000000000000000000000000000000000000000000044) [staticcall]
    │   │   │   │   └─ ← ()
    │   │   │   └─ ← "metaLexGuard_AmountOverLimit()"
    │   │   └─ ← 0x7553247e
    │   └─ ← 0x7553247e
    └─ ← "metaLexGuard_AmountOverLimit()"

[PASS] testFailOnNativeOverpayment() (gas: 189177)
Logs:
  68
  0

Traces:
  [189177] ProjectTest::testFailOnNativeOverpayment()
    ├─ [7182] 0x2013…2d01::affed0e0() [staticcall]
    │   ├─ [2351] 0x3e5c…d36e::affed0e0() [delegatecall]
    │   │   └─ ← 0x0000000000000000000000000000000000000000000000000000000000000002
    │   └─ ← 0x0000000000000000000000000000000000000000000000000000000000000002
    ├─ [2828] 0x2013…2d01::e86637db(000000000000000000000000201308b728acb48413cd27ec60b4ffac074c2d010000000000000000000000000000000000000000000000000000000000000000000000000000000000000000000000000000000000000000000000000000014000000000000000000000000000000000000000000000000000000000000000000000000000000000000000000000000000000000000000000000000000000000000000000000000000000000000000000000000000000000000000000000000000000000000000000000000000000000000000000000000000000000000000000000000000000000000000000000000000000000000000000000000000000000000000000000000000000000000000000000000000000000000000000000000000000000000000000000000000000000000000000000000000000000000000020000000000000000000000000000000000000000000000000000000000000024e19a9dd9000000000000000000000000ce71065d4017f316ec606fe4422e11eb2c47c24600000000000000000000000000000000000000000000000000000000) [staticcall]
    │   ├─ [2413] 0x3e5c…d36e::e86637db(000000000000000000000000201308b728acb48413cd27ec60b4ffac074c2d010000000000000000000000000000000000000000000000000000000000000000000000000000000000000000000000000000000000000000000000000000014000000000000000000000000000000000000000000000000000000000000000000000000000000000000000000000000000000000000000000000000000000000000000000000000000000000000000000000000000000000000000000000000000000000000000000000000000000000000000000000000000000000000000000000000000000000000000000000000000000000000000000000000000000000000000000000000000000000000000000000000000000000000000000000000000000000000000000000000000000000000000000000000000000000000000020000000000000000000000000000000000000000000000000000000000000024e19a9dd9000000000000000000000000ce71065d4017f316ec606fe4422e11eb2c47c24600000000000000000000000000000000000000000000000000000000) [delegatecall]
    │   │   └─ ← 0x0000000000000000000000000000000000000000000000000000000000000020000000000000000000000000000000000000000000000000000000000000004219013082379441537f7c669024bbf5518aabfb75fd0a615d5a02cb086b71925b7557a72ea7c7694447ccfa7b7ac00cc3be38ef2fba20743e6c3b4eefb5d07bab4e84000000000000000000000000000000000000000000000000000000000000
    │   └─ ← 0x0000000000000000000000000000000000000000000000000000000000000020000000000000000000000000000000000000000000000000000000000000004219013082379441537f7c669024bbf5518aabfb75fd0a615d5a02cb086b71925b7557a72ea7c7694447ccfa7b7ac00cc3be38ef2fba20743e6c3b4eefb5d07bab4e84000000000000000000000000000000000000000000000000000000000000
    ├─ [0] VM::sign(77814517325470205911140941194401928579557062014761831930645393041380819009408, 0xdd0332c8c18ba2353f568b3c9148035fcde33540036f1be239c542683ef374f6) [staticcall]
    │   └─ ← 28, 0xb2715784dfcb6a7f50edbeb952e35bf3af7b9490f672bdcca87b8a315f1013fc, 0x117b3b1cd34ff1f3235233c74d0aa044a460501c62b57193cb2c7dc1f28c6b0f
    ├─ [0] VM::prank(0xf39fd6e51aad88f6f4ce6ab8827279cfffb92266)
    │   └─ ← ()
    ├─ [48720] 0x2013…2d01::6a761202(000000000000000000000000201308b728acb48413cd27ec60b4ffac074c2d010000000000000000000000000000000000000000000000000000000000000000000000000000000000000000000000000000000000000000000000000000014000000000000000000000000000000000000000000000000000000000000000000000000000000000000000000000000000000000000000000000000000000000000000000000000000000000000000000000000000000000000000000000000000000000000000000000000000000000000000000000000000000000000000000000000000000000000000000000000000000000000000000000000000000000000000000000000000000000000000000000000000000000000000000000000000000000000000000000000000000000000000000000000000000000000001a00000000000000000000000000000000000000000000000000000000000000024e19a9dd9000000000000000000000000ce71065d4017f316ec606fe4422e11eb2c47c246000000000000000000000000000000000000000000000000000000000000000000000000000000000000000000000000000000000000000000000041b2715784dfcb6a7f50edbeb952e35bf3af7b9490f672bdcca87b8a315f1013fc117b3b1cd34ff1f3235233c74d0aa044a460501c62b57193cb2c7dc1f28c6b0f1c00000000000000000000000000000000000000000000000000000000000000)
    │   ├─ [48293] 0x3e5c…d36e::6a761202(000000000000000000000000201308b728acb48413cd27ec60b4ffac074c2d010000000000000000000000000000000000000000000000000000000000000000000000000000000000000000000000000000000000000000000000000000014000000000000000000000000000000000000000000000000000000000000000000000000000000000000000000000000000000000000000000000000000000000000000000000000000000000000000000000000000000000000000000000000000000000000000000000000000000000000000000000000000000000000000000000000000000000000000000000000000000000000000000000000000000000000000000000000000000000000000000000000000000000000000000000000000000000000000000000000000000000000000000000000000000000000001a00000000000000000000000000000000000000000000000000000000000000024e19a9dd9000000000000000000000000ce71065d4017f316ec606fe4422e11eb2c47c246000000000000000000000000000000000000000000000000000000000000000000000000000000000000000000000000000000000000000000000041b2715784dfcb6a7f50edbeb952e35bf3af7b9490f672bdcca87b8a315f1013fc117b3b1cd34ff1f3235233c74d0aa044a460501c62b57193cb2c7dc1f28c6b0f1c00000000000000000000000000000000000000000000000000000000000000) [delegatecall]
    │   │   ├─  emit topic 0: 0x66753cd2356569ee081232e3be8909b950e0a76c1f8460c3a5e3c2be32b11bed
    │   │   │           data: 0x000000000000000000000000201308b728acb48413cd27ec60b4ffac074c2d010000000000000000000000000000000000000000000000000000000000000000000000000000000000000000000000000000000000000000000000000000016000000000000000000000000000000000000000000000000000000000000000000000000000000000000000000000000000000000000000000000000000000000000000000000000000000000000000000000000000000000000000000000000000000000000000000000000000000000000000000000000000000000000000000000000000000000000000000000000000000000000000000000000000000000000000000000000000000000000000000000000000000000000000000000000000000000000000000000000000000000000000000000000000000000000001c000000000000000000000000000000000000000000000000000000000000002400000000000000000000000000000000000000000000000000000000000000024e19a9dd9000000000000000000000000ce71065d4017f316ec606fe4422e11eb2c47c246000000000000000000000000000000000000000000000000000000000000000000000000000000000000000000000000000000000000000000000041b2715784dfcb6a7f50edbeb952e35bf3af7b9490f672bdcca87b8a315f1013fc117b3b1cd34ff1f3235233c74d0aa044a460501c62b57193cb2c7dc1f28c6b0f1c0000000000000000000000000000000000000000000000000000000000000000000000000000000000000000000000000000000000000000000000000000600000000000000000000000000000000000000000000000000000000000000002000000000000000000000000f39fd6e51aad88f6f4ce6ab8827279cfffb922660000000000000000000000000000000000000000000000000000000000000001
    │   │   ├─ [3000] PRECOMPILE::ecrecover(0xdd0332c8c18ba2353f568b3c9148035fcde33540036f1be239c542683ef374f6, 28, 80711944800354826935609854279394083545176852230082238326013572508475636847612, 7907048595050018253709748460485820367277202979268491663054667203840605711119) [staticcall]
    │   │   │   └─ ← 0xf39fd6e51aad88f6f4ce6ab8827279cfffb92266
    │   │   ├─ [21765] 0x2013…2d01::e19a9dd9(000000000000000000000000ce71065d4017f316ec606fe4422e11eb2c47c246)
    │   │   │   ├─ [21434] 0x3e5c…d36e::e19a9dd9(000000000000000000000000ce71065d4017f316ec606fe4422e11eb2c47c246) [delegatecall]
    │   │   │   │   ├─  emit topic 0: 0x1151116914515bc0891ff9047a6cb32cf902546f83066499bcf8ba33d2353fa2
    │   │   │   │   │           data: 0x000000000000000000000000ce71065d4017f316ec606fe4422e11eb2c47c246
    │   │   │   │   └─ ← ()
    │   │   │   └─ ← ()
    │   │   ├─  emit topic 0: 0x442e715f626346e8c54381002da614f62bee8d27386535b2521ec8540898556e
    │   │   │           data: 0xdd0332c8c18ba2353f568b3c9148035fcde33540036f1be239c542683ef374f60000000000000000000000000000000000000000000000000000000000000000
    │   │   └─ ← 0x0000000000000000000000000000000000000000000000000000000000000001
    │   └─ ← 0x0000000000000000000000000000000000000000000000000000000000000001
    ├─ [682] 0x2013…2d01::affed0e0() [staticcall]
    │   ├─ [351] 0x3e5c…d36e::affed0e0() [delegatecall]
    │   │   └─ ← 0x0000000000000000000000000000000000000000000000000000000000000003
    │   └─ ← 0x0000000000000000000000000000000000000000000000000000000000000003
    ├─ [2843] 0x2013…2d01::e86637db(000000000000000000000000ce71065d4017f316ec606fe4422e11eb2c47c24600000000000000000000000000000000000000000000000000000000000000000000000000000000000000000000000000000000000000000000000000000140000000000000000000000000000000000000000000000000000000000000000000000000000000000000000000000000000000000000000000000000000000000000000000000000000000000000000000000000000000000000000000000000000000000000000000000000000000000000000000000000000000000000000000000000000000000000000000000000000000000000000000000000000000000000000000000000000000000000000000000000000000000000000000000000000000000000000000000000000000000000000000000000000000000000000300000000000000000000000000000000000000000000000000000000000000446915d647000000000000000000000000f39fd6e51aad88f6f4ce6ab8827279cfffb92266000000000000000000000000000000000000000000000000016345785d8a000000000000000000000000000000000000000000000000000000000000) [staticcall]
    │   ├─ [2422] 0x3e5c…d36e::e86637db(000000000000000000000000ce71065d4017f316ec606fe4422e11eb2c47c24600000000000000000000000000000000000000000000000000000000000000000000000000000000000000000000000000000000000000000000000000000140000000000000000000000000000000000000000000000000000000000000000000000000000000000000000000000000000000000000000000000000000000000000000000000000000000000000000000000000000000000000000000000000000000000000000000000000000000000000000000000000000000000000000000000000000000000000000000000000000000000000000000000000000000000000000000000000000000000000000000000000000000000000000000000000000000000000000000000000000000000000000000000000000000000000000300000000000000000000000000000000000000000000000000000000000000446915d647000000000000000000000000f39fd6e51aad88f6f4ce6ab8827279cfffb92266000000000000000000000000000000000000000000000000016345785d8a000000000000000000000000000000000000000000000000000000000000) [delegatecall]
    │   │   └─ ← 0x0000000000000000000000000000000000000000000000000000000000000020000000000000000000000000000000000000000000000000000000000000004219013082379441537f7c669024bbf5518aabfb75fd0a615d5a02cb086b71925b7557b9a8db0cdb257df362035a6289db98d1fa0bb7975a98bb44a0ef3d8387016efa000000000000000000000000000000000000000000000000000000000000
    │   └─ ← 0x0000000000000000000000000000000000000000000000000000000000000020000000000000000000000000000000000000000000000000000000000000004219013082379441537f7c669024bbf5518aabfb75fd0a615d5a02cb086b71925b7557b9a8db0cdb257df362035a6289db98d1fa0bb7975a98bb44a0ef3d8387016efa000000000000000000000000000000000000000000000000000000000000
    ├─ [0] VM::sign(77814517325470205911140941194401928579557062014761831930645393041380819009408, 0xd2e6250e8e1f78a75bc697af86ee4a32d1bc51484d714dcf75c0d876f3cb3224) [staticcall]
    │   └─ ← 28, 0x85960789319d1efde3d9f8f620bb64be99c0730278533d5f032bab1f480f6ace, 0x474b91ddc752d14c88c88b4f3e366d4b5b9eb76b16c03eb3e3a4583b599c61cf
    ├─ [0] VM::prank(0xf39fd6e51aad88f6f4ce6ab8827279cfffb92266)
    │   └─ ← ()
    ├─ [76031] 0x2013…2d01::6a761202(000000000000000000000000ce71065d4017f316ec606fe4422e11eb2c47c2460000000000000000000000000000000000000000000000000000000000000000000000000000000000000000000000000000000000000000000000000000014000000000000000000000000000000000000000000000000000000000000000000000000000000000000000000000000000000000000000000000000000000000000000000000000000000000000000000000000000000000000000000000000000000000000000000000000000000000000000000000000000000000000000000000000000000000000000000000000000000000000000000000000000000000000000000000000000000000000000000000000000000000000000000000000000000000000000000000000000000000000000000000000000000000000001c000000000000000000000000000000000000000000000000000000000000000446915d647000000000000000000000000f39fd6e51aad88f6f4ce6ab8827279cfffb92266000000000000000000000000000000000000000000000000016345785d8a000000000000000000000000000000000000000000000000000000000000000000000000000000000000000000000000000000000000000000000000004185960789319d1efde3d9f8f620bb64be99c0730278533d5f032bab1f480f6ace474b91ddc752d14c88c88b4f3e366d4b5b9eb76b16c03eb3e3a4583b599c61cf1c00000000000000000000000000000000000000000000000000000000000000)
    │   ├─ [75598] 0x3e5c…d36e::6a761202(000000000000000000000000ce71065d4017f316ec606fe4422e11eb2c47c2460000000000000000000000000000000000000000000000000000000000000000000000000000000000000000000000000000000000000000000000000000014000000000000000000000000000000000000000000000000000000000000000000000000000000000000000000000000000000000000000000000000000000000000000000000000000000000000000000000000000000000000000000000000000000000000000000000000000000000000000000000000000000000000000000000000000000000000000000000000000000000000000000000000000000000000000000000000000000000000000000000000000000000000000000000000000000000000000000000000000000000000000000000000000000000000001c000000000000000000000000000000000000000000000000000000000000000446915d647000000000000000000000000f39fd6e51aad88f6f4ce6ab8827279cfffb92266000000000000000000000000000000000000000000000000016345785d8a000000000000000000000000000000000000000000000000000000000000000000000000000000000000000000000000000000000000000000000000004185960789319d1efde3d9f8f620bb64be99c0730278533d5f032bab1f480f6ace474b91ddc752d14c88c88b4f3e366d4b5b9eb76b16c03eb3e3a4583b599c61cf1c00000000000000000000000000000000000000000000000000000000000000) [delegatecall]
    │   │   ├─  emit topic 0: 0x66753cd2356569ee081232e3be8909b950e0a76c1f8460c3a5e3c2be32b11bed
    │   │   │           data: 0x000000000000000000000000ce71065d4017f316ec606fe4422e11eb2c47c2460000000000000000000000000000000000000000000000000000000000000000000000000000000000000000000000000000000000000000000000000000016000000000000000000000000000000000000000000000000000000000000000000000000000000000000000000000000000000000000000000000000000000000000000000000000000000000000000000000000000000000000000000000000000000000000000000000000000000000000000000000000000000000000000000000000000000000000000000000000000000000000000000000000000000000000000000000000000000000000000000000000000000000000000000000000000000000000000000000000000000000000000000000000000000000000001e0000000000000000000000000000000000000000000000000000000000000026000000000000000000000000000000000000000000000000000000000000000446915d647000000000000000000000000f39fd6e51aad88f6f4ce6ab8827279cfffb92266000000000000000000000000000000000000000000000000016345785d8a000000000000000000000000000000000000000000000000000000000000000000000000000000000000000000000000000000000000000000000000004185960789319d1efde3d9f8f620bb64be99c0730278533d5f032bab1f480f6ace474b91ddc752d14c88c88b4f3e366d4b5b9eb76b16c03eb3e3a4583b599c61cf1c0000000000000000000000000000000000000000000000000000000000000000000000000000000000000000000000000000000000000000000000000000600000000000000000000000000000000000000000000000000000000000000003000000000000000000000000f39fd6e51aad88f6f4ce6ab8827279cfffb922660000000000000000000000000000000000000000000000000000000000000001
    │   │   ├─ [3000] PRECOMPILE::ecrecover(0xd2e6250e8e1f78a75bc697af86ee4a32d1bc51484d714dcf75c0d876f3cb3224, 28, 60422687932253246384142899573699617990439277645913527466839682787148861237966, 32247732511630005687198200855247622018708471072771144211033261302627715277263) [staticcall]
    │   │   │   └─ ← 0xf39fd6e51aad88f6f4ce6ab8827279cfffb92266
    │   │   ├─ [6101] metaLexGuard::checkTransaction(metaLexGuard: [0xce71065d4017f316ec606fe4422e11eb2c47c246], 0, 0x6915d647000000000000000000000000f39fd6e51aad88f6f4ce6ab8827279cfffb92266000000000000000000000000000000000000000000000000016345785d8a0000, 0, 0, 0, 0, 0x0000000000000000000000000000000000000000, 0x0000000000000000000000000000000000000000, 0x85960789319d1efde3d9f8f620bb64be99c0730278533d5f032bab1f480f6ace474b91ddc752d14c88c88b4f3e366d4b5b9eb76b16c03eb3e3a4583b599c61cf1c, 0xf39fd6e51aad88f6f4ce6ab8827279cfffb92266)
    │   │   │   ├─ [0] console::f5b1bba9(0000000000000000000000000000000000000000000000000000000000000044) [staticcall]
    │   │   │   │   └─ ← ()
    │   │   │   └─ ← ()
    │   │   ├─ [46964] metaLexGuard::addRecepient(0xf39fd6e51aad88f6f4ce6ab8827279cfffb92266, 100000000000000000)
    │   │   │   └─ ← ()
    │   │   ├─  emit topic 0: 0x442e715f626346e8c54381002da614f62bee8d27386535b2521ec8540898556e
    │   │   │           data: 0xd2e6250e8e1f78a75bc697af86ee4a32d1bc51484d714dcf75c0d876f3cb32240000000000000000000000000000000000000000000000000000000000000000
    │   │   ├─ [379] metaLexGuard::checkAfterExecution(0xd2e6250e8e1f78a75bc697af86ee4a32d1bc51484d714dcf75c0d876f3cb3224, true)
    │   │   │   └─ ← ()
    │   │   └─ ← 0x0000000000000000000000000000000000000000000000000000000000000001
    │   └─ ← 0x0000000000000000000000000000000000000000000000000000000000000001
    ├─ [682] 0x2013…2d01::affed0e0() [staticcall]
    │   ├─ [351] 0x3e5c…d36e::affed0e0() [delegatecall]
    │   │   └─ ← 0x0000000000000000000000000000000000000000000000000000000000000004
    │   └─ ← 0x0000000000000000000000000000000000000000000000000000000000000004
    ├─ [2798] 0x2013…2d01::e86637db(000000000000000000000000f39fd6e51aad88f6f4ce6ab8827279cfffb922660000000000000000000000000000000000000000000000001bc16d674ec80000000000000000000000000000000000000000000000000000000000000000014000000000000000000000000000000000000000000000000000000000000000000000000000000000000000000000000000000000000000000000000000000000000000000000000000000000000000000000000000000000000000000000000000000000000000000000000000000000000000000000000000000000000000000000000000000000000000000000000000000000000000000000000000000000000000000000000000000000000000000000000000000000000000000000000000000000000000000000000000000000000000000000000000000000000000040000000000000000000000000000000000000000000000000000000000000000) [staticcall]
    │   ├─ [2395] 0x3e5c…d36e::e86637db(000000000000000000000000f39fd6e51aad88f6f4ce6ab8827279cfffb922660000000000000000000000000000000000000000000000001bc16d674ec80000000000000000000000000000000000000000000000000000000000000000014000000000000000000000000000000000000000000000000000000000000000000000000000000000000000000000000000000000000000000000000000000000000000000000000000000000000000000000000000000000000000000000000000000000000000000000000000000000000000000000000000000000000000000000000000000000000000000000000000000000000000000000000000000000000000000000000000000000000000000000000000000000000000000000000000000000000000000000000000000000000000000000000000000000000000040000000000000000000000000000000000000000000000000000000000000000) [delegatecall]
    │   │   └─ ← 0x0000000000000000000000000000000000000000000000000000000000000020000000000000000000000000000000000000000000000000000000000000004219013082379441537f7c669024bbf5518aabfb75fd0a615d5a02cb086b71925b7557b0a0c56ad387312d1cb2f85d32d2a9e08870fdbc4d5db88811d101f41638af8c000000000000000000000000000000000000000000000000000000000000
    │   └─ ← 0x0000000000000000000000000000000000000000000000000000000000000020000000000000000000000000000000000000000000000000000000000000004219013082379441537f7c669024bbf5518aabfb75fd0a615d5a02cb086b71925b7557b0a0c56ad387312d1cb2f85d32d2a9e08870fdbc4d5db88811d101f41638af8c000000000000000000000000000000000000000000000000000000000000
    ├─ [0] VM::sign(77814517325470205911140941194401928579557062014761831930645393041380819009408, 0x8e0d933e05e5a904c5fbbf00501490b2b1bc0a7d1a446f98fde4b531812f8206) [staticcall]
    │   └─ ← 28, 0xa7aaca2cbb3d51e404bdd234d4a9ba8d49a57ea0746dd06b027e6aec8d1e5d52, 0x5bca36b45eb83affe507f3a1021eca82a6303878af005b88ee597ae412d04ffc
    ├─ [0] VM::prank(0xf39fd6e51aad88f6f4ce6ab8827279cfffb92266)
    │   └─ ← ()
    ├─ [18071] 0x2013…2d01::6a761202(000000000000000000000000f39fd6e51aad88f6f4ce6ab8827279cfffb922660000000000000000000000000000000000000000000000001bc16d674ec800000000000000000000000000000000000000000000000000000000000000000140000000000000000000000000000000000000000000000000000000000000000000000000000000000000000000000000000000000000000000000000000000000000000000000000000000000000000000000000000000000000000000000000000000000000000000000000000000000000000000000000000000000000000000000000000000000000000000000000000000000000000000000000000000000000000000000000000000000000000000000000000000000000000000000000000000000000000000000000000000000000000000000000000000000000016000000000000000000000000000000000000000000000000000000000000000000000000000000000000000000000000000000000000000000000000000000041a7aaca2cbb3d51e404bdd234d4a9ba8d49a57ea0746dd06b027e6aec8d1e5d525bca36b45eb83affe507f3a1021eca82a6303878af005b88ee597ae412d04ffc1c00000000000000000000000000000000000000000000000000000000000000)
    │   ├─ [17657] 0x3e5c…d36e::6a761202(000000000000000000000000f39fd6e51aad88f6f4ce6ab8827279cfffb922660000000000000000000000000000000000000000000000001bc16d674ec800000000000000000000000000000000000000000000000000000000000000000140000000000000000000000000000000000000000000000000000000000000000000000000000000000000000000000000000000000000000000000000000000000000000000000000000000000000000000000000000000000000000000000000000000000000000000000000000000000000000000000000000000000000000000000000000000000000000000000000000000000000000000000000000000000000000000000000000000000000000000000000000000000000000000000000000000000000000000000000000000000000000000000000000000000000016000000000000000000000000000000000000000000000000000000000000000000000000000000000000000000000000000000000000000000000000000000041a7aaca2cbb3d51e404bdd234d4a9ba8d49a57ea0746dd06b027e6aec8d1e5d525bca36b45eb83affe507f3a1021eca82a6303878af005b88ee597ae412d04ffc1c00000000000000000000000000000000000000000000000000000000000000) [delegatecall]
    │   │   ├─  emit topic 0: 0x66753cd2356569ee081232e3be8909b950e0a76c1f8460c3a5e3c2be32b11bed
    │   │   │           data: 0x000000000000000000000000f39fd6e51aad88f6f4ce6ab8827279cfffb922660000000000000000000000000000000000000000000000001bc16d674ec8000000000000000000000000000000000000000000000000000000000000000001600000000000000000000000000000000000000000000000000000000000000000000000000000000000000000000000000000000000000000000000000000000000000000000000000000000000000000000000000000000000000000000000000000000000000000000000000000000000000000000000000000000000000000000000000000000000000000000000000000000000000000000000000000000000000000000000000000000000000000000000000000000000000000000000000000000000000000000000000000000000000000000000000000000000000180000000000000000000000000000000000000000000000000000000000000020000000000000000000000000000000000000000000000000000000000000000000000000000000000000000000000000000000000000000000000000000000041a7aaca2cbb3d51e404bdd234d4a9ba8d49a57ea0746dd06b027e6aec8d1e5d525bca36b45eb83affe507f3a1021eca82a6303878af005b88ee597ae412d04ffc1c0000000000000000000000000000000000000000000000000000000000000000000000000000000000000000000000000000000000000000000000000000600000000000000000000000000000000000000000000000000000000000000004000000000000000000000000f39fd6e51aad88f6f4ce6ab8827279cfffb922660000000000000000000000000000000000000000000000000000000000000001
    │   │   ├─ [3000] PRECOMPILE::ecrecover(0x8e0d933e05e5a904c5fbbf00501490b2b1bc0a7d1a446f98fde4b531812f8206, 28, 75838005073136141322683892029681554204660469349455869450418649617809811594578, 41517749885230745189272495042858846243934080155827976087749770021496408788988) [staticcall]
    │   │   │   └─ ← 0xf39fd6e51aad88f6f4ce6ab8827279cfffb92266
    │   │   ├─ [1614] metaLexGuard::checkTransaction(0xf39fd6e51aad88f6f4ce6ab8827279cfffb92266, 2000000000000000000, 0x, 0, 0, 0, 0, 0x0000000000000000000000000000000000000000, 0x0000000000000000000000000000000000000000, 0xa7aaca2cbb3d51e404bdd234d4a9ba8d49a57ea0746dd06b027e6aec8d1e5d525bca36b45eb83affe507f3a1021eca82a6303878af005b88ee597ae412d04ffc1c, 0xf39fd6e51aad88f6f4ce6ab8827279cfffb92266)
    │   │   │   ├─ [0] console::f5b1bba9(0000000000000000000000000000000000000000000000000000000000000000) [staticcall]
    │   │   │   │   └─ ← ()
    │   │   │   └─ ← "metaLexGuard_AmountOverLimit()"
    │   │   └─ ← 0x7553247e
    │   └─ ← 0x7553247e
    └─ ← "metaLexGuard_AmountOverLimit()"

[PASS] testFailOnNativeRug() (gas: 110927)
Logs:
  0

Traces:
  [110927] ProjectTest::testFailOnNativeRug()
    ├─ [7182] 0x2013…2d01::affed0e0() [staticcall]
    │   ├─ [2351] 0x3e5c…d36e::affed0e0() [delegatecall]
    │   │   └─ ← 0x0000000000000000000000000000000000000000000000000000000000000002
    │   └─ ← 0x0000000000000000000000000000000000000000000000000000000000000002
    ├─ [2828] 0x2013…2d01::e86637db(000000000000000000000000201308b728acb48413cd27ec60b4ffac074c2d010000000000000000000000000000000000000000000000000000000000000000000000000000000000000000000000000000000000000000000000000000014000000000000000000000000000000000000000000000000000000000000000000000000000000000000000000000000000000000000000000000000000000000000000000000000000000000000000000000000000000000000000000000000000000000000000000000000000000000000000000000000000000000000000000000000000000000000000000000000000000000000000000000000000000000000000000000000000000000000000000000000000000000000000000000000000000000000000000000000000000000000000000000000000000000000000020000000000000000000000000000000000000000000000000000000000000024e19a9dd9000000000000000000000000ce71065d4017f316ec606fe4422e11eb2c47c24600000000000000000000000000000000000000000000000000000000) [staticcall]
    │   ├─ [2413] 0x3e5c…d36e::e86637db(000000000000000000000000201308b728acb48413cd27ec60b4ffac074c2d010000000000000000000000000000000000000000000000000000000000000000000000000000000000000000000000000000000000000000000000000000014000000000000000000000000000000000000000000000000000000000000000000000000000000000000000000000000000000000000000000000000000000000000000000000000000000000000000000000000000000000000000000000000000000000000000000000000000000000000000000000000000000000000000000000000000000000000000000000000000000000000000000000000000000000000000000000000000000000000000000000000000000000000000000000000000000000000000000000000000000000000000000000000000000000000000020000000000000000000000000000000000000000000000000000000000000024e19a9dd9000000000000000000000000ce71065d4017f316ec606fe4422e11eb2c47c24600000000000000000000000000000000000000000000000000000000) [delegatecall]
    │   │   └─ ← 0x0000000000000000000000000000000000000000000000000000000000000020000000000000000000000000000000000000000000000000000000000000004219013082379441537f7c669024bbf5518aabfb75fd0a615d5a02cb086b71925b7557a72ea7c7694447ccfa7b7ac00cc3be38ef2fba20743e6c3b4eefb5d07bab4e84000000000000000000000000000000000000000000000000000000000000
    │   └─ ← 0x0000000000000000000000000000000000000000000000000000000000000020000000000000000000000000000000000000000000000000000000000000004219013082379441537f7c669024bbf5518aabfb75fd0a615d5a02cb086b71925b7557a72ea7c7694447ccfa7b7ac00cc3be38ef2fba20743e6c3b4eefb5d07bab4e84000000000000000000000000000000000000000000000000000000000000
    ├─ [0] VM::sign(77814517325470205911140941194401928579557062014761831930645393041380819009408, 0xdd0332c8c18ba2353f568b3c9148035fcde33540036f1be239c542683ef374f6) [staticcall]
    │   └─ ← 28, 0xb2715784dfcb6a7f50edbeb952e35bf3af7b9490f672bdcca87b8a315f1013fc, 0x117b3b1cd34ff1f3235233c74d0aa044a460501c62b57193cb2c7dc1f28c6b0f
    ├─ [0] VM::prank(0xf39fd6e51aad88f6f4ce6ab8827279cfffb92266)
    │   └─ ← ()
    ├─ [48720] 0x2013…2d01::6a761202(000000000000000000000000201308b728acb48413cd27ec60b4ffac074c2d010000000000000000000000000000000000000000000000000000000000000000000000000000000000000000000000000000000000000000000000000000014000000000000000000000000000000000000000000000000000000000000000000000000000000000000000000000000000000000000000000000000000000000000000000000000000000000000000000000000000000000000000000000000000000000000000000000000000000000000000000000000000000000000000000000000000000000000000000000000000000000000000000000000000000000000000000000000000000000000000000000000000000000000000000000000000000000000000000000000000000000000000000000000000000000000001a00000000000000000000000000000000000000000000000000000000000000024e19a9dd9000000000000000000000000ce71065d4017f316ec606fe4422e11eb2c47c246000000000000000000000000000000000000000000000000000000000000000000000000000000000000000000000000000000000000000000000041b2715784dfcb6a7f50edbeb952e35bf3af7b9490f672bdcca87b8a315f1013fc117b3b1cd34ff1f3235233c74d0aa044a460501c62b57193cb2c7dc1f28c6b0f1c00000000000000000000000000000000000000000000000000000000000000)
    │   ├─ [48293] 0x3e5c…d36e::6a761202(000000000000000000000000201308b728acb48413cd27ec60b4ffac074c2d010000000000000000000000000000000000000000000000000000000000000000000000000000000000000000000000000000000000000000000000000000014000000000000000000000000000000000000000000000000000000000000000000000000000000000000000000000000000000000000000000000000000000000000000000000000000000000000000000000000000000000000000000000000000000000000000000000000000000000000000000000000000000000000000000000000000000000000000000000000000000000000000000000000000000000000000000000000000000000000000000000000000000000000000000000000000000000000000000000000000000000000000000000000000000000000001a00000000000000000000000000000000000000000000000000000000000000024e19a9dd9000000000000000000000000ce71065d4017f316ec606fe4422e11eb2c47c246000000000000000000000000000000000000000000000000000000000000000000000000000000000000000000000000000000000000000000000041b2715784dfcb6a7f50edbeb952e35bf3af7b9490f672bdcca87b8a315f1013fc117b3b1cd34ff1f3235233c74d0aa044a460501c62b57193cb2c7dc1f28c6b0f1c00000000000000000000000000000000000000000000000000000000000000) [delegatecall]
    │   │   ├─  emit topic 0: 0x66753cd2356569ee081232e3be8909b950e0a76c1f8460c3a5e3c2be32b11bed
    │   │   │           data: 0x000000000000000000000000201308b728acb48413cd27ec60b4ffac074c2d010000000000000000000000000000000000000000000000000000000000000000000000000000000000000000000000000000000000000000000000000000016000000000000000000000000000000000000000000000000000000000000000000000000000000000000000000000000000000000000000000000000000000000000000000000000000000000000000000000000000000000000000000000000000000000000000000000000000000000000000000000000000000000000000000000000000000000000000000000000000000000000000000000000000000000000000000000000000000000000000000000000000000000000000000000000000000000000000000000000000000000000000000000000000000000000001c000000000000000000000000000000000000000000000000000000000000002400000000000000000000000000000000000000000000000000000000000000024e19a9dd9000000000000000000000000ce71065d4017f316ec606fe4422e11eb2c47c246000000000000000000000000000000000000000000000000000000000000000000000000000000000000000000000000000000000000000000000041b2715784dfcb6a7f50edbeb952e35bf3af7b9490f672bdcca87b8a315f1013fc117b3b1cd34ff1f3235233c74d0aa044a460501c62b57193cb2c7dc1f28c6b0f1c0000000000000000000000000000000000000000000000000000000000000000000000000000000000000000000000000000000000000000000000000000600000000000000000000000000000000000000000000000000000000000000002000000000000000000000000f39fd6e51aad88f6f4ce6ab8827279cfffb922660000000000000000000000000000000000000000000000000000000000000001
    │   │   ├─ [3000] PRECOMPILE::ecrecover(0xdd0332c8c18ba2353f568b3c9148035fcde33540036f1be239c542683ef374f6, 28, 80711944800354826935609854279394083545176852230082238326013572508475636847612, 7907048595050018253709748460485820367277202979268491663054667203840605711119) [staticcall]
    │   │   │   └─ ← 0xf39fd6e51aad88f6f4ce6ab8827279cfffb92266
    │   │   ├─ [21765] 0x2013…2d01::e19a9dd9(000000000000000000000000ce71065d4017f316ec606fe4422e11eb2c47c246)
    │   │   │   ├─ [21434] 0x3e5c…d36e::e19a9dd9(000000000000000000000000ce71065d4017f316ec606fe4422e11eb2c47c246) [delegatecall]
    │   │   │   │   ├─  emit topic 0: 0x1151116914515bc0891ff9047a6cb32cf902546f83066499bcf8ba33d2353fa2
    │   │   │   │   │           data: 0x000000000000000000000000ce71065d4017f316ec606fe4422e11eb2c47c246
    │   │   │   │   └─ ← ()
    │   │   │   └─ ← ()
    │   │   ├─  emit topic 0: 0x442e715f626346e8c54381002da614f62bee8d27386535b2521ec8540898556e
    │   │   │           data: 0xdd0332c8c18ba2353f568b3c9148035fcde33540036f1be239c542683ef374f60000000000000000000000000000000000000000000000000000000000000000
    │   │   └─ ← 0x0000000000000000000000000000000000000000000000000000000000000001
    │   └─ ← 0x0000000000000000000000000000000000000000000000000000000000000001
    ├─ [682] 0x2013…2d01::affed0e0() [staticcall]
    │   ├─ [351] 0x3e5c…d36e::affed0e0() [delegatecall]
    │   │   └─ ← 0x0000000000000000000000000000000000000000000000000000000000000003
    │   └─ ← 0x0000000000000000000000000000000000000000000000000000000000000003
    ├─ [2798] 0x2013…2d01::e86637db(000000000000000000000000f39fd6e51aad88f6f4ce6ab8827279cfffb922660000000000000000000000000000000000000000000000001bc16d674ec80000000000000000000000000000000000000000000000000000000000000000014000000000000000000000000000000000000000000000000000000000000000000000000000000000000000000000000000000000000000000000000000000000000000000000000000000000000000000000000000000000000000000000000000000000000000000000000000000000000000000000000000000000000000000000000000000000000000000000000000000000000000000000000000000000000000000000000000000000000000000000000000000000000000000000000000000000000000000000000000000000000000000000000000000000000000030000000000000000000000000000000000000000000000000000000000000000) [staticcall]
    │   ├─ [2395] 0x3e5c…d36e::e86637db(000000000000000000000000f39fd6e51aad88f6f4ce6ab8827279cfffb922660000000000000000000000000000000000000000000000001bc16d674ec80000000000000000000000000000000000000000000000000000000000000000014000000000000000000000000000000000000000000000000000000000000000000000000000000000000000000000000000000000000000000000000000000000000000000000000000000000000000000000000000000000000000000000000000000000000000000000000000000000000000000000000000000000000000000000000000000000000000000000000000000000000000000000000000000000000000000000000000000000000000000000000000000000000000000000000000000000000000000000000000000000000000000000000000000000000000030000000000000000000000000000000000000000000000000000000000000000) [delegatecall]
    │   │   └─ ← 0x0000000000000000000000000000000000000000000000000000000000000020000000000000000000000000000000000000000000000000000000000000004219013082379441537f7c669024bbf5518aabfb75fd0a615d5a02cb086b71925b7557c70cb821494f5bcabf3c792044871d983a14a9214aac5915ec7a5d37ac8c5d56000000000000000000000000000000000000000000000000000000000000
    │   └─ ← 0x0000000000000000000000000000000000000000000000000000000000000020000000000000000000000000000000000000000000000000000000000000004219013082379441537f7c669024bbf5518aabfb75fd0a615d5a02cb086b71925b7557c70cb821494f5bcabf3c792044871d983a14a9214aac5915ec7a5d37ac8c5d56000000000000000000000000000000000000000000000000000000000000
    ├─ [0] VM::sign(77814517325470205911140941194401928579557062014761831930645393041380819009408, 0xfd1166d09bcb758307324cb46b2f7d73f93264798382539875d2ed191fef1683) [staticcall]
    │   └─ ← 28, 0x3c54ee42fbd1f1ccf219bdb7cb3a2be3bc3443cdda1ee85d480106637d623722, 0x75fa4a55d9ee7d42e69dc5b4af49d2904b67d106e137b16157eacb1444242686
    ├─ [0] VM::prank(0xf39fd6e51aad88f6f4ce6ab8827279cfffb92266)
    │   └─ ← ()
    ├─ [24892] 0x2013…2d01::6a761202(000000000000000000000000f39fd6e51aad88f6f4ce6ab8827279cfffb922660000000000000000000000000000000000000000000000001bc16d674ec8000000000000000000000000000000000000000000000000000000000000000001400000000000000000000000000000000000000000000000000000000000000000000000000000000000000000000000000000000000000000000000000000000000000000000000000000000000000000000000000000000000000000000000000000000000000000000000000000000000000000000000000000000000000000000000000000000000000000000000000000000000000000000000000000000000000000000000000000000000000000000000000000000000000000000000000000000000000000000000000000000000000000000000000000000000000160000000000000000000000000000000000000000000000000000000000000000000000000000000000000000000000000000000000000000000000000000000413c54ee42fbd1f1ccf219bdb7cb3a2be3bc3443cdda1ee85d480106637d62372275fa4a55d9ee7d42e69dc5b4af49d2904b67d106e137b16157eacb14442426861c00000000000000000000000000000000000000000000000000000000000000)
    │   ├─ [24478] 0x3e5c…d36e::6a761202(000000000000000000000000f39fd6e51aad88f6f4ce6ab8827279cfffb922660000000000000000000000000000000000000000000000001bc16d674ec8000000000000000000000000000000000000000000000000000000000000000001400000000000000000000000000000000000000000000000000000000000000000000000000000000000000000000000000000000000000000000000000000000000000000000000000000000000000000000000000000000000000000000000000000000000000000000000000000000000000000000000000000000000000000000000000000000000000000000000000000000000000000000000000000000000000000000000000000000000000000000000000000000000000000000000000000000000000000000000000000000000000000000000000000000000000160000000000000000000000000000000000000000000000000000000000000000000000000000000000000000000000000000000000000000000000000000000413c54ee42fbd1f1ccf219bdb7cb3a2be3bc3443cdda1ee85d480106637d62372275fa4a55d9ee7d42e69dc5b4af49d2904b67d106e137b16157eacb14442426861c00000000000000000000000000000000000000000000000000000000000000) [delegatecall]
    │   │   ├─  emit topic 0: 0x66753cd2356569ee081232e3be8909b950e0a76c1f8460c3a5e3c2be32b11bed
    │   │   │           data: 0x000000000000000000000000f39fd6e51aad88f6f4ce6ab8827279cfffb922660000000000000000000000000000000000000000000000001bc16d674ec80000000000000000000000000000000000000000000000000000000000000000016000000000000000000000000000000000000000000000000000000000000000000000000000000000000000000000000000000000000000000000000000000000000000000000000000000000000000000000000000000000000000000000000000000000000000000000000000000000000000000000000000000000000000000000000000000000000000000000000000000000000000000000000000000000000000000000000000000000000000000000000000000000000000000000000000000000000000000000000000000000000000000000000000000000000001800000000000000000000000000000000000000000000000000000000000000200000000000000000000000000000000000000000000000000000000000000000000000000000000000000000000000000000000000000000000000000000000413c54ee42fbd1f1ccf219bdb7cb3a2be3bc3443cdda1ee85d480106637d62372275fa4a55d9ee7d42e69dc5b4af49d2904b67d106e137b16157eacb14442426861c0000000000000000000000000000000000000000000000000000000000000000000000000000000000000000000000000000000000000000000000000000600000000000000000000000000000000000000000000000000000000000000003000000000000000000000000f39fd6e51aad88f6f4ce6ab8827279cfffb922660000000000000000000000000000000000000000000000000000000000000001
    │   │   ├─ [3000] PRECOMPILE::ecrecover(0xfd1166d09bcb758307324cb46b2f7d73f93264798382539875d2ed191fef1683, 28, 27288830489944135152669678074236722011436211556710435450336396593094430177058, 53362828094212768832035867191732327550530504809276513350469976329484211857030) [staticcall]
    │   │   │   └─ ← 0xf39fd6e51aad88f6f4ce6ab8827279cfffb92266
    │   │   ├─ [5935] metaLexGuard::checkTransaction(0xf39fd6e51aad88f6f4ce6ab8827279cfffb92266, 2000000000000000000, 0x, 0, 0, 0, 0, 0x0000000000000000000000000000000000000000, 0x0000000000000000000000000000000000000000, 0x3c54ee42fbd1f1ccf219bdb7cb3a2be3bc3443cdda1ee85d480106637d62372275fa4a55d9ee7d42e69dc5b4af49d2904b67d106e137b16157eacb14442426861c, 0xf39fd6e51aad88f6f4ce6ab8827279cfffb92266)
    │   │   │   ├─ [0] console::f5b1bba9(0000000000000000000000000000000000000000000000000000000000000000) [staticcall]
    │   │   │   │   └─ ← ()
    │   │   │   └─ ← "metaLexGuard_InvalidRecepient()"
    │   │   └─ ← 0x226157a2
    │   └─ ← 0x226157a2
    └─ ← "metaLexGuard_InvalidRecepient()"

[PASS] testFailOnUSDC() (gas: 337767)
Logs:
  68
  68
  68
  68

Traces:
  [337767] ProjectTest::testFailOnUSDC()
    ├─ [7182] 0x2013…2d01::affed0e0() [staticcall]
    │   ├─ [2351] 0x3e5c…d36e::affed0e0() [delegatecall]
    │   │   └─ ← 0x0000000000000000000000000000000000000000000000000000000000000002
    │   └─ ← 0x0000000000000000000000000000000000000000000000000000000000000002
    ├─ [2828] 0x2013…2d01::e86637db(000000000000000000000000201308b728acb48413cd27ec60b4ffac074c2d010000000000000000000000000000000000000000000000000000000000000000000000000000000000000000000000000000000000000000000000000000014000000000000000000000000000000000000000000000000000000000000000000000000000000000000000000000000000000000000000000000000000000000000000000000000000000000000000000000000000000000000000000000000000000000000000000000000000000000000000000000000000000000000000000000000000000000000000000000000000000000000000000000000000000000000000000000000000000000000000000000000000000000000000000000000000000000000000000000000000000000000000000000000000000000000000020000000000000000000000000000000000000000000000000000000000000024e19a9dd9000000000000000000000000ce71065d4017f316ec606fe4422e11eb2c47c24600000000000000000000000000000000000000000000000000000000) [staticcall]
    │   ├─ [2413] 0x3e5c…d36e::e86637db(000000000000000000000000201308b728acb48413cd27ec60b4ffac074c2d010000000000000000000000000000000000000000000000000000000000000000000000000000000000000000000000000000000000000000000000000000014000000000000000000000000000000000000000000000000000000000000000000000000000000000000000000000000000000000000000000000000000000000000000000000000000000000000000000000000000000000000000000000000000000000000000000000000000000000000000000000000000000000000000000000000000000000000000000000000000000000000000000000000000000000000000000000000000000000000000000000000000000000000000000000000000000000000000000000000000000000000000000000000000000000000000020000000000000000000000000000000000000000000000000000000000000024e19a9dd9000000000000000000000000ce71065d4017f316ec606fe4422e11eb2c47c24600000000000000000000000000000000000000000000000000000000) [delegatecall]
    │   │   └─ ← 0x0000000000000000000000000000000000000000000000000000000000000020000000000000000000000000000000000000000000000000000000000000004219013082379441537f7c669024bbf5518aabfb75fd0a615d5a02cb086b71925b7557a72ea7c7694447ccfa7b7ac00cc3be38ef2fba20743e6c3b4eefb5d07bab4e84000000000000000000000000000000000000000000000000000000000000
    │   └─ ← 0x0000000000000000000000000000000000000000000000000000000000000020000000000000000000000000000000000000000000000000000000000000004219013082379441537f7c669024bbf5518aabfb75fd0a615d5a02cb086b71925b7557a72ea7c7694447ccfa7b7ac00cc3be38ef2fba20743e6c3b4eefb5d07bab4e84000000000000000000000000000000000000000000000000000000000000
    ├─ [0] VM::sign(77814517325470205911140941194401928579557062014761831930645393041380819009408, 0xdd0332c8c18ba2353f568b3c9148035fcde33540036f1be239c542683ef374f6) [staticcall]
    │   └─ ← 28, 0xb2715784dfcb6a7f50edbeb952e35bf3af7b9490f672bdcca87b8a315f1013fc, 0x117b3b1cd34ff1f3235233c74d0aa044a460501c62b57193cb2c7dc1f28c6b0f
    ├─ [0] VM::prank(0xf39fd6e51aad88f6f4ce6ab8827279cfffb92266)
    │   └─ ← ()
    ├─ [48720] 0x2013…2d01::6a761202(000000000000000000000000201308b728acb48413cd27ec60b4ffac074c2d010000000000000000000000000000000000000000000000000000000000000000000000000000000000000000000000000000000000000000000000000000014000000000000000000000000000000000000000000000000000000000000000000000000000000000000000000000000000000000000000000000000000000000000000000000000000000000000000000000000000000000000000000000000000000000000000000000000000000000000000000000000000000000000000000000000000000000000000000000000000000000000000000000000000000000000000000000000000000000000000000000000000000000000000000000000000000000000000000000000000000000000000000000000000000000000001a00000000000000000000000000000000000000000000000000000000000000024e19a9dd9000000000000000000000000ce71065d4017f316ec606fe4422e11eb2c47c246000000000000000000000000000000000000000000000000000000000000000000000000000000000000000000000000000000000000000000000041b2715784dfcb6a7f50edbeb952e35bf3af7b9490f672bdcca87b8a315f1013fc117b3b1cd34ff1f3235233c74d0aa044a460501c62b57193cb2c7dc1f28c6b0f1c00000000000000000000000000000000000000000000000000000000000000)
    │   ├─ [48293] 0x3e5c…d36e::6a761202(000000000000000000000000201308b728acb48413cd27ec60b4ffac074c2d010000000000000000000000000000000000000000000000000000000000000000000000000000000000000000000000000000000000000000000000000000014000000000000000000000000000000000000000000000000000000000000000000000000000000000000000000000000000000000000000000000000000000000000000000000000000000000000000000000000000000000000000000000000000000000000000000000000000000000000000000000000000000000000000000000000000000000000000000000000000000000000000000000000000000000000000000000000000000000000000000000000000000000000000000000000000000000000000000000000000000000000000000000000000000000000001a00000000000000000000000000000000000000000000000000000000000000024e19a9dd9000000000000000000000000ce71065d4017f316ec606fe4422e11eb2c47c246000000000000000000000000000000000000000000000000000000000000000000000000000000000000000000000000000000000000000000000041b2715784dfcb6a7f50edbeb952e35bf3af7b9490f672bdcca87b8a315f1013fc117b3b1cd34ff1f3235233c74d0aa044a460501c62b57193cb2c7dc1f28c6b0f1c00000000000000000000000000000000000000000000000000000000000000) [delegatecall]
    │   │   ├─  emit topic 0: 0x66753cd2356569ee081232e3be8909b950e0a76c1f8460c3a5e3c2be32b11bed
    │   │   │           data: 0x000000000000000000000000201308b728acb48413cd27ec60b4ffac074c2d010000000000000000000000000000000000000000000000000000000000000000000000000000000000000000000000000000000000000000000000000000016000000000000000000000000000000000000000000000000000000000000000000000000000000000000000000000000000000000000000000000000000000000000000000000000000000000000000000000000000000000000000000000000000000000000000000000000000000000000000000000000000000000000000000000000000000000000000000000000000000000000000000000000000000000000000000000000000000000000000000000000000000000000000000000000000000000000000000000000000000000000000000000000000000000000001c000000000000000000000000000000000000000000000000000000000000002400000000000000000000000000000000000000000000000000000000000000024e19a9dd9000000000000000000000000ce71065d4017f316ec606fe4422e11eb2c47c246000000000000000000000000000000000000000000000000000000000000000000000000000000000000000000000000000000000000000000000041b2715784dfcb6a7f50edbeb952e35bf3af7b9490f672bdcca87b8a315f1013fc117b3b1cd34ff1f3235233c74d0aa044a460501c62b57193cb2c7dc1f28c6b0f1c0000000000000000000000000000000000000000000000000000000000000000000000000000000000000000000000000000000000000000000000000000600000000000000000000000000000000000000000000000000000000000000002000000000000000000000000f39fd6e51aad88f6f4ce6ab8827279cfffb922660000000000000000000000000000000000000000000000000000000000000001
    │   │   ├─ [3000] PRECOMPILE::ecrecover(0xdd0332c8c18ba2353f568b3c9148035fcde33540036f1be239c542683ef374f6, 28, 80711944800354826935609854279394083545176852230082238326013572508475636847612, 7907048595050018253709748460485820367277202979268491663054667203840605711119) [staticcall]
    │   │   │   └─ ← 0xf39fd6e51aad88f6f4ce6ab8827279cfffb92266
    │   │   ├─ [21765] 0x2013…2d01::e19a9dd9(000000000000000000000000ce71065d4017f316ec606fe4422e11eb2c47c246)
    │   │   │   ├─ [21434] 0x3e5c…d36e::e19a9dd9(000000000000000000000000ce71065d4017f316ec606fe4422e11eb2c47c246) [delegatecall]
    │   │   │   │   ├─  emit topic 0: 0x1151116914515bc0891ff9047a6cb32cf902546f83066499bcf8ba33d2353fa2
    │   │   │   │   │           data: 0x000000000000000000000000ce71065d4017f316ec606fe4422e11eb2c47c246
    │   │   │   │   └─ ← ()
    │   │   │   └─ ← ()
    │   │   ├─  emit topic 0: 0x442e715f626346e8c54381002da614f62bee8d27386535b2521ec8540898556e
    │   │   │           data: 0xdd0332c8c18ba2353f568b3c9148035fcde33540036f1be239c542683ef374f60000000000000000000000000000000000000000000000000000000000000000
    │   │   └─ ← 0x0000000000000000000000000000000000000000000000000000000000000001
    │   └─ ← 0x0000000000000000000000000000000000000000000000000000000000000001
    ├─ [682] 0x2013…2d01::affed0e0() [staticcall]
    │   ├─ [351] 0x3e5c…d36e::affed0e0() [delegatecall]
    │   │   └─ ← 0x0000000000000000000000000000000000000000000000000000000000000003
    │   └─ ← 0x0000000000000000000000000000000000000000000000000000000000000003
    ├─ [2843] 0x2013…2d01::e86637db(000000000000000000000000ce71065d4017f316ec606fe4422e11eb2c47c2460000000000000000000000000000000000000000000000000000000000000000000000000000000000000000000000000000000000000000000000000000014000000000000000000000000000000000000000000000000000000000000000000000000000000000000000000000000000000000000000000000000000000000000000000000000000000000000000000000000000000000000000000000000000000000000000000000000000000000000000000000000000000000000000000000000000000000000000000000000000000000000000000000000000000000000000000000000000000000000000000000000000000000000000000000000000000000000000000000000000000000000000000000000000000000000000030000000000000000000000000000000000000000000000000000000000000044b5522e89000000000000000000000000da10009cbd5d07dd0cecc66161fc93d7c9000da1000000000000000000000000000000000000000000000000002386f26fc1000000000000000000000000000000000000000000000000000000000000) [staticcall]
    │   ├─ [2422] 0x3e5c…d36e::e86637db(000000000000000000000000ce71065d4017f316ec606fe4422e11eb2c47c2460000000000000000000000000000000000000000000000000000000000000000000000000000000000000000000000000000000000000000000000000000014000000000000000000000000000000000000000000000000000000000000000000000000000000000000000000000000000000000000000000000000000000000000000000000000000000000000000000000000000000000000000000000000000000000000000000000000000000000000000000000000000000000000000000000000000000000000000000000000000000000000000000000000000000000000000000000000000000000000000000000000000000000000000000000000000000000000000000000000000000000000000000000000000000000000000030000000000000000000000000000000000000000000000000000000000000044b5522e89000000000000000000000000da10009cbd5d07dd0cecc66161fc93d7c9000da1000000000000000000000000000000000000000000000000002386f26fc1000000000000000000000000000000000000000000000000000000000000) [delegatecall]
    │   │   └─ ← 0x0000000000000000000000000000000000000000000000000000000000000020000000000000000000000000000000000000000000000000000000000000004219013082379441537f7c669024bbf5518aabfb75fd0a615d5a02cb086b71925b7557477dcf89e41929312a776681fa46f66497bdd9faa62152da5ffad65489d51136000000000000000000000000000000000000000000000000000000000000
    │   └─ ← 0x0000000000000000000000000000000000000000000000000000000000000020000000000000000000000000000000000000000000000000000000000000004219013082379441537f7c669024bbf5518aabfb75fd0a615d5a02cb086b71925b7557477dcf89e41929312a776681fa46f66497bdd9faa62152da5ffad65489d51136000000000000000000000000000000000000000000000000000000000000
    ├─ [0] VM::sign(77814517325470205911140941194401928579557062014761831930645393041380819009408, 0x9a522c2fd16029e9d196be73024d08360fdb11c44815399b9ef8e67444db8d0b) [staticcall]
    │   └─ ← 27, 0xae4cc99bc40f2b725fd6a23237c187f0655fa4a1a0eaa26a2088374b8e03ca3e, 0x3a2f634fbbcf2be857d8d10cee83ada1a5986d74ec1b7b18d6afdfdac129e162
    ├─ [0] VM::prank(0xf39fd6e51aad88f6f4ce6ab8827279cfffb92266)
    │   └─ ← ()
    ├─ [76141] 0x2013…2d01::6a761202(000000000000000000000000ce71065d4017f316ec606fe4422e11eb2c47c2460000000000000000000000000000000000000000000000000000000000000000000000000000000000000000000000000000000000000000000000000000014000000000000000000000000000000000000000000000000000000000000000000000000000000000000000000000000000000000000000000000000000000000000000000000000000000000000000000000000000000000000000000000000000000000000000000000000000000000000000000000000000000000000000000000000000000000000000000000000000000000000000000000000000000000000000000000000000000000000000000000000000000000000000000000000000000000000000000000000000000000000000000000000000000000000001c00000000000000000000000000000000000000000000000000000000000000044b5522e89000000000000000000000000da10009cbd5d07dd0cecc66161fc93d7c9000da1000000000000000000000000000000000000000000000000002386f26fc10000000000000000000000000000000000000000000000000000000000000000000000000000000000000000000000000000000000000000000000000041ae4cc99bc40f2b725fd6a23237c187f0655fa4a1a0eaa26a2088374b8e03ca3e3a2f634fbbcf2be857d8d10cee83ada1a5986d74ec1b7b18d6afdfdac129e1621b00000000000000000000000000000000000000000000000000000000000000)
    │   ├─ [75708] 0x3e5c…d36e::6a761202(000000000000000000000000ce71065d4017f316ec606fe4422e11eb2c47c2460000000000000000000000000000000000000000000000000000000000000000000000000000000000000000000000000000000000000000000000000000014000000000000000000000000000000000000000000000000000000000000000000000000000000000000000000000000000000000000000000000000000000000000000000000000000000000000000000000000000000000000000000000000000000000000000000000000000000000000000000000000000000000000000000000000000000000000000000000000000000000000000000000000000000000000000000000000000000000000000000000000000000000000000000000000000000000000000000000000000000000000000000000000000000000000001c00000000000000000000000000000000000000000000000000000000000000044b5522e89000000000000000000000000da10009cbd5d07dd0cecc66161fc93d7c9000da1000000000000000000000000000000000000000000000000002386f26fc10000000000000000000000000000000000000000000000000000000000000000000000000000000000000000000000000000000000000000000000000041ae4cc99bc40f2b725fd6a23237c187f0655fa4a1a0eaa26a2088374b8e03ca3e3a2f634fbbcf2be857d8d10cee83ada1a5986d74ec1b7b18d6afdfdac129e1621b00000000000000000000000000000000000000000000000000000000000000) [delegatecall]
    │   │   ├─  emit topic 0: 0x66753cd2356569ee081232e3be8909b950e0a76c1f8460c3a5e3c2be32b11bed
    │   │   │           data: 0x000000000000000000000000ce71065d4017f316ec606fe4422e11eb2c47c2460000000000000000000000000000000000000000000000000000000000000000000000000000000000000000000000000000000000000000000000000000016000000000000000000000000000000000000000000000000000000000000000000000000000000000000000000000000000000000000000000000000000000000000000000000000000000000000000000000000000000000000000000000000000000000000000000000000000000000000000000000000000000000000000000000000000000000000000000000000000000000000000000000000000000000000000000000000000000000000000000000000000000000000000000000000000000000000000000000000000000000000000000000000000000000000001e000000000000000000000000000000000000000000000000000000000000002600000000000000000000000000000000000000000000000000000000000000044b5522e89000000000000000000000000da10009cbd5d07dd0cecc66161fc93d7c9000da1000000000000000000000000000000000000000000000000002386f26fc10000000000000000000000000000000000000000000000000000000000000000000000000000000000000000000000000000000000000000000000000041ae4cc99bc40f2b725fd6a23237c187f0655fa4a1a0eaa26a2088374b8e03ca3e3a2f634fbbcf2be857d8d10cee83ada1a5986d74ec1b7b18d6afdfdac129e1621b0000000000000000000000000000000000000000000000000000000000000000000000000000000000000000000000000000000000000000000000000000600000000000000000000000000000000000000000000000000000000000000003000000000000000000000000f39fd6e51aad88f6f4ce6ab8827279cfffb922660000000000000000000000000000000000000000000000000000000000000001
    │   │   ├─ [3000] PRECOMPILE::ecrecover(0x9a522c2fd16029e9d196be73024d08360fdb11c44815399b9ef8e67444db8d0b, 27, 78838107480866396723079792163342678248580933373626358456202948049319227542078, 26317872452376777519497788862344611457169169098245007896485348869350837838178) [staticcall]
    │   │   │   └─ ← 0xf39fd6e51aad88f6f4ce6ab8827279cfffb92266
    │   │   ├─ [6101] metaLexGuard::checkTransaction(metaLexGuard: [0xce71065d4017f316ec606fe4422e11eb2c47c246], 0, 0xb5522e89000000000000000000000000da10009cbd5d07dd0cecc66161fc93d7c9000da1000000000000000000000000000000000000000000000000002386f26fc10000, 0, 0, 0, 0, 0x0000000000000000000000000000000000000000, 0x0000000000000000000000000000000000000000, 0xae4cc99bc40f2b725fd6a23237c187f0655fa4a1a0eaa26a2088374b8e03ca3e3a2f634fbbcf2be857d8d10cee83ada1a5986d74ec1b7b18d6afdfdac129e1621b, 0xf39fd6e51aad88f6f4ce6ab8827279cfffb92266)
    │   │   │   ├─ [0] console::f5b1bba9(0000000000000000000000000000000000000000000000000000000000000044) [staticcall]
    │   │   │   │   └─ ← ()
    │   │   │   └─ ← ()
    │   │   ├─ [47074] metaLexGuard::addContract(0xda10009cbd5d07dd0cecc66161fc93d7c9000da1, 10000000000000000)
    │   │   │   └─ ← ()
    │   │   ├─  emit topic 0: 0x442e715f626346e8c54381002da614f62bee8d27386535b2521ec8540898556e
    │   │   │           data: 0x9a522c2fd16029e9d196be73024d08360fdb11c44815399b9ef8e67444db8d0b0000000000000000000000000000000000000000000000000000000000000000
    │   │   ├─ [379] metaLexGuard::checkAfterExecution(0x9a522c2fd16029e9d196be73024d08360fdb11c44815399b9ef8e67444db8d0b, true)
    │   │   │   └─ ← ()
    │   │   └─ ← 0x0000000000000000000000000000000000000000000000000000000000000001
    │   └─ ← 0x0000000000000000000000000000000000000000000000000000000000000001
    ├─ [682] 0x2013…2d01::affed0e0() [staticcall]
    │   ├─ [351] 0x3e5c…d36e::affed0e0() [delegatecall]
    │   │   └─ ← 0x0000000000000000000000000000000000000000000000000000000000000004
    │   └─ ← 0x0000000000000000000000000000000000000000000000000000000000000004
    ├─ [2843] 0x2013…2d01::e86637db(000000000000000000000000ce71065d4017f316ec606fe4422e11eb2c47c24600000000000000000000000000000000000000000000000000000000000000000000000000000000000000000000000000000000000000000000000000000140000000000000000000000000000000000000000000000000000000000000000000000000000000000000000000000000000000000000000000000000000000000000000000000000000000000000000000000000000000000000000000000000000000000000000000000000000000000000000000000000000000000000000000000000000000000000000000000000000000000000000000000000000000000000000000000000000000000000000000000000000000000000000000000000000000000000000000000000000000000000000000000000000000000000000400000000000000000000000000000000000000000000000000000000000000446915d647000000000000000000000000f39fd6e51aad88f6f4ce6ab8827279cfffb92266000000000000000000000000000000000000000000000000002386f26fc1000000000000000000000000000000000000000000000000000000000000) [staticcall]
    │   ├─ [2422] 0x3e5c…d36e::e86637db(000000000000000000000000ce71065d4017f316ec606fe4422e11eb2c47c24600000000000000000000000000000000000000000000000000000000000000000000000000000000000000000000000000000000000000000000000000000140000000000000000000000000000000000000000000000000000000000000000000000000000000000000000000000000000000000000000000000000000000000000000000000000000000000000000000000000000000000000000000000000000000000000000000000000000000000000000000000000000000000000000000000000000000000000000000000000000000000000000000000000000000000000000000000000000000000000000000000000000000000000000000000000000000000000000000000000000000000000000000000000000000000000000400000000000000000000000000000000000000000000000000000000000000446915d647000000000000000000000000f39fd6e51aad88f6f4ce6ab8827279cfffb92266000000000000000000000000000000000000000000000000002386f26fc1000000000000000000000000000000000000000000000000000000000000) [delegatecall]
    │   │   └─ ← 0x0000000000000000000000000000000000000000000000000000000000000020000000000000000000000000000000000000000000000000000000000000004219013082379441537f7c669024bbf5518aabfb75fd0a615d5a02cb086b71925b7557ad3ffee42678ac77469b62044f33d29bc5f725580075051af7efdc25b57f2f3a000000000000000000000000000000000000000000000000000000000000
    │   └─ ← 0x0000000000000000000000000000000000000000000000000000000000000020000000000000000000000000000000000000000000000000000000000000004219013082379441537f7c669024bbf5518aabfb75fd0a615d5a02cb086b71925b7557ad3ffee42678ac77469b62044f33d29bc5f725580075051af7efdc25b57f2f3a000000000000000000000000000000000000000000000000000000000000
    ├─ [0] VM::sign(77814517325470205911140941194401928579557062014761831930645393041380819009408, 0x854d81fc11e75b9e6150734d4b31300ef7a0f771c4aeb8a8c170ab37933cb063) [staticcall]
    │   └─ ← 27, 0x9304735667daac3bde0c359ff9e91b285064626da881d0958f786a4634e15b56, 0x77e6b4d0051fd1bf0816f880308c03d565eeb0ca29406a5b09f449535e2bcc43
    ├─ [0] VM::prank(0xf39fd6e51aad88f6f4ce6ab8827279cfffb92266)
    │   └─ ← ()
    ├─ [67031] 0x2013…2d01::6a761202(000000000000000000000000ce71065d4017f316ec606fe4422e11eb2c47c2460000000000000000000000000000000000000000000000000000000000000000000000000000000000000000000000000000000000000000000000000000014000000000000000000000000000000000000000000000000000000000000000000000000000000000000000000000000000000000000000000000000000000000000000000000000000000000000000000000000000000000000000000000000000000000000000000000000000000000000000000000000000000000000000000000000000000000000000000000000000000000000000000000000000000000000000000000000000000000000000000000000000000000000000000000000000000000000000000000000000000000000000000000000000000000000001c000000000000000000000000000000000000000000000000000000000000000446915d647000000000000000000000000f39fd6e51aad88f6f4ce6ab8827279cfffb92266000000000000000000000000000000000000000000000000002386f26fc100000000000000000000000000000000000000000000000000000000000000000000000000000000000000000000000000000000000000000000000000419304735667daac3bde0c359ff9e91b285064626da881d0958f786a4634e15b5677e6b4d0051fd1bf0816f880308c03d565eeb0ca29406a5b09f449535e2bcc431b00000000000000000000000000000000000000000000000000000000000000)
    │   ├─ [66598] 0x3e5c…d36e::6a761202(000000000000000000000000ce71065d4017f316ec606fe4422e11eb2c47c2460000000000000000000000000000000000000000000000000000000000000000000000000000000000000000000000000000000000000000000000000000014000000000000000000000000000000000000000000000000000000000000000000000000000000000000000000000000000000000000000000000000000000000000000000000000000000000000000000000000000000000000000000000000000000000000000000000000000000000000000000000000000000000000000000000000000000000000000000000000000000000000000000000000000000000000000000000000000000000000000000000000000000000000000000000000000000000000000000000000000000000000000000000000000000000000001c000000000000000000000000000000000000000000000000000000000000000446915d647000000000000000000000000f39fd6e51aad88f6f4ce6ab8827279cfffb92266000000000000000000000000000000000000000000000000002386f26fc100000000000000000000000000000000000000000000000000000000000000000000000000000000000000000000000000000000000000000000000000419304735667daac3bde0c359ff9e91b285064626da881d0958f786a4634e15b5677e6b4d0051fd1bf0816f880308c03d565eeb0ca29406a5b09f449535e2bcc431b00000000000000000000000000000000000000000000000000000000000000) [delegatecall]
    │   │   ├─  emit topic 0: 0x66753cd2356569ee081232e3be8909b950e0a76c1f8460c3a5e3c2be32b11bed
    │   │   │           data: 0x000000000000000000000000ce71065d4017f316ec606fe4422e11eb2c47c2460000000000000000000000000000000000000000000000000000000000000000000000000000000000000000000000000000000000000000000000000000016000000000000000000000000000000000000000000000000000000000000000000000000000000000000000000000000000000000000000000000000000000000000000000000000000000000000000000000000000000000000000000000000000000000000000000000000000000000000000000000000000000000000000000000000000000000000000000000000000000000000000000000000000000000000000000000000000000000000000000000000000000000000000000000000000000000000000000000000000000000000000000000000000000000000001e0000000000000000000000000000000000000000000000000000000000000026000000000000000000000000000000000000000000000000000000000000000446915d647000000000000000000000000f39fd6e51aad88f6f4ce6ab8827279cfffb92266000000000000000000000000000000000000000000000000002386f26fc100000000000000000000000000000000000000000000000000000000000000000000000000000000000000000000000000000000000000000000000000419304735667daac3bde0c359ff9e91b285064626da881d0958f786a4634e15b5677e6b4d0051fd1bf0816f880308c03d565eeb0ca29406a5b09f449535e2bcc431b0000000000000000000000000000000000000000000000000000000000000000000000000000000000000000000000000000000000000000000000000000600000000000000000000000000000000000000000000000000000000000000004000000000000000000000000f39fd6e51aad88f6f4ce6ab8827279cfffb922660000000000000000000000000000000000000000000000000000000000000001
    │   │   ├─ [3000] PRECOMPILE::ecrecover(0x854d81fc11e75b9e6150734d4b31300ef7a0f771c4aeb8a8c170ab37933cb063, 27, 66497852160321689727360166565843500983110586093217717677128839456936909953878, 54232851728858708848882615488502233010819650316540664670114413133695363566659) [staticcall]
    │   │   │   └─ ← 0xf39fd6e51aad88f6f4ce6ab8827279cfffb92266
    │   │   ├─ [1601] metaLexGuard::checkTransaction(metaLexGuard: [0xce71065d4017f316ec606fe4422e11eb2c47c246], 0, 0x6915d647000000000000000000000000f39fd6e51aad88f6f4ce6ab8827279cfffb92266000000000000000000000000000000000000000000000000002386f26fc10000, 0, 0, 0, 0, 0x0000000000000000000000000000000000000000, 0x0000000000000000000000000000000000000000, 0x9304735667daac3bde0c359ff9e91b285064626da881d0958f786a4634e15b5677e6b4d0051fd1bf0816f880308c03d565eeb0ca29406a5b09f449535e2bcc431b, 0xf39fd6e51aad88f6f4ce6ab8827279cfffb92266)
    │   │   │   ├─ [0] console::f5b1bba9(0000000000000000000000000000000000000000000000000000000000000044) [staticcall]
    │   │   │   │   └─ ← ()
    │   │   │   └─ ← ()
    │   │   ├─ [44964] metaLexGuard::addRecepient(0xf39fd6e51aad88f6f4ce6ab8827279cfffb92266, 10000000000000000)
    │   │   │   └─ ← ()
    │   │   ├─  emit topic 0: 0x442e715f626346e8c54381002da614f62bee8d27386535b2521ec8540898556e
    │   │   │           data: 0x854d81fc11e75b9e6150734d4b31300ef7a0f771c4aeb8a8c170ab37933cb0630000000000000000000000000000000000000000000000000000000000000000
    │   │   ├─ [379] metaLexGuard::checkAfterExecution(0x854d81fc11e75b9e6150734d4b31300ef7a0f771c4aeb8a8c170ab37933cb063, true)
    │   │   │   └─ ← ()
    │   │   └─ ← 0x0000000000000000000000000000000000000000000000000000000000000001
    │   └─ ← 0x0000000000000000000000000000000000000000000000000000000000000001
    ├─ [682] 0x2013…2d01::affed0e0() [staticcall]
    │   ├─ [351] 0x3e5c…d36e::affed0e0() [delegatecall]
    │   │   └─ ← 0x0000000000000000000000000000000000000000000000000000000000000005
    │   └─ ← 0x0000000000000000000000000000000000000000000000000000000000000005
    ├─ [2843] 0x2013…2d01::e86637db(000000000000000000000000da10009cbd5d07dd0cecc66161fc93d7c9000da10000000000000000000000000000000000000000000000000000000000000000000000000000000000000000000000000000000000000000000000000000014000000000000000000000000000000000000000000000000000000000000000000000000000000000000000000000000000000000000000000000000000000000000000000000000000000000000000000000000000000000000000000000000000000000000000000000000000000000000000000000000000000000000000000000000000000000000000000000000000000000000000000000000000000000000000000000000000000000000000000000000000000000000000000000000000000000000000000000000000000000000000000000000000000000000000050000000000000000000000000000000000000000000000000000000000000044a9059cbb000000000000000000000000f39fd6e51aad88f6f4ce6ab8827279cfffb92266000000000000000000000000000000000000000000000000002386f26fc1000000000000000000000000000000000000000000000000000000000000) [staticcall]
    │   ├─ [2422] 0x3e5c…d36e::e86637db(000000000000000000000000da10009cbd5d07dd0cecc66161fc93d7c9000da10000000000000000000000000000000000000000000000000000000000000000000000000000000000000000000000000000000000000000000000000000014000000000000000000000000000000000000000000000000000000000000000000000000000000000000000000000000000000000000000000000000000000000000000000000000000000000000000000000000000000000000000000000000000000000000000000000000000000000000000000000000000000000000000000000000000000000000000000000000000000000000000000000000000000000000000000000000000000000000000000000000000000000000000000000000000000000000000000000000000000000000000000000000000000000000000050000000000000000000000000000000000000000000000000000000000000044a9059cbb000000000000000000000000f39fd6e51aad88f6f4ce6ab8827279cfffb92266000000000000000000000000000000000000000000000000002386f26fc1000000000000000000000000000000000000000000000000000000000000) [delegatecall]
    │   │   └─ ← 0x0000000000000000000000000000000000000000000000000000000000000020000000000000000000000000000000000000000000000000000000000000004219013082379441537f7c669024bbf5518aabfb75fd0a615d5a02cb086b71925b755727963ebf878de1becb6917f07bc038e31e58c82f2741591e7da085c63269ec84000000000000000000000000000000000000000000000000000000000000
    │   └─ ← 0x0000000000000000000000000000000000000000000000000000000000000020000000000000000000000000000000000000000000000000000000000000004219013082379441537f7c669024bbf5518aabfb75fd0a615d5a02cb086b71925b755727963ebf878de1becb6917f07bc038e31e58c82f2741591e7da085c63269ec84000000000000000000000000000000000000000000000000000000000000
    ├─ [0] VM::sign(77814517325470205911140941194401928579557062014761831930645393041380819009408, 0x2f29a5e5f102b868245fe445aa1e5ae6f790e835ab3413bf3e2eb5dba1fc1fda) [staticcall]
    │   └─ ← 27, 0x8874d0e5cbdaf7a1755e58714494684cb415c86d936e67b27489649bc53eafb0, 0x6732c982786e53bf8e7bd99a34fa54cb01efb3e62bec29b3702d08a56efe3511
    ├─ [0] VM::prank(0xf39fd6e51aad88f6f4ce6ab8827279cfffb92266)
    │   └─ ← ()
    ├─ [54932] 0x2013…2d01::6a761202(000000000000000000000000da10009cbd5d07dd0cecc66161fc93d7c9000da10000000000000000000000000000000000000000000000000000000000000000000000000000000000000000000000000000000000000000000000000000014000000000000000000000000000000000000000000000000000000000000000000000000000000000000000000000000000000000000000000000000000000000000000000000000000000000000000000000000000000000000000000000000000000000000000000000000000000000000000000000000000000000000000000000000000000000000000000000000000000000000000000000000000000000000000000000000000000000000000000000000000000000000000000000000000000000000000000000000000000000000000000000000000000000000001c00000000000000000000000000000000000000000000000000000000000000044a9059cbb000000000000000000000000f39fd6e51aad88f6f4ce6ab8827279cfffb92266000000000000000000000000000000000000000000000000002386f26fc100000000000000000000000000000000000000000000000000000000000000000000000000000000000000000000000000000000000000000000000000418874d0e5cbdaf7a1755e58714494684cb415c86d936e67b27489649bc53eafb06732c982786e53bf8e7bd99a34fa54cb01efb3e62bec29b3702d08a56efe35111b00000000000000000000000000000000000000000000000000000000000000)
    │   ├─ [54499] 0x3e5c…d36e::6a761202(000000000000000000000000da10009cbd5d07dd0cecc66161fc93d7c9000da10000000000000000000000000000000000000000000000000000000000000000000000000000000000000000000000000000000000000000000000000000014000000000000000000000000000000000000000000000000000000000000000000000000000000000000000000000000000000000000000000000000000000000000000000000000000000000000000000000000000000000000000000000000000000000000000000000000000000000000000000000000000000000000000000000000000000000000000000000000000000000000000000000000000000000000000000000000000000000000000000000000000000000000000000000000000000000000000000000000000000000000000000000000000000000000001c00000000000000000000000000000000000000000000000000000000000000044a9059cbb000000000000000000000000f39fd6e51aad88f6f4ce6ab8827279cfffb92266000000000000000000000000000000000000000000000000002386f26fc100000000000000000000000000000000000000000000000000000000000000000000000000000000000000000000000000000000000000000000000000418874d0e5cbdaf7a1755e58714494684cb415c86d936e67b27489649bc53eafb06732c982786e53bf8e7bd99a34fa54cb01efb3e62bec29b3702d08a56efe35111b00000000000000000000000000000000000000000000000000000000000000) [delegatecall]
    │   │   ├─  emit topic 0: 0x66753cd2356569ee081232e3be8909b950e0a76c1f8460c3a5e3c2be32b11bed
    │   │   │           data: 0x000000000000000000000000da10009cbd5d07dd0cecc66161fc93d7c9000da10000000000000000000000000000000000000000000000000000000000000000000000000000000000000000000000000000000000000000000000000000016000000000000000000000000000000000000000000000000000000000000000000000000000000000000000000000000000000000000000000000000000000000000000000000000000000000000000000000000000000000000000000000000000000000000000000000000000000000000000000000000000000000000000000000000000000000000000000000000000000000000000000000000000000000000000000000000000000000000000000000000000000000000000000000000000000000000000000000000000000000000000000000000000000000000001e000000000000000000000000000000000000000000000000000000000000002600000000000000000000000000000000000000000000000000000000000000044a9059cbb000000000000000000000000f39fd6e51aad88f6f4ce6ab8827279cfffb92266000000000000000000000000000000000000000000000000002386f26fc100000000000000000000000000000000000000000000000000000000000000000000000000000000000000000000000000000000000000000000000000418874d0e5cbdaf7a1755e58714494684cb415c86d936e67b27489649bc53eafb06732c982786e53bf8e7bd99a34fa54cb01efb3e62bec29b3702d08a56efe35111b0000000000000000000000000000000000000000000000000000000000000000000000000000000000000000000000000000000000000000000000000000600000000000000000000000000000000000000000000000000000000000000005000000000000000000000000f39fd6e51aad88f6f4ce6ab8827279cfffb922660000000000000000000000000000000000000000000000000000000000000001
    │   │   ├─ [3000] PRECOMPILE::ecrecover(0x2f29a5e5f102b868245fe445aa1e5ae6f790e835ab3413bf3e2eb5dba1fc1fda, 27, 61720943425374913750047341854799528243455206870892477325425574085911912558512, 46677956525806989805666993935255386450809763592220124417825540526358650565905) [staticcall]
    │   │   │   └─ ← 0xf39fd6e51aad88f6f4ce6ab8827279cfffb92266
    │   │   ├─ [2306] metaLexGuard::checkTransaction(0xda10009cbd5d07dd0cecc66161fc93d7c9000da1, 0, 0xa9059cbb000000000000000000000000f39fd6e51aad88f6f4ce6ab8827279cfffb92266000000000000000000000000000000000000000000000000002386f26fc10000, 0, 0, 0, 0, 0x0000000000000000000000000000000000000000, 0x0000000000000000000000000000000000000000, 0x8874d0e5cbdaf7a1755e58714494684cb415c86d936e67b27489649bc53eafb06732c982786e53bf8e7bd99a34fa54cb01efb3e62bec29b3702d08a56efe35111b, 0xf39fd6e51aad88f6f4ce6ab8827279cfffb92266)
    │   │   │   ├─ [0] console::f5b1bba9(0000000000000000000000000000000000000000000000000000000000000044) [staticcall]
    │   │   │   │   └─ ← ()
    │   │   │   └─ ← ()
    │   │   ├─ [29660] 0xda10…0da1::a9059cbb(000000000000000000000000f39fd6e51aad88f6f4ce6ab8827279cfffb92266000000000000000000000000000000000000000000000000002386f26fc10000)
    │   │   │   ├─  emit topic 0: 0xddf252ad1be2c89b69c2b068fc378daa952ba7f163c4a11628f55a4df523b3ef
    │   │   │   │       topic 1: 0x000000000000000000000000201308b728acb48413cd27ec60b4ffac074c2d01
    │   │   │   │       topic 2: 0x000000000000000000000000f39fd6e51aad88f6f4ce6ab8827279cfffb92266
    │   │   │   │           data: 0x000000000000000000000000000000000000000000000000002386f26fc10000
    │   │   │   └─ ← 0x0000000000000000000000000000000000000000000000000000000000000001
    │   │   ├─  emit topic 0: 0x442e715f626346e8c54381002da614f62bee8d27386535b2521ec8540898556e
    │   │   │           data: 0x2f29a5e5f102b868245fe445aa1e5ae6f790e835ab3413bf3e2eb5dba1fc1fda0000000000000000000000000000000000000000000000000000000000000000
    │   │   ├─ [379] metaLexGuard::checkAfterExecution(0x2f29a5e5f102b868245fe445aa1e5ae6f790e835ab3413bf3e2eb5dba1fc1fda, true)
    │   │   │   └─ ← ()
    │   │   └─ ← 0x0000000000000000000000000000000000000000000000000000000000000001
    │   └─ ← 0x0000000000000000000000000000000000000000000000000000000000000001
    ├─ [682] 0x2013…2d01::affed0e0() [staticcall]
    │   ├─ [351] 0x3e5c…d36e::affed0e0() [delegatecall]
    │   │   └─ ← 0x0000000000000000000000000000000000000000000000000000000000000006
    │   └─ ← 0x0000000000000000000000000000000000000000000000000000000000000006
    ├─ [2843] 0x2013…2d01::e86637db(000000000000000000000000af88d065e77c8cc2239327c5edb3a432268e58310000000000000000000000000000000000000000000000000000000000000000000000000000000000000000000000000000000000000000000000000000014000000000000000000000000000000000000000000000000000000000000000000000000000000000000000000000000000000000000000000000000000000000000000000000000000000000000000000000000000000000000000000000000000000000000000000000000000000000000000000000000000000000000000000000000000000000000000000000000000000000000000000000000000000000000000000000000000000000000000000000000000000000000000000000000000000000000000000000000000000000000000000000000000000000000000060000000000000000000000000000000000000000000000000000000000000044a9059cbb000000000000000000000000f39fd6e51aad88f6f4ce6ab8827279cfffb92266000000000000000000000000000000000000000000000000002386f26fc1000000000000000000000000000000000000000000000000000000000000) [staticcall]
    │   ├─ [2422] 0x3e5c…d36e::e86637db(000000000000000000000000af88d065e77c8cc2239327c5edb3a432268e58310000000000000000000000000000000000000000000000000000000000000000000000000000000000000000000000000000000000000000000000000000014000000000000000000000000000000000000000000000000000000000000000000000000000000000000000000000000000000000000000000000000000000000000000000000000000000000000000000000000000000000000000000000000000000000000000000000000000000000000000000000000000000000000000000000000000000000000000000000000000000000000000000000000000000000000000000000000000000000000000000000000000000000000000000000000000000000000000000000000000000000000000000000000000000000000000060000000000000000000000000000000000000000000000000000000000000044a9059cbb000000000000000000000000f39fd6e51aad88f6f4ce6ab8827279cfffb92266000000000000000000000000000000000000000000000000002386f26fc1000000000000000000000000000000000000000000000000000000000000) [delegatecall]
    │   │   └─ ← 0x0000000000000000000000000000000000000000000000000000000000000020000000000000000000000000000000000000000000000000000000000000004219013082379441537f7c669024bbf5518aabfb75fd0a615d5a02cb086b71925b7557838f6e7af7b83abe284e3fa89b9313194aa4eab4c26fd8d9a8edaa83d84e4104000000000000000000000000000000000000000000000000000000000000
    │   └─ ← 0x0000000000000000000000000000000000000000000000000000000000000020000000000000000000000000000000000000000000000000000000000000004219013082379441537f7c669024bbf5518aabfb75fd0a615d5a02cb086b71925b7557838f6e7af7b83abe284e3fa89b9313194aa4eab4c26fd8d9a8edaa83d84e4104000000000000000000000000000000000000000000000000000000000000
    ├─ [0] VM::sign(77814517325470205911140941194401928579557062014761831930645393041380819009408, 0x5e8cd3f0ef97a9b78f0b25e620aeddbaa914bf16c4a6e0c4b1131f21d2d54115) [staticcall]
    │   └─ ← 28, 0x6068997cc7c9fbdb0b6cc96789293582ec530ce36d28276d54b5c74f519d5447, 0x1509569c94e50f90bcfbe6299ea3bff74902348675a616fcc41fb980b469352e
    ├─ [0] VM::prank(0xf39fd6e51aad88f6f4ce6ab8827279cfffb92266)
    │   └─ ← ()
    ├─ [20777] 0x2013…2d01::6a761202(000000000000000000000000af88d065e77c8cc2239327c5edb3a432268e58310000000000000000000000000000000000000000000000000000000000000000000000000000000000000000000000000000000000000000000000000000014000000000000000000000000000000000000000000000000000000000000000000000000000000000000000000000000000000000000000000000000000000000000000000000000000000000000000000000000000000000000000000000000000000000000000000000000000000000000000000000000000000000000000000000000000000000000000000000000000000000000000000000000000000000000000000000000000000000000000000000000000000000000000000000000000000000000000000000000000000000000000000000000000000000000001c00000000000000000000000000000000000000000000000000000000000000044a9059cbb000000000000000000000000f39fd6e51aad88f6f4ce6ab8827279cfffb92266000000000000000000000000000000000000000000000000002386f26fc100000000000000000000000000000000000000000000000000000000000000000000000000000000000000000000000000000000000000000000000000416068997cc7c9fbdb0b6cc96789293582ec530ce36d28276d54b5c74f519d54471509569c94e50f90bcfbe6299ea3bff74902348675a616fcc41fb980b469352e1c00000000000000000000000000000000000000000000000000000000000000)
    │   ├─ [20345] 0x3e5c…d36e::6a761202(000000000000000000000000af88d065e77c8cc2239327c5edb3a432268e58310000000000000000000000000000000000000000000000000000000000000000000000000000000000000000000000000000000000000000000000000000014000000000000000000000000000000000000000000000000000000000000000000000000000000000000000000000000000000000000000000000000000000000000000000000000000000000000000000000000000000000000000000000000000000000000000000000000000000000000000000000000000000000000000000000000000000000000000000000000000000000000000000000000000000000000000000000000000000000000000000000000000000000000000000000000000000000000000000000000000000000000000000000000000000000000001c00000000000000000000000000000000000000000000000000000000000000044a9059cbb000000000000000000000000f39fd6e51aad88f6f4ce6ab8827279cfffb92266000000000000000000000000000000000000000000000000002386f26fc100000000000000000000000000000000000000000000000000000000000000000000000000000000000000000000000000000000000000000000000000416068997cc7c9fbdb0b6cc96789293582ec530ce36d28276d54b5c74f519d54471509569c94e50f90bcfbe6299ea3bff74902348675a616fcc41fb980b469352e1c00000000000000000000000000000000000000000000000000000000000000) [delegatecall]
    │   │   ├─  emit topic 0: 0x66753cd2356569ee081232e3be8909b950e0a76c1f8460c3a5e3c2be32b11bed
    │   │   │           data: 0x000000000000000000000000af88d065e77c8cc2239327c5edb3a432268e58310000000000000000000000000000000000000000000000000000000000000000000000000000000000000000000000000000000000000000000000000000016000000000000000000000000000000000000000000000000000000000000000000000000000000000000000000000000000000000000000000000000000000000000000000000000000000000000000000000000000000000000000000000000000000000000000000000000000000000000000000000000000000000000000000000000000000000000000000000000000000000000000000000000000000000000000000000000000000000000000000000000000000000000000000000000000000000000000000000000000000000000000000000000000000000000001e000000000000000000000000000000000000000000000000000000000000002600000000000000000000000000000000000000000000000000000000000000044a9059cbb000000000000000000000000f39fd6e51aad88f6f4ce6ab8827279cfffb92266000000000000000000000000000000000000000000000000002386f26fc100000000000000000000000000000000000000000000000000000000000000000000000000000000000000000000000000000000000000000000000000416068997cc7c9fbdb0b6cc96789293582ec530ce36d28276d54b5c74f519d54471509569c94e50f90bcfbe6299ea3bff74902348675a616fcc41fb980b469352e1c0000000000000000000000000000000000000000000000000000000000000000000000000000000000000000000000000000000000000000000000000000600000000000000000000000000000000000000000000000000000000000000006000000000000000000000000f39fd6e51aad88f6f4ce6ab8827279cfffb922660000000000000000000000000000000000000000000000000000000000000001
    │   │   ├─ [3000] PRECOMPILE::ecrecover(0x5e8cd3f0ef97a9b78f0b25e620aeddbaa914bf16c4a6e0c4b1131f21d2d54115, 28, 43606844889995208299517393101877462229494259799630425311644139806192555611207, 9515069215449552994251874581066101589041168758065777801140071114442944361774) [staticcall]
    │   │   │   └─ ← 0xf39fd6e51aad88f6f4ce6ab8827279cfffb92266
    │   │   ├─ [3479] metaLexGuard::checkTransaction(0xaf88d065e77c8cc2239327c5edb3a432268e5831, 0, 0xa9059cbb000000000000000000000000f39fd6e51aad88f6f4ce6ab8827279cfffb92266000000000000000000000000000000000000000000000000002386f26fc10000, 0, 0, 0, 0, 0x0000000000000000000000000000000000000000, 0x0000000000000000000000000000000000000000, 0x6068997cc7c9fbdb0b6cc96789293582ec530ce36d28276d54b5c74f519d54471509569c94e50f90bcfbe6299ea3bff74902348675a616fcc41fb980b469352e1c, 0xf39fd6e51aad88f6f4ce6ab8827279cfffb92266)
    │   │   │   ├─ [0] console::f5b1bba9(0000000000000000000000000000000000000000000000000000000000000044) [staticcall]
    │   │   │   │   └─ ← ()
    │   │   │   └─ ← "metaLexGuard_InvalidContract()"
    │   │   └─ ← 0xc0744311
    │   └─ ← 0xc0744311
    └─ ← "metaLexGuard_InvalidContract()"

[PASS] testFailOnUSDCLimit() (gas: 270041)
Logs:
  68
  68
  68

Traces:
  [270041] ProjectTest::testFailOnUSDCLimit()
    ├─ [7182] 0x2013…2d01::affed0e0() [staticcall]
    │   ├─ [2351] 0x3e5c…d36e::affed0e0() [delegatecall]
    │   │   └─ ← 0x0000000000000000000000000000000000000000000000000000000000000002
    │   └─ ← 0x0000000000000000000000000000000000000000000000000000000000000002
    ├─ [2828] 0x2013…2d01::e86637db(000000000000000000000000201308b728acb48413cd27ec60b4ffac074c2d010000000000000000000000000000000000000000000000000000000000000000000000000000000000000000000000000000000000000000000000000000014000000000000000000000000000000000000000000000000000000000000000000000000000000000000000000000000000000000000000000000000000000000000000000000000000000000000000000000000000000000000000000000000000000000000000000000000000000000000000000000000000000000000000000000000000000000000000000000000000000000000000000000000000000000000000000000000000000000000000000000000000000000000000000000000000000000000000000000000000000000000000000000000000000000000000020000000000000000000000000000000000000000000000000000000000000024e19a9dd9000000000000000000000000ce71065d4017f316ec606fe4422e11eb2c47c24600000000000000000000000000000000000000000000000000000000) [staticcall]
    │   ├─ [2413] 0x3e5c…d36e::e86637db(000000000000000000000000201308b728acb48413cd27ec60b4ffac074c2d010000000000000000000000000000000000000000000000000000000000000000000000000000000000000000000000000000000000000000000000000000014000000000000000000000000000000000000000000000000000000000000000000000000000000000000000000000000000000000000000000000000000000000000000000000000000000000000000000000000000000000000000000000000000000000000000000000000000000000000000000000000000000000000000000000000000000000000000000000000000000000000000000000000000000000000000000000000000000000000000000000000000000000000000000000000000000000000000000000000000000000000000000000000000000000000000020000000000000000000000000000000000000000000000000000000000000024e19a9dd9000000000000000000000000ce71065d4017f316ec606fe4422e11eb2c47c24600000000000000000000000000000000000000000000000000000000) [delegatecall]
    │   │   └─ ← 0x0000000000000000000000000000000000000000000000000000000000000020000000000000000000000000000000000000000000000000000000000000004219013082379441537f7c669024bbf5518aabfb75fd0a615d5a02cb086b71925b7557a72ea7c7694447ccfa7b7ac00cc3be38ef2fba20743e6c3b4eefb5d07bab4e84000000000000000000000000000000000000000000000000000000000000
    │   └─ ← 0x0000000000000000000000000000000000000000000000000000000000000020000000000000000000000000000000000000000000000000000000000000004219013082379441537f7c669024bbf5518aabfb75fd0a615d5a02cb086b71925b7557a72ea7c7694447ccfa7b7ac00cc3be38ef2fba20743e6c3b4eefb5d07bab4e84000000000000000000000000000000000000000000000000000000000000
    ├─ [0] VM::sign(77814517325470205911140941194401928579557062014761831930645393041380819009408, 0xdd0332c8c18ba2353f568b3c9148035fcde33540036f1be239c542683ef374f6) [staticcall]
    │   └─ ← 28, 0xb2715784dfcb6a7f50edbeb952e35bf3af7b9490f672bdcca87b8a315f1013fc, 0x117b3b1cd34ff1f3235233c74d0aa044a460501c62b57193cb2c7dc1f28c6b0f
    ├─ [0] VM::prank(0xf39fd6e51aad88f6f4ce6ab8827279cfffb92266)
    │   └─ ← ()
    ├─ [48720] 0x2013…2d01::6a761202(000000000000000000000000201308b728acb48413cd27ec60b4ffac074c2d010000000000000000000000000000000000000000000000000000000000000000000000000000000000000000000000000000000000000000000000000000014000000000000000000000000000000000000000000000000000000000000000000000000000000000000000000000000000000000000000000000000000000000000000000000000000000000000000000000000000000000000000000000000000000000000000000000000000000000000000000000000000000000000000000000000000000000000000000000000000000000000000000000000000000000000000000000000000000000000000000000000000000000000000000000000000000000000000000000000000000000000000000000000000000000000001a00000000000000000000000000000000000000000000000000000000000000024e19a9dd9000000000000000000000000ce71065d4017f316ec606fe4422e11eb2c47c246000000000000000000000000000000000000000000000000000000000000000000000000000000000000000000000000000000000000000000000041b2715784dfcb6a7f50edbeb952e35bf3af7b9490f672bdcca87b8a315f1013fc117b3b1cd34ff1f3235233c74d0aa044a460501c62b57193cb2c7dc1f28c6b0f1c00000000000000000000000000000000000000000000000000000000000000)
    │   ├─ [48293] 0x3e5c…d36e::6a761202(000000000000000000000000201308b728acb48413cd27ec60b4ffac074c2d010000000000000000000000000000000000000000000000000000000000000000000000000000000000000000000000000000000000000000000000000000014000000000000000000000000000000000000000000000000000000000000000000000000000000000000000000000000000000000000000000000000000000000000000000000000000000000000000000000000000000000000000000000000000000000000000000000000000000000000000000000000000000000000000000000000000000000000000000000000000000000000000000000000000000000000000000000000000000000000000000000000000000000000000000000000000000000000000000000000000000000000000000000000000000000000001a00000000000000000000000000000000000000000000000000000000000000024e19a9dd9000000000000000000000000ce71065d4017f316ec606fe4422e11eb2c47c246000000000000000000000000000000000000000000000000000000000000000000000000000000000000000000000000000000000000000000000041b2715784dfcb6a7f50edbeb952e35bf3af7b9490f672bdcca87b8a315f1013fc117b3b1cd34ff1f3235233c74d0aa044a460501c62b57193cb2c7dc1f28c6b0f1c00000000000000000000000000000000000000000000000000000000000000) [delegatecall]
    │   │   ├─  emit topic 0: 0x66753cd2356569ee081232e3be8909b950e0a76c1f8460c3a5e3c2be32b11bed
    │   │   │           data: 0x000000000000000000000000201308b728acb48413cd27ec60b4ffac074c2d010000000000000000000000000000000000000000000000000000000000000000000000000000000000000000000000000000000000000000000000000000016000000000000000000000000000000000000000000000000000000000000000000000000000000000000000000000000000000000000000000000000000000000000000000000000000000000000000000000000000000000000000000000000000000000000000000000000000000000000000000000000000000000000000000000000000000000000000000000000000000000000000000000000000000000000000000000000000000000000000000000000000000000000000000000000000000000000000000000000000000000000000000000000000000000000001c000000000000000000000000000000000000000000000000000000000000002400000000000000000000000000000000000000000000000000000000000000024e19a9dd9000000000000000000000000ce71065d4017f316ec606fe4422e11eb2c47c246000000000000000000000000000000000000000000000000000000000000000000000000000000000000000000000000000000000000000000000041b2715784dfcb6a7f50edbeb952e35bf3af7b9490f672bdcca87b8a315f1013fc117b3b1cd34ff1f3235233c74d0aa044a460501c62b57193cb2c7dc1f28c6b0f1c0000000000000000000000000000000000000000000000000000000000000000000000000000000000000000000000000000000000000000000000000000600000000000000000000000000000000000000000000000000000000000000002000000000000000000000000f39fd6e51aad88f6f4ce6ab8827279cfffb922660000000000000000000000000000000000000000000000000000000000000001
    │   │   ├─ [3000] PRECOMPILE::ecrecover(0xdd0332c8c18ba2353f568b3c9148035fcde33540036f1be239c542683ef374f6, 28, 80711944800354826935609854279394083545176852230082238326013572508475636847612, 7907048595050018253709748460485820367277202979268491663054667203840605711119) [staticcall]
    │   │   │   └─ ← 0xf39fd6e51aad88f6f4ce6ab8827279cfffb92266
    │   │   ├─ [21765] 0x2013…2d01::e19a9dd9(000000000000000000000000ce71065d4017f316ec606fe4422e11eb2c47c246)
    │   │   │   ├─ [21434] 0x3e5c…d36e::e19a9dd9(000000000000000000000000ce71065d4017f316ec606fe4422e11eb2c47c246) [delegatecall]
    │   │   │   │   ├─  emit topic 0: 0x1151116914515bc0891ff9047a6cb32cf902546f83066499bcf8ba33d2353fa2
    │   │   │   │   │           data: 0x000000000000000000000000ce71065d4017f316ec606fe4422e11eb2c47c246
    │   │   │   │   └─ ← ()
    │   │   │   └─ ← ()
    │   │   ├─  emit topic 0: 0x442e715f626346e8c54381002da614f62bee8d27386535b2521ec8540898556e
    │   │   │           data: 0xdd0332c8c18ba2353f568b3c9148035fcde33540036f1be239c542683ef374f60000000000000000000000000000000000000000000000000000000000000000
    │   │   └─ ← 0x0000000000000000000000000000000000000000000000000000000000000001
    │   └─ ← 0x0000000000000000000000000000000000000000000000000000000000000001
    ├─ [682] 0x2013…2d01::affed0e0() [staticcall]
    │   ├─ [351] 0x3e5c…d36e::affed0e0() [delegatecall]
    │   │   └─ ← 0x0000000000000000000000000000000000000000000000000000000000000003
    │   └─ ← 0x0000000000000000000000000000000000000000000000000000000000000003
    ├─ [2843] 0x2013…2d01::e86637db(000000000000000000000000ce71065d4017f316ec606fe4422e11eb2c47c2460000000000000000000000000000000000000000000000000000000000000000000000000000000000000000000000000000000000000000000000000000014000000000000000000000000000000000000000000000000000000000000000000000000000000000000000000000000000000000000000000000000000000000000000000000000000000000000000000000000000000000000000000000000000000000000000000000000000000000000000000000000000000000000000000000000000000000000000000000000000000000000000000000000000000000000000000000000000000000000000000000000000000000000000000000000000000000000000000000000000000000000000000000000000000000000000030000000000000000000000000000000000000000000000000000000000000044b5522e89000000000000000000000000af88d065e77c8cc2239327c5edb3a432268e5831000000000000000000000000000000000000000000000000002386f26fc1000000000000000000000000000000000000000000000000000000000000) [staticcall]
    │   ├─ [2422] 0x3e5c…d36e::e86637db(000000000000000000000000ce71065d4017f316ec606fe4422e11eb2c47c2460000000000000000000000000000000000000000000000000000000000000000000000000000000000000000000000000000000000000000000000000000014000000000000000000000000000000000000000000000000000000000000000000000000000000000000000000000000000000000000000000000000000000000000000000000000000000000000000000000000000000000000000000000000000000000000000000000000000000000000000000000000000000000000000000000000000000000000000000000000000000000000000000000000000000000000000000000000000000000000000000000000000000000000000000000000000000000000000000000000000000000000000000000000000000000000000030000000000000000000000000000000000000000000000000000000000000044b5522e89000000000000000000000000af88d065e77c8cc2239327c5edb3a432268e5831000000000000000000000000000000000000000000000000002386f26fc1000000000000000000000000000000000000000000000000000000000000) [delegatecall]
    │   │   └─ ← 0x0000000000000000000000000000000000000000000000000000000000000020000000000000000000000000000000000000000000000000000000000000004219013082379441537f7c669024bbf5518aabfb75fd0a615d5a02cb086b71925b7557d5f30c747f00ed64cb8413a90ac54d47c45f81d463177b9b1798b1170c05daae000000000000000000000000000000000000000000000000000000000000
    │   └─ ← 0x0000000000000000000000000000000000000000000000000000000000000020000000000000000000000000000000000000000000000000000000000000004219013082379441537f7c669024bbf5518aabfb75fd0a615d5a02cb086b71925b7557d5f30c747f00ed64cb8413a90ac54d47c45f81d463177b9b1798b1170c05daae000000000000000000000000000000000000000000000000000000000000
    ├─ [0] VM::sign(77814517325470205911140941194401928579557062014761831930645393041380819009408, 0xb94056c09c86147937074a24438655adaa35fe678b06e31f8842551f905a57af) [staticcall]
    │   └─ ← 28, 0xbca16a546877a90fbd0f67300eddd1253f8309487f00a4834c5e4da66538d62b, 0x10dc3f7521cdba6b86c6ebe27d77b8bea87ccbd5bd5843ac37c26bd9805eff7d
    ├─ [0] VM::prank(0xf39fd6e51aad88f6f4ce6ab8827279cfffb92266)
    │   └─ ← ()
    ├─ [76141] 0x2013…2d01::6a761202(000000000000000000000000ce71065d4017f316ec606fe4422e11eb2c47c2460000000000000000000000000000000000000000000000000000000000000000000000000000000000000000000000000000000000000000000000000000014000000000000000000000000000000000000000000000000000000000000000000000000000000000000000000000000000000000000000000000000000000000000000000000000000000000000000000000000000000000000000000000000000000000000000000000000000000000000000000000000000000000000000000000000000000000000000000000000000000000000000000000000000000000000000000000000000000000000000000000000000000000000000000000000000000000000000000000000000000000000000000000000000000000000001c00000000000000000000000000000000000000000000000000000000000000044b5522e89000000000000000000000000af88d065e77c8cc2239327c5edb3a432268e5831000000000000000000000000000000000000000000000000002386f26fc10000000000000000000000000000000000000000000000000000000000000000000000000000000000000000000000000000000000000000000000000041bca16a546877a90fbd0f67300eddd1253f8309487f00a4834c5e4da66538d62b10dc3f7521cdba6b86c6ebe27d77b8bea87ccbd5bd5843ac37c26bd9805eff7d1c00000000000000000000000000000000000000000000000000000000000000)
    │   ├─ [75708] 0x3e5c…d36e::6a761202(000000000000000000000000ce71065d4017f316ec606fe4422e11eb2c47c2460000000000000000000000000000000000000000000000000000000000000000000000000000000000000000000000000000000000000000000000000000014000000000000000000000000000000000000000000000000000000000000000000000000000000000000000000000000000000000000000000000000000000000000000000000000000000000000000000000000000000000000000000000000000000000000000000000000000000000000000000000000000000000000000000000000000000000000000000000000000000000000000000000000000000000000000000000000000000000000000000000000000000000000000000000000000000000000000000000000000000000000000000000000000000000000001c00000000000000000000000000000000000000000000000000000000000000044b5522e89000000000000000000000000af88d065e77c8cc2239327c5edb3a432268e5831000000000000000000000000000000000000000000000000002386f26fc10000000000000000000000000000000000000000000000000000000000000000000000000000000000000000000000000000000000000000000000000041bca16a546877a90fbd0f67300eddd1253f8309487f00a4834c5e4da66538d62b10dc3f7521cdba6b86c6ebe27d77b8bea87ccbd5bd5843ac37c26bd9805eff7d1c00000000000000000000000000000000000000000000000000000000000000) [delegatecall]
    │   │   ├─  emit topic 0: 0x66753cd2356569ee081232e3be8909b950e0a76c1f8460c3a5e3c2be32b11bed
    │   │   │           data: 0x000000000000000000000000ce71065d4017f316ec606fe4422e11eb2c47c2460000000000000000000000000000000000000000000000000000000000000000000000000000000000000000000000000000000000000000000000000000016000000000000000000000000000000000000000000000000000000000000000000000000000000000000000000000000000000000000000000000000000000000000000000000000000000000000000000000000000000000000000000000000000000000000000000000000000000000000000000000000000000000000000000000000000000000000000000000000000000000000000000000000000000000000000000000000000000000000000000000000000000000000000000000000000000000000000000000000000000000000000000000000000000000000001e000000000000000000000000000000000000000000000000000000000000002600000000000000000000000000000000000000000000000000000000000000044b5522e89000000000000000000000000af88d065e77c8cc2239327c5edb3a432268e5831000000000000000000000000000000000000000000000000002386f26fc10000000000000000000000000000000000000000000000000000000000000000000000000000000000000000000000000000000000000000000000000041bca16a546877a90fbd0f67300eddd1253f8309487f00a4834c5e4da66538d62b10dc3f7521cdba6b86c6ebe27d77b8bea87ccbd5bd5843ac37c26bd9805eff7d1c0000000000000000000000000000000000000000000000000000000000000000000000000000000000000000000000000000000000000000000000000000600000000000000000000000000000000000000000000000000000000000000003000000000000000000000000f39fd6e51aad88f6f4ce6ab8827279cfffb922660000000000000000000000000000000000000000000000000000000000000001
    │   │   ├─ [3000] PRECOMPILE::ecrecover(0xb94056c09c86147937074a24438655adaa35fe678b06e31f8842551f905a57af, 28, 85320011771833384497095064783279958112788437149488276620082189320434107340331, 7626149899477051927680916535013201247173469697990499466228635675521863057277) [staticcall]
    │   │   │   └─ ← 0xf39fd6e51aad88f6f4ce6ab8827279cfffb92266
    │   │   ├─ [6101] metaLexGuard::checkTransaction(metaLexGuard: [0xce71065d4017f316ec606fe4422e11eb2c47c246], 0, 0xb5522e89000000000000000000000000af88d065e77c8cc2239327c5edb3a432268e5831000000000000000000000000000000000000000000000000002386f26fc10000, 0, 0, 0, 0, 0x0000000000000000000000000000000000000000, 0x0000000000000000000000000000000000000000, 0xbca16a546877a90fbd0f67300eddd1253f8309487f00a4834c5e4da66538d62b10dc3f7521cdba6b86c6ebe27d77b8bea87ccbd5bd5843ac37c26bd9805eff7d1c, 0xf39fd6e51aad88f6f4ce6ab8827279cfffb92266)
    │   │   │   ├─ [0] console::f5b1bba9(0000000000000000000000000000000000000000000000000000000000000044) [staticcall]
    │   │   │   │   └─ ← ()
    │   │   │   └─ ← ()
    │   │   ├─ [47074] metaLexGuard::addContract(0xaf88d065e77c8cc2239327c5edb3a432268e5831, 10000000000000000)
    │   │   │   └─ ← ()
    │   │   ├─  emit topic 0: 0x442e715f626346e8c54381002da614f62bee8d27386535b2521ec8540898556e
    │   │   │           data: 0xb94056c09c86147937074a24438655adaa35fe678b06e31f8842551f905a57af0000000000000000000000000000000000000000000000000000000000000000
    │   │   ├─ [379] metaLexGuard::checkAfterExecution(0xb94056c09c86147937074a24438655adaa35fe678b06e31f8842551f905a57af, true)
    │   │   │   └─ ← ()
    │   │   └─ ← 0x0000000000000000000000000000000000000000000000000000000000000001
    │   └─ ← 0x0000000000000000000000000000000000000000000000000000000000000001
    ├─ [682] 0x2013…2d01::affed0e0() [staticcall]
    │   ├─ [351] 0x3e5c…d36e::affed0e0() [delegatecall]
    │   │   └─ ← 0x0000000000000000000000000000000000000000000000000000000000000004
    │   └─ ← 0x0000000000000000000000000000000000000000000000000000000000000004
    ├─ [2843] 0x2013…2d01::e86637db(000000000000000000000000ce71065d4017f316ec606fe4422e11eb2c47c24600000000000000000000000000000000000000000000000000000000000000000000000000000000000000000000000000000000000000000000000000000140000000000000000000000000000000000000000000000000000000000000000000000000000000000000000000000000000000000000000000000000000000000000000000000000000000000000000000000000000000000000000000000000000000000000000000000000000000000000000000000000000000000000000000000000000000000000000000000000000000000000000000000000000000000000000000000000000000000000000000000000000000000000000000000000000000000000000000000000000000000000000000000000000000000000000400000000000000000000000000000000000000000000000000000000000000446915d647000000000000000000000000f39fd6e51aad88f6f4ce6ab8827279cfffb922660000000000000000000000000000000000000000000000000de0b6b3a764000000000000000000000000000000000000000000000000000000000000) [staticcall]
    │   ├─ [2422] 0x3e5c…d36e::e86637db(000000000000000000000000ce71065d4017f316ec606fe4422e11eb2c47c24600000000000000000000000000000000000000000000000000000000000000000000000000000000000000000000000000000000000000000000000000000140000000000000000000000000000000000000000000000000000000000000000000000000000000000000000000000000000000000000000000000000000000000000000000000000000000000000000000000000000000000000000000000000000000000000000000000000000000000000000000000000000000000000000000000000000000000000000000000000000000000000000000000000000000000000000000000000000000000000000000000000000000000000000000000000000000000000000000000000000000000000000000000000000000000000000400000000000000000000000000000000000000000000000000000000000000446915d647000000000000000000000000f39fd6e51aad88f6f4ce6ab8827279cfffb922660000000000000000000000000000000000000000000000000de0b6b3a764000000000000000000000000000000000000000000000000000000000000) [delegatecall]
    │   │   └─ ← 0x0000000000000000000000000000000000000000000000000000000000000020000000000000000000000000000000000000000000000000000000000000004219013082379441537f7c669024bbf5518aabfb75fd0a615d5a02cb086b71925b75579761f6f5b00ef7a004021c0514a037c289e7fa61ee038ebeb6d28618adc6ddd4000000000000000000000000000000000000000000000000000000000000
    │   └─ ← 0x0000000000000000000000000000000000000000000000000000000000000020000000000000000000000000000000000000000000000000000000000000004219013082379441537f7c669024bbf5518aabfb75fd0a615d5a02cb086b71925b75579761f6f5b00ef7a004021c0514a037c289e7fa61ee038ebeb6d28618adc6ddd4000000000000000000000000000000000000000000000000000000000000
    ├─ [0] VM::sign(77814517325470205911140941194401928579557062014761831930645393041380819009408, 0x4dacd5fc7cfc1cdf43f24d70dbd39c6a2e2d82cee7fbcb83e00e8f700545e3fd) [staticcall]
    │   └─ ← 27, 0xa2361077cba0b683115579c3a11d10d0b0c574c84fd052c85d86e8f9329062c3, 0x0284b92a2924de210f8864408582be6831b9be4d8164ff4bb2c36bb218f2576a
    ├─ [0] VM::prank(0xf39fd6e51aad88f6f4ce6ab8827279cfffb92266)
    │   └─ ← ()
    ├─ [67031] 0x2013…2d01::6a761202(000000000000000000000000ce71065d4017f316ec606fe4422e11eb2c47c2460000000000000000000000000000000000000000000000000000000000000000000000000000000000000000000000000000000000000000000000000000014000000000000000000000000000000000000000000000000000000000000000000000000000000000000000000000000000000000000000000000000000000000000000000000000000000000000000000000000000000000000000000000000000000000000000000000000000000000000000000000000000000000000000000000000000000000000000000000000000000000000000000000000000000000000000000000000000000000000000000000000000000000000000000000000000000000000000000000000000000000000000000000000000000000000001c000000000000000000000000000000000000000000000000000000000000000446915d647000000000000000000000000f39fd6e51aad88f6f4ce6ab8827279cfffb922660000000000000000000000000000000000000000000000000de0b6b3a7640000000000000000000000000000000000000000000000000000000000000000000000000000000000000000000000000000000000000000000000000041a2361077cba0b683115579c3a11d10d0b0c574c84fd052c85d86e8f9329062c30284b92a2924de210f8864408582be6831b9be4d8164ff4bb2c36bb218f2576a1b00000000000000000000000000000000000000000000000000000000000000)
    │   ├─ [66598] 0x3e5c…d36e::6a761202(000000000000000000000000ce71065d4017f316ec606fe4422e11eb2c47c2460000000000000000000000000000000000000000000000000000000000000000000000000000000000000000000000000000000000000000000000000000014000000000000000000000000000000000000000000000000000000000000000000000000000000000000000000000000000000000000000000000000000000000000000000000000000000000000000000000000000000000000000000000000000000000000000000000000000000000000000000000000000000000000000000000000000000000000000000000000000000000000000000000000000000000000000000000000000000000000000000000000000000000000000000000000000000000000000000000000000000000000000000000000000000000000001c000000000000000000000000000000000000000000000000000000000000000446915d647000000000000000000000000f39fd6e51aad88f6f4ce6ab8827279cfffb922660000000000000000000000000000000000000000000000000de0b6b3a7640000000000000000000000000000000000000000000000000000000000000000000000000000000000000000000000000000000000000000000000000041a2361077cba0b683115579c3a11d10d0b0c574c84fd052c85d86e8f9329062c30284b92a2924de210f8864408582be6831b9be4d8164ff4bb2c36bb218f2576a1b00000000000000000000000000000000000000000000000000000000000000) [delegatecall]
    │   │   ├─  emit topic 0: 0x66753cd2356569ee081232e3be8909b950e0a76c1f8460c3a5e3c2be32b11bed
    │   │   │           data: 0x000000000000000000000000ce71065d4017f316ec606fe4422e11eb2c47c2460000000000000000000000000000000000000000000000000000000000000000000000000000000000000000000000000000000000000000000000000000016000000000000000000000000000000000000000000000000000000000000000000000000000000000000000000000000000000000000000000000000000000000000000000000000000000000000000000000000000000000000000000000000000000000000000000000000000000000000000000000000000000000000000000000000000000000000000000000000000000000000000000000000000000000000000000000000000000000000000000000000000000000000000000000000000000000000000000000000000000000000000000000000000000000000001e0000000000000000000000000000000000000000000000000000000000000026000000000000000000000000000000000000000000000000000000000000000446915d647000000000000000000000000f39fd6e51aad88f6f4ce6ab8827279cfffb922660000000000000000000000000000000000000000000000000de0b6b3a7640000000000000000000000000000000000000000000000000000000000000000000000000000000000000000000000000000000000000000000000000041a2361077cba0b683115579c3a11d10d0b0c574c84fd052c85d86e8f9329062c30284b92a2924de210f8864408582be6831b9be4d8164ff4bb2c36bb218f2576a1b0000000000000000000000000000000000000000000000000000000000000000000000000000000000000000000000000000000000000000000000000000600000000000000000000000000000000000000000000000000000000000000004000000000000000000000000f39fd6e51aad88f6f4ce6ab8827279cfffb922660000000000000000000000000000000000000000000000000000000000000001
    │   │   ├─ [3000] PRECOMPILE::ecrecover(0x4dacd5fc7cfc1cdf43f24d70dbd39c6a2e2d82cee7fbcb83e00e8f700545e3fd, 27, 73370204869606898386682111877631617908804032589541119620418073873752479785667, 1139127469442166230076971319568669106344857415159109265321796774159310804842) [staticcall]
    │   │   │   └─ ← 0xf39fd6e51aad88f6f4ce6ab8827279cfffb92266
    │   │   ├─ [1601] metaLexGuard::checkTransaction(metaLexGuard: [0xce71065d4017f316ec606fe4422e11eb2c47c246], 0, 0x6915d647000000000000000000000000f39fd6e51aad88f6f4ce6ab8827279cfffb922660000000000000000000000000000000000000000000000000de0b6b3a7640000, 0, 0, 0, 0, 0x0000000000000000000000000000000000000000, 0x0000000000000000000000000000000000000000, 0xa2361077cba0b683115579c3a11d10d0b0c574c84fd052c85d86e8f9329062c30284b92a2924de210f8864408582be6831b9be4d8164ff4bb2c36bb218f2576a1b, 0xf39fd6e51aad88f6f4ce6ab8827279cfffb92266)
    │   │   │   ├─ [0] console::f5b1bba9(0000000000000000000000000000000000000000000000000000000000000044) [staticcall]
    │   │   │   │   └─ ← ()
    │   │   │   └─ ← ()
    │   │   ├─ [44964] metaLexGuard::addRecepient(0xf39fd6e51aad88f6f4ce6ab8827279cfffb92266, 1000000000000000000)
    │   │   │   └─ ← ()
    │   │   ├─  emit topic 0: 0x442e715f626346e8c54381002da614f62bee8d27386535b2521ec8540898556e
    │   │   │           data: 0x4dacd5fc7cfc1cdf43f24d70dbd39c6a2e2d82cee7fbcb83e00e8f700545e3fd0000000000000000000000000000000000000000000000000000000000000000
    │   │   ├─ [379] metaLexGuard::checkAfterExecution(0x4dacd5fc7cfc1cdf43f24d70dbd39c6a2e2d82cee7fbcb83e00e8f700545e3fd, true)
    │   │   │   └─ ← ()
    │   │   └─ ← 0x0000000000000000000000000000000000000000000000000000000000000001
    │   └─ ← 0x0000000000000000000000000000000000000000000000000000000000000001
    ├─ [682] 0x2013…2d01::affed0e0() [staticcall]
    │   ├─ [351] 0x3e5c…d36e::affed0e0() [delegatecall]
    │   │   └─ ← 0x0000000000000000000000000000000000000000000000000000000000000005
    │   └─ ← 0x0000000000000000000000000000000000000000000000000000000000000005
    ├─ [2843] 0x2013…2d01::e86637db(000000000000000000000000af88d065e77c8cc2239327c5edb3a432268e58310000000000000000000000000000000000000000000000000000000000000000000000000000000000000000000000000000000000000000000000000000014000000000000000000000000000000000000000000000000000000000000000000000000000000000000000000000000000000000000000000000000000000000000000000000000000000000000000000000000000000000000000000000000000000000000000000000000000000000000000000000000000000000000000000000000000000000000000000000000000000000000000000000000000000000000000000000000000000000000000000000000000000000000000000000000000000000000000000000000000000000000000000000000000000000000000050000000000000000000000000000000000000000000000000000000000000044a9059cbb000000000000000000000000f39fd6e51aad88f6f4ce6ab8827279cfffb922660000000000000000000000000000000000000000000000000de0b6b3a764000000000000000000000000000000000000000000000000000000000000) [staticcall]
    │   ├─ [2422] 0x3e5c…d36e::e86637db(000000000000000000000000af88d065e77c8cc2239327c5edb3a432268e58310000000000000000000000000000000000000000000000000000000000000000000000000000000000000000000000000000000000000000000000000000014000000000000000000000000000000000000000000000000000000000000000000000000000000000000000000000000000000000000000000000000000000000000000000000000000000000000000000000000000000000000000000000000000000000000000000000000000000000000000000000000000000000000000000000000000000000000000000000000000000000000000000000000000000000000000000000000000000000000000000000000000000000000000000000000000000000000000000000000000000000000000000000000000000000000000050000000000000000000000000000000000000000000000000000000000000044a9059cbb000000000000000000000000f39fd6e51aad88f6f4ce6ab8827279cfffb922660000000000000000000000000000000000000000000000000de0b6b3a764000000000000000000000000000000000000000000000000000000000000) [delegatecall]
    │   │   └─ ← 0x0000000000000000000000000000000000000000000000000000000000000020000000000000000000000000000000000000000000000000000000000000004219013082379441537f7c669024bbf5518aabfb75fd0a615d5a02cb086b71925b75574ed523891f7bd4253aa71e3578cf722d6802426e74b19e8ac9aea12767724515000000000000000000000000000000000000000000000000000000000000
    │   └─ ← 0x0000000000000000000000000000000000000000000000000000000000000020000000000000000000000000000000000000000000000000000000000000004219013082379441537f7c669024bbf5518aabfb75fd0a615d5a02cb086b71925b75574ed523891f7bd4253aa71e3578cf722d6802426e74b19e8ac9aea12767724515000000000000000000000000000000000000000000000000000000000000
    ├─ [0] VM::sign(77814517325470205911140941194401928579557062014761831930645393041380819009408, 0x1db76ffcecf2ffc405653beb0169ef356b705454d89d41d3d9da350ca9174c2e) [staticcall]
    │   └─ ← 27, 0x4e37dd2bbc8ab9c17cae73674bbd46811fd764b6437c5558324843d5a5bcc0e2, 0x4d0df65607d32aa440f7e40caf36fa279446b569a48d3317f28cfe9c867b15bc
    ├─ [0] VM::prank(0xf39fd6e51aad88f6f4ce6ab8827279cfffb92266)
    │   └─ ← ()
    ├─ [19577] 0x2013…2d01::6a761202(000000000000000000000000af88d065e77c8cc2239327c5edb3a432268e58310000000000000000000000000000000000000000000000000000000000000000000000000000000000000000000000000000000000000000000000000000014000000000000000000000000000000000000000000000000000000000000000000000000000000000000000000000000000000000000000000000000000000000000000000000000000000000000000000000000000000000000000000000000000000000000000000000000000000000000000000000000000000000000000000000000000000000000000000000000000000000000000000000000000000000000000000000000000000000000000000000000000000000000000000000000000000000000000000000000000000000000000000000000000000000000001c00000000000000000000000000000000000000000000000000000000000000044a9059cbb000000000000000000000000f39fd6e51aad88f6f4ce6ab8827279cfffb922660000000000000000000000000000000000000000000000000de0b6b3a76400000000000000000000000000000000000000000000000000000000000000000000000000000000000000000000000000000000000000000000000000414e37dd2bbc8ab9c17cae73674bbd46811fd764b6437c5558324843d5a5bcc0e24d0df65607d32aa440f7e40caf36fa279446b569a48d3317f28cfe9c867b15bc1b00000000000000000000000000000000000000000000000000000000000000)
    │   ├─ [19145] 0x3e5c…d36e::6a761202(000000000000000000000000af88d065e77c8cc2239327c5edb3a432268e58310000000000000000000000000000000000000000000000000000000000000000000000000000000000000000000000000000000000000000000000000000014000000000000000000000000000000000000000000000000000000000000000000000000000000000000000000000000000000000000000000000000000000000000000000000000000000000000000000000000000000000000000000000000000000000000000000000000000000000000000000000000000000000000000000000000000000000000000000000000000000000000000000000000000000000000000000000000000000000000000000000000000000000000000000000000000000000000000000000000000000000000000000000000000000000000001c00000000000000000000000000000000000000000000000000000000000000044a9059cbb000000000000000000000000f39fd6e51aad88f6f4ce6ab8827279cfffb922660000000000000000000000000000000000000000000000000de0b6b3a76400000000000000000000000000000000000000000000000000000000000000000000000000000000000000000000000000000000000000000000000000414e37dd2bbc8ab9c17cae73674bbd46811fd764b6437c5558324843d5a5bcc0e24d0df65607d32aa440f7e40caf36fa279446b569a48d3317f28cfe9c867b15bc1b00000000000000000000000000000000000000000000000000000000000000) [delegatecall]
    │   │   ├─  emit topic 0: 0x66753cd2356569ee081232e3be8909b950e0a76c1f8460c3a5e3c2be32b11bed
    │   │   │           data: 0x000000000000000000000000af88d065e77c8cc2239327c5edb3a432268e58310000000000000000000000000000000000000000000000000000000000000000000000000000000000000000000000000000000000000000000000000000016000000000000000000000000000000000000000000000000000000000000000000000000000000000000000000000000000000000000000000000000000000000000000000000000000000000000000000000000000000000000000000000000000000000000000000000000000000000000000000000000000000000000000000000000000000000000000000000000000000000000000000000000000000000000000000000000000000000000000000000000000000000000000000000000000000000000000000000000000000000000000000000000000000000000001e000000000000000000000000000000000000000000000000000000000000002600000000000000000000000000000000000000000000000000000000000000044a9059cbb000000000000000000000000f39fd6e51aad88f6f4ce6ab8827279cfffb922660000000000000000000000000000000000000000000000000de0b6b3a76400000000000000000000000000000000000000000000000000000000000000000000000000000000000000000000000000000000000000000000000000414e37dd2bbc8ab9c17cae73674bbd46811fd764b6437c5558324843d5a5bcc0e24d0df65607d32aa440f7e40caf36fa279446b569a48d3317f28cfe9c867b15bc1b0000000000000000000000000000000000000000000000000000000000000000000000000000000000000000000000000000000000000000000000000000600000000000000000000000000000000000000000000000000000000000000005000000000000000000000000f39fd6e51aad88f6f4ce6ab8827279cfffb922660000000000000000000000000000000000000000000000000000000000000001
    │   │   ├─ [3000] PRECOMPILE::ecrecover(0x1db76ffcecf2ffc405653beb0169ef356b705454d89d41d3d9da350ca9174c2e, 27, 35379105243133716072313235879256074725141127670888183651226675100768257491170, 34852758501734409684191430557300478351286297544894936231164350531662335645116) [staticcall]
    │   │   │   └─ ← 0xf39fd6e51aad88f6f4ce6ab8827279cfffb92266
    │   │   ├─ [2279] metaLexGuard::checkTransaction(0xaf88d065e77c8cc2239327c5edb3a432268e5831, 0, 0xa9059cbb000000000000000000000000f39fd6e51aad88f6f4ce6ab8827279cfffb922660000000000000000000000000000000000000000000000000de0b6b3a7640000, 0, 0, 0, 0, 0x0000000000000000000000000000000000000000, 0x0000000000000000000000000000000000000000, 0x4e37dd2bbc8ab9c17cae73674bbd46811fd764b6437c5558324843d5a5bcc0e24d0df65607d32aa440f7e40caf36fa279446b569a48d3317f28cfe9c867b15bc1b, 0xf39fd6e51aad88f6f4ce6ab8827279cfffb92266)
    │   │   │   ├─ [0] console::f5b1bba9(0000000000000000000000000000000000000000000000000000000000000044) [staticcall]
    │   │   │   │   └─ ← ()
    │   │   │   └─ ← "metaLexGuard_AmountOverLimit()"
    │   │   └─ ← 0x7553247e
    │   └─ ← 0x7553247e
    └─ ← "metaLexGuard_AmountOverLimit()"

[PASS] testGuardSaftey() (gas: 180432)
Logs:
  68

Traces:
  [180432] ProjectTest::testGuardSaftey()
    ├─ [7182] 0x2013…2d01::affed0e0() [staticcall]
    │   ├─ [2351] 0x3e5c…d36e::affed0e0() [delegatecall]
    │   │   └─ ← 0x0000000000000000000000000000000000000000000000000000000000000002
    │   └─ ← 0x0000000000000000000000000000000000000000000000000000000000000002
    ├─ [2979] 0x2013…2d01::e86637db(000000000000000000000000d34c0841a14cd53428930d4e0b76ea2406603b0000000000000000000000000000000000000000000000000000000000000000000000000000000000000000000000000000000000000000000000000000000140000000000000000000000000000000000000000000000000000000000000000100000000000000000000000000000000000000000000000000000000000000000000000000000000000000000000000000000000000000000000000000000000000000000000000000000000000000000000000000000000000000000000000000000000000000000000000000000000000000000000000000000000000000000000000000000000000000000000000000000000000000000000000000000000000000000000000000000000000000000000000000000000000000000000000200000000000000000000000000000000000000000000000000000000000001648d80ff0a0000000000000000000000000000000000000000000000000000000000000020000000000000000000000000000000000000000000000000000000000000011200201308b728acb48413cd27ec60b4ffac074c2d0100000000000000000000000000000000000000000000000000000000000000000000000000000000000000000000000000000000000000000000000000000024e19a9dd9000000000000000000000000ce71065d4017f316ec606fe4422e11eb2c47c24600f17a3fe536f8f7847f1385ec1bc967b2ca9cae8d00000000000000000000000000000000000000000000000000000000000000000000000000000000000000000000000000000000000000000000000000000044095ea7b300000000000000000000000000000000000000000000000000000000deadbabe00000000000000000000000000000000000000000000000000000000000000c8000000000000000000000000000000000000000000000000000000000000000000000000000000000000) [staticcall]
    │   ├─ [2503] 0x3e5c…d36e::e86637db(000000000000000000000000d34c0841a14cd53428930d4e0b76ea2406603b0000000000000000000000000000000000000000000000000000000000000000000000000000000000000000000000000000000000000000000000000000000140000000000000000000000000000000000000000000000000000000000000000100000000000000000000000000000000000000000000000000000000000000000000000000000000000000000000000000000000000000000000000000000000000000000000000000000000000000000000000000000000000000000000000000000000000000000000000000000000000000000000000000000000000000000000000000000000000000000000000000000000000000000000000000000000000000000000000000000000000000000000000000000000000000000000000200000000000000000000000000000000000000000000000000000000000001648d80ff0a0000000000000000000000000000000000000000000000000000000000000020000000000000000000000000000000000000000000000000000000000000011200201308b728acb48413cd27ec60b4ffac074c2d0100000000000000000000000000000000000000000000000000000000000000000000000000000000000000000000000000000000000000000000000000000024e19a9dd9000000000000000000000000ce71065d4017f316ec606fe4422e11eb2c47c24600f17a3fe536f8f7847f1385ec1bc967b2ca9cae8d00000000000000000000000000000000000000000000000000000000000000000000000000000000000000000000000000000000000000000000000000000044095ea7b300000000000000000000000000000000000000000000000000000000deadbabe00000000000000000000000000000000000000000000000000000000000000c8000000000000000000000000000000000000000000000000000000000000000000000000000000000000) [delegatecall]
    │   │   └─ ← 0x0000000000000000000000000000000000000000000000000000000000000020000000000000000000000000000000000000000000000000000000000000004219013082379441537f7c669024bbf5518aabfb75fd0a615d5a02cb086b71925b75572850c2e0dc3745023ebea38c9c81327dc4a17250ab874e7e32c5da00046e6e0c000000000000000000000000000000000000000000000000000000000000
    │   └─ ← 0x0000000000000000000000000000000000000000000000000000000000000020000000000000000000000000000000000000000000000000000000000000004219013082379441537f7c669024bbf5518aabfb75fd0a615d5a02cb086b71925b75572850c2e0dc3745023ebea38c9c81327dc4a17250ab874e7e32c5da00046e6e0c000000000000000000000000000000000000000000000000000000000000
    ├─ [0] VM::sign(77814517325470205911140941194401928579557062014761831930645393041380819009408, 0x59c3c6986fd05d0625323d9d8fbf6f0fd9d7344357a72b5318fa3740c70c53d5) [staticcall]
    │   └─ ← 27, 0xe4677c6f37fed483810d82e51a0e1a80445e2827984d6e7542c9560264829b5e, 0x5910ba665a8ccc84b74c7d7eb221ec58803a2c99676d8f022ae0ea15faa8959f
    ├─ [0] VM::prank(0xf39fd6e51aad88f6f4ce6ab8827279cfffb92266)
    │   └─ ← ()
    ├─ [57817] 0x2013…2d01::6a761202(000000000000000000000000d34c0841a14cd53428930d4e0b76ea2406603b000000000000000000000000000000000000000000000000000000000000000000000000000000000000000000000000000000000000000000000000000000014000000000000000000000000000000000000000000000000000000000000000010000000000000000000000000000000000000000000000000000000000000000000000000000000000000000000000000000000000000000000000000000000000000000000000000000000000000000000000000000000000000000000000000000000000000000000000000000000000000000000000000000000000000000000000000000000000000000000000000000000000000000000000000000000000000000000000000000000000000000000000000000000000000000000002e000000000000000000000000000000000000000000000000000000000000001648d80ff0a0000000000000000000000000000000000000000000000000000000000000020000000000000000000000000000000000000000000000000000000000000011200201308b728acb48413cd27ec60b4ffac074c2d0100000000000000000000000000000000000000000000000000000000000000000000000000000000000000000000000000000000000000000000000000000024e19a9dd9000000000000000000000000ce71065d4017f316ec606fe4422e11eb2c47c24600f17a3fe536f8f7847f1385ec1bc967b2ca9cae8d00000000000000000000000000000000000000000000000000000000000000000000000000000000000000000000000000000000000000000000000000000044095ea7b300000000000000000000000000000000000000000000000000000000deadbabe00000000000000000000000000000000000000000000000000000000000000c80000000000000000000000000000000000000000000000000000000000000000000000000000000000000000000000000000000000000000000000000000000000000000000000000041e4677c6f37fed483810d82e51a0e1a80445e2827984d6e7542c9560264829b5e5910ba665a8ccc84b74c7d7eb221ec58803a2c99676d8f022ae0ea15faa8959f1b00000000000000000000000000000000000000000000000000000000000000)
    │   ├─ [57329] 0x3e5c…d36e::6a761202(000000000000000000000000d34c0841a14cd53428930d4e0b76ea2406603b000000000000000000000000000000000000000000000000000000000000000000000000000000000000000000000000000000000000000000000000000000014000000000000000000000000000000000000000000000000000000000000000010000000000000000000000000000000000000000000000000000000000000000000000000000000000000000000000000000000000000000000000000000000000000000000000000000000000000000000000000000000000000000000000000000000000000000000000000000000000000000000000000000000000000000000000000000000000000000000000000000000000000000000000000000000000000000000000000000000000000000000000000000000000000000000002e000000000000000000000000000000000000000000000000000000000000001648d80ff0a0000000000000000000000000000000000000000000000000000000000000020000000000000000000000000000000000000000000000000000000000000011200201308b728acb48413cd27ec60b4ffac074c2d0100000000000000000000000000000000000000000000000000000000000000000000000000000000000000000000000000000000000000000000000000000024e19a9dd9000000000000000000000000ce71065d4017f316ec606fe4422e11eb2c47c24600f17a3fe536f8f7847f1385ec1bc967b2ca9cae8d00000000000000000000000000000000000000000000000000000000000000000000000000000000000000000000000000000000000000000000000000000044095ea7b300000000000000000000000000000000000000000000000000000000deadbabe00000000000000000000000000000000000000000000000000000000000000c80000000000000000000000000000000000000000000000000000000000000000000000000000000000000000000000000000000000000000000000000000000000000000000000000041e4677c6f37fed483810d82e51a0e1a80445e2827984d6e7542c9560264829b5e5910ba665a8ccc84b74c7d7eb221ec58803a2c99676d8f022ae0ea15faa8959f1b00000000000000000000000000000000000000000000000000000000000000) [delegatecall]
    │   │   ├─  emit topic 0: 0x66753cd2356569ee081232e3be8909b950e0a76c1f8460c3a5e3c2be32b11bed
    │   │   │           data: 0x000000000000000000000000d34c0841a14cd53428930d4e0b76ea2406603b00000000000000000000000000000000000000000000000000000000000000000000000000000000000000000000000000000000000000000000000000000001600000000000000000000000000000000000000000000000000000000000000001000000000000000000000000000000000000000000000000000000000000000000000000000000000000000000000000000000000000000000000000000000000000000000000000000000000000000000000000000000000000000000000000000000000000000000000000000000000000000000000000000000000000000000000000000000000000000000000000000000000000000000000000000000000000000000000000000000000000000000000000000000000000000000000300000000000000000000000000000000000000000000000000000000000000038000000000000000000000000000000000000000000000000000000000000001648d80ff0a0000000000000000000000000000000000000000000000000000000000000020000000000000000000000000000000000000000000000000000000000000011200201308b728acb48413cd27ec60b4ffac074c2d0100000000000000000000000000000000000000000000000000000000000000000000000000000000000000000000000000000000000000000000000000000024e19a9dd9000000000000000000000000ce71065d4017f316ec606fe4422e11eb2c47c24600f17a3fe536f8f7847f1385ec1bc967b2ca9cae8d00000000000000000000000000000000000000000000000000000000000000000000000000000000000000000000000000000000000000000000000000000044095ea7b300000000000000000000000000000000000000000000000000000000deadbabe00000000000000000000000000000000000000000000000000000000000000c80000000000000000000000000000000000000000000000000000000000000000000000000000000000000000000000000000000000000000000000000000000000000000000000000041e4677c6f37fed483810d82e51a0e1a80445e2827984d6e7542c9560264829b5e5910ba665a8ccc84b74c7d7eb221ec58803a2c99676d8f022ae0ea15faa8959f1b0000000000000000000000000000000000000000000000000000000000000000000000000000000000000000000000000000000000000000000000000000600000000000000000000000000000000000000000000000000000000000000002000000000000000000000000f39fd6e51aad88f6f4ce6ab8827279cfffb922660000000000000000000000000000000000000000000000000000000000000001
    │   │   ├─ [3000] PRECOMPILE::ecrecover(0x59c3c6986fd05d0625323d9d8fbf6f0fd9d7344357a72b5318fa3740c70c53d5, 27, 103310173539654999296186264299941974312045759297056496336428391473407336815454, 40285399561218253366838225107603575675464563930029676692367364150336799937951) [staticcall]
    │   │   │   └─ ← 0xf39fd6e51aad88f6f4ce6ab8827279cfffb92266
    │   │   ├─ [25552] 0xd34c…3b00::8d80ff0a(0000000000000000000000000000000000000000000000000000000000000020000000000000000000000000000000000000000000000000000000000000011200201308b728acb48413cd27ec60b4ffac074c2d0100000000000000000000000000000000000000000000000000000000000000000000000000000000000000000000000000000000000000000000000000000024e19a9dd9000000000000000000000000ce71065d4017f316ec606fe4422e11eb2c47c24600f17a3fe536f8f7847f1385ec1bc967b2ca9cae8d00000000000000000000000000000000000000000000000000000000000000000000000000000000000000000000000000000000000000000000000000000044095ea7b300000000000000000000000000000000000000000000000000000000deadbabe00000000000000000000000000000000000000000000000000000000000000c80000000000000000000000000000) [delegatecall]
    │   │   │   ├─ [21765] 0x2013…2d01::e19a9dd9(000000000000000000000000ce71065d4017f316ec606fe4422e11eb2c47c246)
    │   │   │   │   ├─ [21434] 0x3e5c…d36e::e19a9dd9(000000000000000000000000ce71065d4017f316ec606fe4422e11eb2c47c246) [delegatecall]
    │   │   │   │   │   ├─  emit topic 0: 0x1151116914515bc0891ff9047a6cb32cf902546f83066499bcf8ba33d2353fa2
    │   │   │   │   │   │           data: 0x000000000000000000000000ce71065d4017f316ec606fe4422e11eb2c47c246
    │   │   │   │   │   └─ ← ()
    │   │   │   │   └─ ← ()
    │   │   │   ├─ [0] 0xf17a…ae8d::095ea7b3(00000000000000000000000000000000000000000000000000000000deadbabe00000000000000000000000000000000000000000000000000000000000000c8)
    │   │   │   │   └─ ← ()
    │   │   │   └─ ← ()
    │   │   ├─  emit topic 0: 0x442e715f626346e8c54381002da614f62bee8d27386535b2521ec8540898556e
    │   │   │           data: 0x59c3c6986fd05d0625323d9d8fbf6f0fd9d7344357a72b5318fa3740c70c53d50000000000000000000000000000000000000000000000000000000000000000
    │   │   └─ ← 0x0000000000000000000000000000000000000000000000000000000000000001
    │   └─ ← 0x0000000000000000000000000000000000000000000000000000000000000001
    ├─ [682] 0x2013…2d01::affed0e0() [staticcall]
    │   ├─ [351] 0x3e5c…d36e::affed0e0() [delegatecall]
    │   │   └─ ← 0x0000000000000000000000000000000000000000000000000000000000000003
    │   └─ ← 0x0000000000000000000000000000000000000000000000000000000000000003
    ├─ [2843] 0x2013…2d01::e86637db(000000000000000000000000ce71065d4017f316ec606fe4422e11eb2c47c2460000000000000000000000000000000000000000000000000000000000000000000000000000000000000000000000000000000000000000000000000000014000000000000000000000000000000000000000000000000000000000000000000000000000000000000000000000000000000000000000000000000000000000000000000000000000000000000000000000000000000000000000000000000000000000000000000000000000000000000000000000000000000000000000000000000000000000000000000000000000000000000000000000000000000000000000000000000000000000000000000000000000000000000000000000000000000000000000000000000000000000000000000000000000000000000000030000000000000000000000000000000000000000000000000000000000000044b5522e89000000000000000000000000201308b728acb48413cd27ec60b4ffac074c2d010000000000000000000000000000000000000000000000008ac7230489e8000000000000000000000000000000000000000000000000000000000000) [staticcall]
    │   ├─ [2422] 0x3e5c…d36e::e86637db(000000000000000000000000ce71065d4017f316ec606fe4422e11eb2c47c2460000000000000000000000000000000000000000000000000000000000000000000000000000000000000000000000000000000000000000000000000000014000000000000000000000000000000000000000000000000000000000000000000000000000000000000000000000000000000000000000000000000000000000000000000000000000000000000000000000000000000000000000000000000000000000000000000000000000000000000000000000000000000000000000000000000000000000000000000000000000000000000000000000000000000000000000000000000000000000000000000000000000000000000000000000000000000000000000000000000000000000000000000000000000000000000000030000000000000000000000000000000000000000000000000000000000000044b5522e89000000000000000000000000201308b728acb48413cd27ec60b4ffac074c2d010000000000000000000000000000000000000000000000008ac7230489e8000000000000000000000000000000000000000000000000000000000000) [delegatecall]
    │   │   └─ ← 0x0000000000000000000000000000000000000000000000000000000000000020000000000000000000000000000000000000000000000000000000000000004219013082379441537f7c669024bbf5518aabfb75fd0a615d5a02cb086b71925b7557e15604af26ad70a7054421edc39d3dee266ee834c475922ca8173a12fc2b8b54000000000000000000000000000000000000000000000000000000000000
    │   └─ ← 0x0000000000000000000000000000000000000000000000000000000000000020000000000000000000000000000000000000000000000000000000000000004219013082379441537f7c669024bbf5518aabfb75fd0a615d5a02cb086b71925b7557e15604af26ad70a7054421edc39d3dee266ee834c475922ca8173a12fc2b8b54000000000000000000000000000000000000000000000000000000000000
    ├─ [0] VM::sign(77814517325470205911140941194401928579557062014761831930645393041380819009408, 0xe206179fa075bbcda017238f60c1687f2d5d9752b1be79bd2e333d787a57fc69) [staticcall]
    │   └─ ← 27, 0xf360f6c1fab4d58b54f4d15b643bde68eea2a3cfebba9aca2cee0357942a0d04, 0x11dd9e00ac1e79d1663c8d2613b24ed2b34f7d5899e2bf4fd694667c403062c9
    ├─ [0] VM::prank(0xf39fd6e51aad88f6f4ce6ab8827279cfffb92266)
    │   └─ ← ()
    ├─ [76141] 0x2013…2d01::6a761202(000000000000000000000000ce71065d4017f316ec606fe4422e11eb2c47c2460000000000000000000000000000000000000000000000000000000000000000000000000000000000000000000000000000000000000000000000000000014000000000000000000000000000000000000000000000000000000000000000000000000000000000000000000000000000000000000000000000000000000000000000000000000000000000000000000000000000000000000000000000000000000000000000000000000000000000000000000000000000000000000000000000000000000000000000000000000000000000000000000000000000000000000000000000000000000000000000000000000000000000000000000000000000000000000000000000000000000000000000000000000000000000000001c00000000000000000000000000000000000000000000000000000000000000044b5522e89000000000000000000000000201308b728acb48413cd27ec60b4ffac074c2d010000000000000000000000000000000000000000000000008ac7230489e80000000000000000000000000000000000000000000000000000000000000000000000000000000000000000000000000000000000000000000000000041f360f6c1fab4d58b54f4d15b643bde68eea2a3cfebba9aca2cee0357942a0d0411dd9e00ac1e79d1663c8d2613b24ed2b34f7d5899e2bf4fd694667c403062c91b00000000000000000000000000000000000000000000000000000000000000)
    │   ├─ [75708] 0x3e5c…d36e::6a761202(000000000000000000000000ce71065d4017f316ec606fe4422e11eb2c47c2460000000000000000000000000000000000000000000000000000000000000000000000000000000000000000000000000000000000000000000000000000014000000000000000000000000000000000000000000000000000000000000000000000000000000000000000000000000000000000000000000000000000000000000000000000000000000000000000000000000000000000000000000000000000000000000000000000000000000000000000000000000000000000000000000000000000000000000000000000000000000000000000000000000000000000000000000000000000000000000000000000000000000000000000000000000000000000000000000000000000000000000000000000000000000000000001c00000000000000000000000000000000000000000000000000000000000000044b5522e89000000000000000000000000201308b728acb48413cd27ec60b4ffac074c2d010000000000000000000000000000000000000000000000008ac7230489e80000000000000000000000000000000000000000000000000000000000000000000000000000000000000000000000000000000000000000000000000041f360f6c1fab4d58b54f4d15b643bde68eea2a3cfebba9aca2cee0357942a0d0411dd9e00ac1e79d1663c8d2613b24ed2b34f7d5899e2bf4fd694667c403062c91b00000000000000000000000000000000000000000000000000000000000000) [delegatecall]
    │   │   ├─  emit topic 0: 0x66753cd2356569ee081232e3be8909b950e0a76c1f8460c3a5e3c2be32b11bed
    │   │   │           data: 0x000000000000000000000000ce71065d4017f316ec606fe4422e11eb2c47c2460000000000000000000000000000000000000000000000000000000000000000000000000000000000000000000000000000000000000000000000000000016000000000000000000000000000000000000000000000000000000000000000000000000000000000000000000000000000000000000000000000000000000000000000000000000000000000000000000000000000000000000000000000000000000000000000000000000000000000000000000000000000000000000000000000000000000000000000000000000000000000000000000000000000000000000000000000000000000000000000000000000000000000000000000000000000000000000000000000000000000000000000000000000000000000000001e000000000000000000000000000000000000000000000000000000000000002600000000000000000000000000000000000000000000000000000000000000044b5522e89000000000000000000000000201308b728acb48413cd27ec60b4ffac074c2d010000000000000000000000000000000000000000000000008ac7230489e80000000000000000000000000000000000000000000000000000000000000000000000000000000000000000000000000000000000000000000000000041f360f6c1fab4d58b54f4d15b643bde68eea2a3cfebba9aca2cee0357942a0d0411dd9e00ac1e79d1663c8d2613b24ed2b34f7d5899e2bf4fd694667c403062c91b0000000000000000000000000000000000000000000000000000000000000000000000000000000000000000000000000000000000000000000000000000600000000000000000000000000000000000000000000000000000000000000003000000000000000000000000f39fd6e51aad88f6f4ce6ab8827279cfffb922660000000000000000000000000000000000000000000000000000000000000001
    │   │   ├─ [3000] PRECOMPILE::ecrecover(0xe206179fa075bbcda017238f60c1687f2d5d9752b1be79bd2e333d787a57fc69, 27, 110083342583225938283745399030691070674547292372140087220650533288529837559044, 8080882121280595653359029744305277631106876553547352246714713878858499646153) [staticcall]
    │   │   │   └─ ← 0xf39fd6e51aad88f6f4ce6ab8827279cfffb92266
    │   │   ├─ [6101] metaLexGuard::checkTransaction(metaLexGuard: [0xce71065d4017f316ec606fe4422e11eb2c47c246], 0, 0xb5522e89000000000000000000000000201308b728acb48413cd27ec60b4ffac074c2d010000000000000000000000000000000000000000000000008ac7230489e80000, 0, 0, 0, 0, 0x0000000000000000000000000000000000000000, 0x0000000000000000000000000000000000000000, 0xf360f6c1fab4d58b54f4d15b643bde68eea2a3cfebba9aca2cee0357942a0d0411dd9e00ac1e79d1663c8d2613b24ed2b34f7d5899e2bf4fd694667c403062c91b, 0xf39fd6e51aad88f6f4ce6ab8827279cfffb92266)
    │   │   │   ├─ [0] console::f5b1bba9(0000000000000000000000000000000000000000000000000000000000000044) [staticcall]
    │   │   │   │   └─ ← ()
    │   │   │   └─ ← ()
    │   │   ├─ [47074] metaLexGuard::addContract(0x201308b728acb48413cd27ec60b4ffac074c2d01, 10000000000000000000)
    │   │   │   └─ ← ()
    │   │   ├─  emit topic 0: 0x442e715f626346e8c54381002da614f62bee8d27386535b2521ec8540898556e
    │   │   │           data: 0xe206179fa075bbcda017238f60c1687f2d5d9752b1be79bd2e333d787a57fc690000000000000000000000000000000000000000000000000000000000000000
    │   │   ├─ [379] metaLexGuard::checkAfterExecution(0xe206179fa075bbcda017238f60c1687f2d5d9752b1be79bd2e333d787a57fc69, true)
    │   │   │   └─ ← ()
    │   │   └─ ← 0x0000000000000000000000000000000000000000000000000000000000000001
    │   └─ ← 0x0000000000000000000000000000000000000000000000000000000000000001
    └─ ← ()

[PASS] testOwner() (gas: 15284)
Traces:
  [15284] ProjectTest::testOwner()
    ├─ [7485] 0x2013…2d01::2f54bf6e(000000000000000000000000f39fd6e51aad88f6f4ce6ab8827279cfffb92266) [staticcall]
    │   ├─ [2651] 0x3e5c…d36e::2f54bf6e(000000000000000000000000f39fd6e51aad88f6f4ce6ab8827279cfffb92266) [delegatecall]
    │   │   └─ ← 0x0000000000000000000000000000000000000000000000000000000000000001
    │   └─ ← 0x0000000000000000000000000000000000000000000000000000000000000001
    └─ ← ()

[PASS] testPassOnDai() (gas: 305894)
Logs:
  68
  68
  68

Traces:
  [305894] ProjectTest::testPassOnDai()
    ├─ [7182] 0x2013…2d01::affed0e0() [staticcall]
    │   ├─ [2351] 0x3e5c…d36e::affed0e0() [delegatecall]
    │   │   └─ ← 0x0000000000000000000000000000000000000000000000000000000000000002
    │   └─ ← 0x0000000000000000000000000000000000000000000000000000000000000002
    ├─ [2828] 0x2013…2d01::e86637db(000000000000000000000000201308b728acb48413cd27ec60b4ffac074c2d010000000000000000000000000000000000000000000000000000000000000000000000000000000000000000000000000000000000000000000000000000014000000000000000000000000000000000000000000000000000000000000000000000000000000000000000000000000000000000000000000000000000000000000000000000000000000000000000000000000000000000000000000000000000000000000000000000000000000000000000000000000000000000000000000000000000000000000000000000000000000000000000000000000000000000000000000000000000000000000000000000000000000000000000000000000000000000000000000000000000000000000000000000000000000000000000020000000000000000000000000000000000000000000000000000000000000024e19a9dd9000000000000000000000000ce71065d4017f316ec606fe4422e11eb2c47c24600000000000000000000000000000000000000000000000000000000) [staticcall]
    │   ├─ [2413] 0x3e5c…d36e::e86637db(000000000000000000000000201308b728acb48413cd27ec60b4ffac074c2d010000000000000000000000000000000000000000000000000000000000000000000000000000000000000000000000000000000000000000000000000000014000000000000000000000000000000000000000000000000000000000000000000000000000000000000000000000000000000000000000000000000000000000000000000000000000000000000000000000000000000000000000000000000000000000000000000000000000000000000000000000000000000000000000000000000000000000000000000000000000000000000000000000000000000000000000000000000000000000000000000000000000000000000000000000000000000000000000000000000000000000000000000000000000000000000000020000000000000000000000000000000000000000000000000000000000000024e19a9dd9000000000000000000000000ce71065d4017f316ec606fe4422e11eb2c47c24600000000000000000000000000000000000000000000000000000000) [delegatecall]
    │   │   └─ ← 0x0000000000000000000000000000000000000000000000000000000000000020000000000000000000000000000000000000000000000000000000000000004219013082379441537f7c669024bbf5518aabfb75fd0a615d5a02cb086b71925b7557a72ea7c7694447ccfa7b7ac00cc3be38ef2fba20743e6c3b4eefb5d07bab4e84000000000000000000000000000000000000000000000000000000000000
    │   └─ ← 0x0000000000000000000000000000000000000000000000000000000000000020000000000000000000000000000000000000000000000000000000000000004219013082379441537f7c669024bbf5518aabfb75fd0a615d5a02cb086b71925b7557a72ea7c7694447ccfa7b7ac00cc3be38ef2fba20743e6c3b4eefb5d07bab4e84000000000000000000000000000000000000000000000000000000000000
    ├─ [0] VM::sign(77814517325470205911140941194401928579557062014761831930645393041380819009408, 0xdd0332c8c18ba2353f568b3c9148035fcde33540036f1be239c542683ef374f6) [staticcall]
    │   └─ ← 28, 0xb2715784dfcb6a7f50edbeb952e35bf3af7b9490f672bdcca87b8a315f1013fc, 0x117b3b1cd34ff1f3235233c74d0aa044a460501c62b57193cb2c7dc1f28c6b0f
    ├─ [0] VM::prank(0xf39fd6e51aad88f6f4ce6ab8827279cfffb92266)
    │   └─ ← ()
    ├─ [48720] 0x2013…2d01::6a761202(000000000000000000000000201308b728acb48413cd27ec60b4ffac074c2d010000000000000000000000000000000000000000000000000000000000000000000000000000000000000000000000000000000000000000000000000000014000000000000000000000000000000000000000000000000000000000000000000000000000000000000000000000000000000000000000000000000000000000000000000000000000000000000000000000000000000000000000000000000000000000000000000000000000000000000000000000000000000000000000000000000000000000000000000000000000000000000000000000000000000000000000000000000000000000000000000000000000000000000000000000000000000000000000000000000000000000000000000000000000000000000001a00000000000000000000000000000000000000000000000000000000000000024e19a9dd9000000000000000000000000ce71065d4017f316ec606fe4422e11eb2c47c246000000000000000000000000000000000000000000000000000000000000000000000000000000000000000000000000000000000000000000000041b2715784dfcb6a7f50edbeb952e35bf3af7b9490f672bdcca87b8a315f1013fc117b3b1cd34ff1f3235233c74d0aa044a460501c62b57193cb2c7dc1f28c6b0f1c00000000000000000000000000000000000000000000000000000000000000)
    │   ├─ [48293] 0x3e5c…d36e::6a761202(000000000000000000000000201308b728acb48413cd27ec60b4ffac074c2d010000000000000000000000000000000000000000000000000000000000000000000000000000000000000000000000000000000000000000000000000000014000000000000000000000000000000000000000000000000000000000000000000000000000000000000000000000000000000000000000000000000000000000000000000000000000000000000000000000000000000000000000000000000000000000000000000000000000000000000000000000000000000000000000000000000000000000000000000000000000000000000000000000000000000000000000000000000000000000000000000000000000000000000000000000000000000000000000000000000000000000000000000000000000000000000001a00000000000000000000000000000000000000000000000000000000000000024e19a9dd9000000000000000000000000ce71065d4017f316ec606fe4422e11eb2c47c246000000000000000000000000000000000000000000000000000000000000000000000000000000000000000000000000000000000000000000000041b2715784dfcb6a7f50edbeb952e35bf3af7b9490f672bdcca87b8a315f1013fc117b3b1cd34ff1f3235233c74d0aa044a460501c62b57193cb2c7dc1f28c6b0f1c00000000000000000000000000000000000000000000000000000000000000) [delegatecall]
    │   │   ├─  emit topic 0: 0x66753cd2356569ee081232e3be8909b950e0a76c1f8460c3a5e3c2be32b11bed
    │   │   │           data: 0x000000000000000000000000201308b728acb48413cd27ec60b4ffac074c2d010000000000000000000000000000000000000000000000000000000000000000000000000000000000000000000000000000000000000000000000000000016000000000000000000000000000000000000000000000000000000000000000000000000000000000000000000000000000000000000000000000000000000000000000000000000000000000000000000000000000000000000000000000000000000000000000000000000000000000000000000000000000000000000000000000000000000000000000000000000000000000000000000000000000000000000000000000000000000000000000000000000000000000000000000000000000000000000000000000000000000000000000000000000000000000000001c000000000000000000000000000000000000000000000000000000000000002400000000000000000000000000000000000000000000000000000000000000024e19a9dd9000000000000000000000000ce71065d4017f316ec606fe4422e11eb2c47c246000000000000000000000000000000000000000000000000000000000000000000000000000000000000000000000000000000000000000000000041b2715784dfcb6a7f50edbeb952e35bf3af7b9490f672bdcca87b8a315f1013fc117b3b1cd34ff1f3235233c74d0aa044a460501c62b57193cb2c7dc1f28c6b0f1c0000000000000000000000000000000000000000000000000000000000000000000000000000000000000000000000000000000000000000000000000000600000000000000000000000000000000000000000000000000000000000000002000000000000000000000000f39fd6e51aad88f6f4ce6ab8827279cfffb922660000000000000000000000000000000000000000000000000000000000000001
    │   │   ├─ [3000] PRECOMPILE::ecrecover(0xdd0332c8c18ba2353f568b3c9148035fcde33540036f1be239c542683ef374f6, 28, 80711944800354826935609854279394083545176852230082238326013572508475636847612, 7907048595050018253709748460485820367277202979268491663054667203840605711119) [staticcall]
    │   │   │   └─ ← 0xf39fd6e51aad88f6f4ce6ab8827279cfffb92266
    │   │   ├─ [21765] 0x2013…2d01::e19a9dd9(000000000000000000000000ce71065d4017f316ec606fe4422e11eb2c47c246)
    │   │   │   ├─ [21434] 0x3e5c…d36e::e19a9dd9(000000000000000000000000ce71065d4017f316ec606fe4422e11eb2c47c246) [delegatecall]
    │   │   │   │   ├─  emit topic 0: 0x1151116914515bc0891ff9047a6cb32cf902546f83066499bcf8ba33d2353fa2
    │   │   │   │   │           data: 0x000000000000000000000000ce71065d4017f316ec606fe4422e11eb2c47c246
    │   │   │   │   └─ ← ()
    │   │   │   └─ ← ()
    │   │   ├─  emit topic 0: 0x442e715f626346e8c54381002da614f62bee8d27386535b2521ec8540898556e
    │   │   │           data: 0xdd0332c8c18ba2353f568b3c9148035fcde33540036f1be239c542683ef374f60000000000000000000000000000000000000000000000000000000000000000
    │   │   └─ ← 0x0000000000000000000000000000000000000000000000000000000000000001
    │   └─ ← 0x0000000000000000000000000000000000000000000000000000000000000001
    ├─ [682] 0x2013…2d01::affed0e0() [staticcall]
    │   ├─ [351] 0x3e5c…d36e::affed0e0() [delegatecall]
    │   │   └─ ← 0x0000000000000000000000000000000000000000000000000000000000000003
    │   └─ ← 0x0000000000000000000000000000000000000000000000000000000000000003
    ├─ [2843] 0x2013…2d01::e86637db(000000000000000000000000ce71065d4017f316ec606fe4422e11eb2c47c2460000000000000000000000000000000000000000000000000000000000000000000000000000000000000000000000000000000000000000000000000000014000000000000000000000000000000000000000000000000000000000000000000000000000000000000000000000000000000000000000000000000000000000000000000000000000000000000000000000000000000000000000000000000000000000000000000000000000000000000000000000000000000000000000000000000000000000000000000000000000000000000000000000000000000000000000000000000000000000000000000000000000000000000000000000000000000000000000000000000000000000000000000000000000000000000000030000000000000000000000000000000000000000000000000000000000000044b5522e89000000000000000000000000da10009cbd5d07dd0cecc66161fc93d7c9000da1000000000000000000000000000000000000000000000000002386f26fc1000000000000000000000000000000000000000000000000000000000000) [staticcall]
    │   ├─ [2422] 0x3e5c…d36e::e86637db(000000000000000000000000ce71065d4017f316ec606fe4422e11eb2c47c2460000000000000000000000000000000000000000000000000000000000000000000000000000000000000000000000000000000000000000000000000000014000000000000000000000000000000000000000000000000000000000000000000000000000000000000000000000000000000000000000000000000000000000000000000000000000000000000000000000000000000000000000000000000000000000000000000000000000000000000000000000000000000000000000000000000000000000000000000000000000000000000000000000000000000000000000000000000000000000000000000000000000000000000000000000000000000000000000000000000000000000000000000000000000000000000000030000000000000000000000000000000000000000000000000000000000000044b5522e89000000000000000000000000da10009cbd5d07dd0cecc66161fc93d7c9000da1000000000000000000000000000000000000000000000000002386f26fc1000000000000000000000000000000000000000000000000000000000000) [delegatecall]
    │   │   └─ ← 0x0000000000000000000000000000000000000000000000000000000000000020000000000000000000000000000000000000000000000000000000000000004219013082379441537f7c669024bbf5518aabfb75fd0a615d5a02cb086b71925b7557477dcf89e41929312a776681fa46f66497bdd9faa62152da5ffad65489d51136000000000000000000000000000000000000000000000000000000000000
    │   └─ ← 0x0000000000000000000000000000000000000000000000000000000000000020000000000000000000000000000000000000000000000000000000000000004219013082379441537f7c669024bbf5518aabfb75fd0a615d5a02cb086b71925b7557477dcf89e41929312a776681fa46f66497bdd9faa62152da5ffad65489d51136000000000000000000000000000000000000000000000000000000000000
    ├─ [0] VM::sign(77814517325470205911140941194401928579557062014761831930645393041380819009408, 0x9a522c2fd16029e9d196be73024d08360fdb11c44815399b9ef8e67444db8d0b) [staticcall]
    │   └─ ← 27, 0xae4cc99bc40f2b725fd6a23237c187f0655fa4a1a0eaa26a2088374b8e03ca3e, 0x3a2f634fbbcf2be857d8d10cee83ada1a5986d74ec1b7b18d6afdfdac129e162
    ├─ [0] VM::prank(0xf39fd6e51aad88f6f4ce6ab8827279cfffb92266)
    │   └─ ← ()
    ├─ [76141] 0x2013…2d01::6a761202(000000000000000000000000ce71065d4017f316ec606fe4422e11eb2c47c2460000000000000000000000000000000000000000000000000000000000000000000000000000000000000000000000000000000000000000000000000000014000000000000000000000000000000000000000000000000000000000000000000000000000000000000000000000000000000000000000000000000000000000000000000000000000000000000000000000000000000000000000000000000000000000000000000000000000000000000000000000000000000000000000000000000000000000000000000000000000000000000000000000000000000000000000000000000000000000000000000000000000000000000000000000000000000000000000000000000000000000000000000000000000000000000001c00000000000000000000000000000000000000000000000000000000000000044b5522e89000000000000000000000000da10009cbd5d07dd0cecc66161fc93d7c9000da1000000000000000000000000000000000000000000000000002386f26fc10000000000000000000000000000000000000000000000000000000000000000000000000000000000000000000000000000000000000000000000000041ae4cc99bc40f2b725fd6a23237c187f0655fa4a1a0eaa26a2088374b8e03ca3e3a2f634fbbcf2be857d8d10cee83ada1a5986d74ec1b7b18d6afdfdac129e1621b00000000000000000000000000000000000000000000000000000000000000)
    │   ├─ [75708] 0x3e5c…d36e::6a761202(000000000000000000000000ce71065d4017f316ec606fe4422e11eb2c47c2460000000000000000000000000000000000000000000000000000000000000000000000000000000000000000000000000000000000000000000000000000014000000000000000000000000000000000000000000000000000000000000000000000000000000000000000000000000000000000000000000000000000000000000000000000000000000000000000000000000000000000000000000000000000000000000000000000000000000000000000000000000000000000000000000000000000000000000000000000000000000000000000000000000000000000000000000000000000000000000000000000000000000000000000000000000000000000000000000000000000000000000000000000000000000000000001c00000000000000000000000000000000000000000000000000000000000000044b5522e89000000000000000000000000da10009cbd5d07dd0cecc66161fc93d7c9000da1000000000000000000000000000000000000000000000000002386f26fc10000000000000000000000000000000000000000000000000000000000000000000000000000000000000000000000000000000000000000000000000041ae4cc99bc40f2b725fd6a23237c187f0655fa4a1a0eaa26a2088374b8e03ca3e3a2f634fbbcf2be857d8d10cee83ada1a5986d74ec1b7b18d6afdfdac129e1621b00000000000000000000000000000000000000000000000000000000000000) [delegatecall]
    │   │   ├─  emit topic 0: 0x66753cd2356569ee081232e3be8909b950e0a76c1f8460c3a5e3c2be32b11bed
    │   │   │           data: 0x000000000000000000000000ce71065d4017f316ec606fe4422e11eb2c47c2460000000000000000000000000000000000000000000000000000000000000000000000000000000000000000000000000000000000000000000000000000016000000000000000000000000000000000000000000000000000000000000000000000000000000000000000000000000000000000000000000000000000000000000000000000000000000000000000000000000000000000000000000000000000000000000000000000000000000000000000000000000000000000000000000000000000000000000000000000000000000000000000000000000000000000000000000000000000000000000000000000000000000000000000000000000000000000000000000000000000000000000000000000000000000000000001e000000000000000000000000000000000000000000000000000000000000002600000000000000000000000000000000000000000000000000000000000000044b5522e89000000000000000000000000da10009cbd5d07dd0cecc66161fc93d7c9000da1000000000000000000000000000000000000000000000000002386f26fc10000000000000000000000000000000000000000000000000000000000000000000000000000000000000000000000000000000000000000000000000041ae4cc99bc40f2b725fd6a23237c187f0655fa4a1a0eaa26a2088374b8e03ca3e3a2f634fbbcf2be857d8d10cee83ada1a5986d74ec1b7b18d6afdfdac129e1621b0000000000000000000000000000000000000000000000000000000000000000000000000000000000000000000000000000000000000000000000000000600000000000000000000000000000000000000000000000000000000000000003000000000000000000000000f39fd6e51aad88f6f4ce6ab8827279cfffb922660000000000000000000000000000000000000000000000000000000000000001
    │   │   ├─ [3000] PRECOMPILE::ecrecover(0x9a522c2fd16029e9d196be73024d08360fdb11c44815399b9ef8e67444db8d0b, 27, 78838107480866396723079792163342678248580933373626358456202948049319227542078, 26317872452376777519497788862344611457169169098245007896485348869350837838178) [staticcall]
    │   │   │   └─ ← 0xf39fd6e51aad88f6f4ce6ab8827279cfffb92266
    │   │   ├─ [6101] metaLexGuard::checkTransaction(metaLexGuard: [0xce71065d4017f316ec606fe4422e11eb2c47c246], 0, 0xb5522e89000000000000000000000000da10009cbd5d07dd0cecc66161fc93d7c9000da1000000000000000000000000000000000000000000000000002386f26fc10000, 0, 0, 0, 0, 0x0000000000000000000000000000000000000000, 0x0000000000000000000000000000000000000000, 0xae4cc99bc40f2b725fd6a23237c187f0655fa4a1a0eaa26a2088374b8e03ca3e3a2f634fbbcf2be857d8d10cee83ada1a5986d74ec1b7b18d6afdfdac129e1621b, 0xf39fd6e51aad88f6f4ce6ab8827279cfffb92266)
    │   │   │   ├─ [0] console::f5b1bba9(0000000000000000000000000000000000000000000000000000000000000044) [staticcall]
    │   │   │   │   └─ ← ()
    │   │   │   └─ ← ()
    │   │   ├─ [47074] metaLexGuard::addContract(0xda10009cbd5d07dd0cecc66161fc93d7c9000da1, 10000000000000000)
    │   │   │   └─ ← ()
    │   │   ├─  emit topic 0: 0x442e715f626346e8c54381002da614f62bee8d27386535b2521ec8540898556e
    │   │   │           data: 0x9a522c2fd16029e9d196be73024d08360fdb11c44815399b9ef8e67444db8d0b0000000000000000000000000000000000000000000000000000000000000000
    │   │   ├─ [379] metaLexGuard::checkAfterExecution(0x9a522c2fd16029e9d196be73024d08360fdb11c44815399b9ef8e67444db8d0b, true)
    │   │   │   └─ ← ()
    │   │   └─ ← 0x0000000000000000000000000000000000000000000000000000000000000001
    │   └─ ← 0x0000000000000000000000000000000000000000000000000000000000000001
    ├─ [682] 0x2013…2d01::affed0e0() [staticcall]
    │   ├─ [351] 0x3e5c…d36e::affed0e0() [delegatecall]
    │   │   └─ ← 0x0000000000000000000000000000000000000000000000000000000000000004
    │   └─ ← 0x0000000000000000000000000000000000000000000000000000000000000004
    ├─ [2843] 0x2013…2d01::e86637db(000000000000000000000000ce71065d4017f316ec606fe4422e11eb2c47c24600000000000000000000000000000000000000000000000000000000000000000000000000000000000000000000000000000000000000000000000000000140000000000000000000000000000000000000000000000000000000000000000000000000000000000000000000000000000000000000000000000000000000000000000000000000000000000000000000000000000000000000000000000000000000000000000000000000000000000000000000000000000000000000000000000000000000000000000000000000000000000000000000000000000000000000000000000000000000000000000000000000000000000000000000000000000000000000000000000000000000000000000000000000000000000000000400000000000000000000000000000000000000000000000000000000000000446915d647000000000000000000000000f39fd6e51aad88f6f4ce6ab8827279cfffb92266000000000000000000000000000000000000000000000000002386f26fc1000000000000000000000000000000000000000000000000000000000000) [staticcall]
    │   ├─ [2422] 0x3e5c…d36e::e86637db(000000000000000000000000ce71065d4017f316ec606fe4422e11eb2c47c24600000000000000000000000000000000000000000000000000000000000000000000000000000000000000000000000000000000000000000000000000000140000000000000000000000000000000000000000000000000000000000000000000000000000000000000000000000000000000000000000000000000000000000000000000000000000000000000000000000000000000000000000000000000000000000000000000000000000000000000000000000000000000000000000000000000000000000000000000000000000000000000000000000000000000000000000000000000000000000000000000000000000000000000000000000000000000000000000000000000000000000000000000000000000000000000000400000000000000000000000000000000000000000000000000000000000000446915d647000000000000000000000000f39fd6e51aad88f6f4ce6ab8827279cfffb92266000000000000000000000000000000000000000000000000002386f26fc1000000000000000000000000000000000000000000000000000000000000) [delegatecall]
    │   │   └─ ← 0x0000000000000000000000000000000000000000000000000000000000000020000000000000000000000000000000000000000000000000000000000000004219013082379441537f7c669024bbf5518aabfb75fd0a615d5a02cb086b71925b7557ad3ffee42678ac77469b62044f33d29bc5f725580075051af7efdc25b57f2f3a000000000000000000000000000000000000000000000000000000000000
    │   └─ ← 0x0000000000000000000000000000000000000000000000000000000000000020000000000000000000000000000000000000000000000000000000000000004219013082379441537f7c669024bbf5518aabfb75fd0a615d5a02cb086b71925b7557ad3ffee42678ac77469b62044f33d29bc5f725580075051af7efdc25b57f2f3a000000000000000000000000000000000000000000000000000000000000
    ├─ [0] VM::sign(77814517325470205911140941194401928579557062014761831930645393041380819009408, 0x854d81fc11e75b9e6150734d4b31300ef7a0f771c4aeb8a8c170ab37933cb063) [staticcall]
    │   └─ ← 27, 0x9304735667daac3bde0c359ff9e91b285064626da881d0958f786a4634e15b56, 0x77e6b4d0051fd1bf0816f880308c03d565eeb0ca29406a5b09f449535e2bcc43
    ├─ [0] VM::prank(0xf39fd6e51aad88f6f4ce6ab8827279cfffb92266)
    │   └─ ← ()
    ├─ [67031] 0x2013…2d01::6a761202(000000000000000000000000ce71065d4017f316ec606fe4422e11eb2c47c2460000000000000000000000000000000000000000000000000000000000000000000000000000000000000000000000000000000000000000000000000000014000000000000000000000000000000000000000000000000000000000000000000000000000000000000000000000000000000000000000000000000000000000000000000000000000000000000000000000000000000000000000000000000000000000000000000000000000000000000000000000000000000000000000000000000000000000000000000000000000000000000000000000000000000000000000000000000000000000000000000000000000000000000000000000000000000000000000000000000000000000000000000000000000000000000001c000000000000000000000000000000000000000000000000000000000000000446915d647000000000000000000000000f39fd6e51aad88f6f4ce6ab8827279cfffb92266000000000000000000000000000000000000000000000000002386f26fc100000000000000000000000000000000000000000000000000000000000000000000000000000000000000000000000000000000000000000000000000419304735667daac3bde0c359ff9e91b285064626da881d0958f786a4634e15b5677e6b4d0051fd1bf0816f880308c03d565eeb0ca29406a5b09f449535e2bcc431b00000000000000000000000000000000000000000000000000000000000000)
    │   ├─ [66598] 0x3e5c…d36e::6a761202(000000000000000000000000ce71065d4017f316ec606fe4422e11eb2c47c2460000000000000000000000000000000000000000000000000000000000000000000000000000000000000000000000000000000000000000000000000000014000000000000000000000000000000000000000000000000000000000000000000000000000000000000000000000000000000000000000000000000000000000000000000000000000000000000000000000000000000000000000000000000000000000000000000000000000000000000000000000000000000000000000000000000000000000000000000000000000000000000000000000000000000000000000000000000000000000000000000000000000000000000000000000000000000000000000000000000000000000000000000000000000000000000001c000000000000000000000000000000000000000000000000000000000000000446915d647000000000000000000000000f39fd6e51aad88f6f4ce6ab8827279cfffb92266000000000000000000000000000000000000000000000000002386f26fc100000000000000000000000000000000000000000000000000000000000000000000000000000000000000000000000000000000000000000000000000419304735667daac3bde0c359ff9e91b285064626da881d0958f786a4634e15b5677e6b4d0051fd1bf0816f880308c03d565eeb0ca29406a5b09f449535e2bcc431b00000000000000000000000000000000000000000000000000000000000000) [delegatecall]
    │   │   ├─  emit topic 0: 0x66753cd2356569ee081232e3be8909b950e0a76c1f8460c3a5e3c2be32b11bed
    │   │   │           data: 0x000000000000000000000000ce71065d4017f316ec606fe4422e11eb2c47c2460000000000000000000000000000000000000000000000000000000000000000000000000000000000000000000000000000000000000000000000000000016000000000000000000000000000000000000000000000000000000000000000000000000000000000000000000000000000000000000000000000000000000000000000000000000000000000000000000000000000000000000000000000000000000000000000000000000000000000000000000000000000000000000000000000000000000000000000000000000000000000000000000000000000000000000000000000000000000000000000000000000000000000000000000000000000000000000000000000000000000000000000000000000000000000000001e0000000000000000000000000000000000000000000000000000000000000026000000000000000000000000000000000000000000000000000000000000000446915d647000000000000000000000000f39fd6e51aad88f6f4ce6ab8827279cfffb92266000000000000000000000000000000000000000000000000002386f26fc100000000000000000000000000000000000000000000000000000000000000000000000000000000000000000000000000000000000000000000000000419304735667daac3bde0c359ff9e91b285064626da881d0958f786a4634e15b5677e6b4d0051fd1bf0816f880308c03d565eeb0ca29406a5b09f449535e2bcc431b0000000000000000000000000000000000000000000000000000000000000000000000000000000000000000000000000000000000000000000000000000600000000000000000000000000000000000000000000000000000000000000004000000000000000000000000f39fd6e51aad88f6f4ce6ab8827279cfffb922660000000000000000000000000000000000000000000000000000000000000001
    │   │   ├─ [3000] PRECOMPILE::ecrecover(0x854d81fc11e75b9e6150734d4b31300ef7a0f771c4aeb8a8c170ab37933cb063, 27, 66497852160321689727360166565843500983110586093217717677128839456936909953878, 54232851728858708848882615488502233010819650316540664670114413133695363566659) [staticcall]
    │   │   │   └─ ← 0xf39fd6e51aad88f6f4ce6ab8827279cfffb92266
    │   │   ├─ [1601] metaLexGuard::checkTransaction(metaLexGuard: [0xce71065d4017f316ec606fe4422e11eb2c47c246], 0, 0x6915d647000000000000000000000000f39fd6e51aad88f6f4ce6ab8827279cfffb92266000000000000000000000000000000000000000000000000002386f26fc10000, 0, 0, 0, 0, 0x0000000000000000000000000000000000000000, 0x0000000000000000000000000000000000000000, 0x9304735667daac3bde0c359ff9e91b285064626da881d0958f786a4634e15b5677e6b4d0051fd1bf0816f880308c03d565eeb0ca29406a5b09f449535e2bcc431b, 0xf39fd6e51aad88f6f4ce6ab8827279cfffb92266)
    │   │   │   ├─ [0] console::f5b1bba9(0000000000000000000000000000000000000000000000000000000000000044) [staticcall]
    │   │   │   │   └─ ← ()
    │   │   │   └─ ← ()
    │   │   ├─ [44964] metaLexGuard::addRecepient(0xf39fd6e51aad88f6f4ce6ab8827279cfffb92266, 10000000000000000)
    │   │   │   └─ ← ()
    │   │   ├─  emit topic 0: 0x442e715f626346e8c54381002da614f62bee8d27386535b2521ec8540898556e
    │   │   │           data: 0x854d81fc11e75b9e6150734d4b31300ef7a0f771c4aeb8a8c170ab37933cb0630000000000000000000000000000000000000000000000000000000000000000
    │   │   ├─ [379] metaLexGuard::checkAfterExecution(0x854d81fc11e75b9e6150734d4b31300ef7a0f771c4aeb8a8c170ab37933cb063, true)
    │   │   │   └─ ← ()
    │   │   └─ ← 0x0000000000000000000000000000000000000000000000000000000000000001
    │   └─ ← 0x0000000000000000000000000000000000000000000000000000000000000001
    ├─ [682] 0x2013…2d01::affed0e0() [staticcall]
    │   ├─ [351] 0x3e5c…d36e::affed0e0() [delegatecall]
    │   │   └─ ← 0x0000000000000000000000000000000000000000000000000000000000000005
    │   └─ ← 0x0000000000000000000000000000000000000000000000000000000000000005
    ├─ [2843] 0x2013…2d01::e86637db(000000000000000000000000da10009cbd5d07dd0cecc66161fc93d7c9000da10000000000000000000000000000000000000000000000000000000000000000000000000000000000000000000000000000000000000000000000000000014000000000000000000000000000000000000000000000000000000000000000000000000000000000000000000000000000000000000000000000000000000000000000000000000000000000000000000000000000000000000000000000000000000000000000000000000000000000000000000000000000000000000000000000000000000000000000000000000000000000000000000000000000000000000000000000000000000000000000000000000000000000000000000000000000000000000000000000000000000000000000000000000000000000000000050000000000000000000000000000000000000000000000000000000000000044a9059cbb000000000000000000000000f39fd6e51aad88f6f4ce6ab8827279cfffb92266000000000000000000000000000000000000000000000000002386f26fc1000000000000000000000000000000000000000000000000000000000000) [staticcall]
    │   ├─ [2422] 0x3e5c…d36e::e86637db(000000000000000000000000da10009cbd5d07dd0cecc66161fc93d7c9000da10000000000000000000000000000000000000000000000000000000000000000000000000000000000000000000000000000000000000000000000000000014000000000000000000000000000000000000000000000000000000000000000000000000000000000000000000000000000000000000000000000000000000000000000000000000000000000000000000000000000000000000000000000000000000000000000000000000000000000000000000000000000000000000000000000000000000000000000000000000000000000000000000000000000000000000000000000000000000000000000000000000000000000000000000000000000000000000000000000000000000000000000000000000000000000000000050000000000000000000000000000000000000000000000000000000000000044a9059cbb000000000000000000000000f39fd6e51aad88f6f4ce6ab8827279cfffb92266000000000000000000000000000000000000000000000000002386f26fc1000000000000000000000000000000000000000000000000000000000000) [delegatecall]
    │   │   └─ ← 0x0000000000000000000000000000000000000000000000000000000000000020000000000000000000000000000000000000000000000000000000000000004219013082379441537f7c669024bbf5518aabfb75fd0a615d5a02cb086b71925b755727963ebf878de1becb6917f07bc038e31e58c82f2741591e7da085c63269ec84000000000000000000000000000000000000000000000000000000000000
    │   └─ ← 0x0000000000000000000000000000000000000000000000000000000000000020000000000000000000000000000000000000000000000000000000000000004219013082379441537f7c669024bbf5518aabfb75fd0a615d5a02cb086b71925b755727963ebf878de1becb6917f07bc038e31e58c82f2741591e7da085c63269ec84000000000000000000000000000000000000000000000000000000000000
    ├─ [0] VM::sign(77814517325470205911140941194401928579557062014761831930645393041380819009408, 0x2f29a5e5f102b868245fe445aa1e5ae6f790e835ab3413bf3e2eb5dba1fc1fda) [staticcall]
    │   └─ ← 27, 0x8874d0e5cbdaf7a1755e58714494684cb415c86d936e67b27489649bc53eafb0, 0x6732c982786e53bf8e7bd99a34fa54cb01efb3e62bec29b3702d08a56efe3511
    ├─ [0] VM::prank(0xf39fd6e51aad88f6f4ce6ab8827279cfffb92266)
    │   └─ ← ()
    ├─ [54932] 0x2013…2d01::6a761202(000000000000000000000000da10009cbd5d07dd0cecc66161fc93d7c9000da10000000000000000000000000000000000000000000000000000000000000000000000000000000000000000000000000000000000000000000000000000014000000000000000000000000000000000000000000000000000000000000000000000000000000000000000000000000000000000000000000000000000000000000000000000000000000000000000000000000000000000000000000000000000000000000000000000000000000000000000000000000000000000000000000000000000000000000000000000000000000000000000000000000000000000000000000000000000000000000000000000000000000000000000000000000000000000000000000000000000000000000000000000000000000000000001c00000000000000000000000000000000000000000000000000000000000000044a9059cbb000000000000000000000000f39fd6e51aad88f6f4ce6ab8827279cfffb92266000000000000000000000000000000000000000000000000002386f26fc100000000000000000000000000000000000000000000000000000000000000000000000000000000000000000000000000000000000000000000000000418874d0e5cbdaf7a1755e58714494684cb415c86d936e67b27489649bc53eafb06732c982786e53bf8e7bd99a34fa54cb01efb3e62bec29b3702d08a56efe35111b00000000000000000000000000000000000000000000000000000000000000)
    │   ├─ [54499] 0x3e5c…d36e::6a761202(000000000000000000000000da10009cbd5d07dd0cecc66161fc93d7c9000da10000000000000000000000000000000000000000000000000000000000000000000000000000000000000000000000000000000000000000000000000000014000000000000000000000000000000000000000000000000000000000000000000000000000000000000000000000000000000000000000000000000000000000000000000000000000000000000000000000000000000000000000000000000000000000000000000000000000000000000000000000000000000000000000000000000000000000000000000000000000000000000000000000000000000000000000000000000000000000000000000000000000000000000000000000000000000000000000000000000000000000000000000000000000000000000001c00000000000000000000000000000000000000000000000000000000000000044a9059cbb000000000000000000000000f39fd6e51aad88f6f4ce6ab8827279cfffb92266000000000000000000000000000000000000000000000000002386f26fc100000000000000000000000000000000000000000000000000000000000000000000000000000000000000000000000000000000000000000000000000418874d0e5cbdaf7a1755e58714494684cb415c86d936e67b27489649bc53eafb06732c982786e53bf8e7bd99a34fa54cb01efb3e62bec29b3702d08a56efe35111b00000000000000000000000000000000000000000000000000000000000000) [delegatecall]
    │   │   ├─  emit topic 0: 0x66753cd2356569ee081232e3be8909b950e0a76c1f8460c3a5e3c2be32b11bed
    │   │   │           data: 0x000000000000000000000000da10009cbd5d07dd0cecc66161fc93d7c9000da10000000000000000000000000000000000000000000000000000000000000000000000000000000000000000000000000000000000000000000000000000016000000000000000000000000000000000000000000000000000000000000000000000000000000000000000000000000000000000000000000000000000000000000000000000000000000000000000000000000000000000000000000000000000000000000000000000000000000000000000000000000000000000000000000000000000000000000000000000000000000000000000000000000000000000000000000000000000000000000000000000000000000000000000000000000000000000000000000000000000000000000000000000000000000000000001e000000000000000000000000000000000000000000000000000000000000002600000000000000000000000000000000000000000000000000000000000000044a9059cbb000000000000000000000000f39fd6e51aad88f6f4ce6ab8827279cfffb92266000000000000000000000000000000000000000000000000002386f26fc100000000000000000000000000000000000000000000000000000000000000000000000000000000000000000000000000000000000000000000000000418874d0e5cbdaf7a1755e58714494684cb415c86d936e67b27489649bc53eafb06732c982786e53bf8e7bd99a34fa54cb01efb3e62bec29b3702d08a56efe35111b0000000000000000000000000000000000000000000000000000000000000000000000000000000000000000000000000000000000000000000000000000600000000000000000000000000000000000000000000000000000000000000005000000000000000000000000f39fd6e51aad88f6f4ce6ab8827279cfffb922660000000000000000000000000000000000000000000000000000000000000001
    │   │   ├─ [3000] PRECOMPILE::ecrecover(0x2f29a5e5f102b868245fe445aa1e5ae6f790e835ab3413bf3e2eb5dba1fc1fda, 27, 61720943425374913750047341854799528243455206870892477325425574085911912558512, 46677956525806989805666993935255386450809763592220124417825540526358650565905) [staticcall]
    │   │   │   └─ ← 0xf39fd6e51aad88f6f4ce6ab8827279cfffb92266
    │   │   ├─ [2306] metaLexGuard::checkTransaction(0xda10009cbd5d07dd0cecc66161fc93d7c9000da1, 0, 0xa9059cbb000000000000000000000000f39fd6e51aad88f6f4ce6ab8827279cfffb92266000000000000000000000000000000000000000000000000002386f26fc10000, 0, 0, 0, 0, 0x0000000000000000000000000000000000000000, 0x0000000000000000000000000000000000000000, 0x8874d0e5cbdaf7a1755e58714494684cb415c86d936e67b27489649bc53eafb06732c982786e53bf8e7bd99a34fa54cb01efb3e62bec29b3702d08a56efe35111b, 0xf39fd6e51aad88f6f4ce6ab8827279cfffb92266)
    │   │   │   ├─ [0] console::f5b1bba9(0000000000000000000000000000000000000000000000000000000000000044) [staticcall]
    │   │   │   │   └─ ← ()
    │   │   │   └─ ← ()
    │   │   ├─ [29660] 0xda10…0da1::a9059cbb(000000000000000000000000f39fd6e51aad88f6f4ce6ab8827279cfffb92266000000000000000000000000000000000000000000000000002386f26fc10000)
    │   │   │   ├─  emit topic 0: 0xddf252ad1be2c89b69c2b068fc378daa952ba7f163c4a11628f55a4df523b3ef
    │   │   │   │       topic 1: 0x000000000000000000000000201308b728acb48413cd27ec60b4ffac074c2d01
    │   │   │   │       topic 2: 0x000000000000000000000000f39fd6e51aad88f6f4ce6ab8827279cfffb92266
    │   │   │   │           data: 0x000000000000000000000000000000000000000000000000002386f26fc10000
    │   │   │   └─ ← 0x0000000000000000000000000000000000000000000000000000000000000001
    │   │   ├─  emit topic 0: 0x442e715f626346e8c54381002da614f62bee8d27386535b2521ec8540898556e
    │   │   │           data: 0x2f29a5e5f102b868245fe445aa1e5ae6f790e835ab3413bf3e2eb5dba1fc1fda0000000000000000000000000000000000000000000000000000000000000000
    │   │   ├─ [379] metaLexGuard::checkAfterExecution(0x2f29a5e5f102b868245fe445aa1e5ae6f790e835ab3413bf3e2eb5dba1fc1fda, true)
    │   │   │   └─ ← ()
    │   │   └─ ← 0x0000000000000000000000000000000000000000000000000000000000000001
    │   └─ ← 0x0000000000000000000000000000000000000000000000000000000000000001
    └─ ← ()

[PASS] testPassOnNativeDevPayment() (gas: 199566)
Logs:
  68
  0

Traces:
  [199566] ProjectTest::testPassOnNativeDevPayment()
    ├─ [7182] 0x2013…2d01::affed0e0() [staticcall]
    │   ├─ [2351] 0x3e5c…d36e::affed0e0() [delegatecall]
    │   │   └─ ← 0x0000000000000000000000000000000000000000000000000000000000000002
    │   └─ ← 0x0000000000000000000000000000000000000000000000000000000000000002
    ├─ [2828] 0x2013…2d01::e86637db(000000000000000000000000201308b728acb48413cd27ec60b4ffac074c2d010000000000000000000000000000000000000000000000000000000000000000000000000000000000000000000000000000000000000000000000000000014000000000000000000000000000000000000000000000000000000000000000000000000000000000000000000000000000000000000000000000000000000000000000000000000000000000000000000000000000000000000000000000000000000000000000000000000000000000000000000000000000000000000000000000000000000000000000000000000000000000000000000000000000000000000000000000000000000000000000000000000000000000000000000000000000000000000000000000000000000000000000000000000000000000000000020000000000000000000000000000000000000000000000000000000000000024e19a9dd9000000000000000000000000ce71065d4017f316ec606fe4422e11eb2c47c24600000000000000000000000000000000000000000000000000000000) [staticcall]
    │   ├─ [2413] 0x3e5c…d36e::e86637db(000000000000000000000000201308b728acb48413cd27ec60b4ffac074c2d010000000000000000000000000000000000000000000000000000000000000000000000000000000000000000000000000000000000000000000000000000014000000000000000000000000000000000000000000000000000000000000000000000000000000000000000000000000000000000000000000000000000000000000000000000000000000000000000000000000000000000000000000000000000000000000000000000000000000000000000000000000000000000000000000000000000000000000000000000000000000000000000000000000000000000000000000000000000000000000000000000000000000000000000000000000000000000000000000000000000000000000000000000000000000000000000020000000000000000000000000000000000000000000000000000000000000024e19a9dd9000000000000000000000000ce71065d4017f316ec606fe4422e11eb2c47c24600000000000000000000000000000000000000000000000000000000) [delegatecall]
    │   │   └─ ← 0x0000000000000000000000000000000000000000000000000000000000000020000000000000000000000000000000000000000000000000000000000000004219013082379441537f7c669024bbf5518aabfb75fd0a615d5a02cb086b71925b7557a72ea7c7694447ccfa7b7ac00cc3be38ef2fba20743e6c3b4eefb5d07bab4e84000000000000000000000000000000000000000000000000000000000000
    │   └─ ← 0x0000000000000000000000000000000000000000000000000000000000000020000000000000000000000000000000000000000000000000000000000000004219013082379441537f7c669024bbf5518aabfb75fd0a615d5a02cb086b71925b7557a72ea7c7694447ccfa7b7ac00cc3be38ef2fba20743e6c3b4eefb5d07bab4e84000000000000000000000000000000000000000000000000000000000000
    ├─ [0] VM::sign(77814517325470205911140941194401928579557062014761831930645393041380819009408, 0xdd0332c8c18ba2353f568b3c9148035fcde33540036f1be239c542683ef374f6) [staticcall]
    │   └─ ← 28, 0xb2715784dfcb6a7f50edbeb952e35bf3af7b9490f672bdcca87b8a315f1013fc, 0x117b3b1cd34ff1f3235233c74d0aa044a460501c62b57193cb2c7dc1f28c6b0f
    ├─ [0] VM::prank(0xf39fd6e51aad88f6f4ce6ab8827279cfffb92266)
    │   └─ ← ()
    ├─ [48720] 0x2013…2d01::6a761202(000000000000000000000000201308b728acb48413cd27ec60b4ffac074c2d010000000000000000000000000000000000000000000000000000000000000000000000000000000000000000000000000000000000000000000000000000014000000000000000000000000000000000000000000000000000000000000000000000000000000000000000000000000000000000000000000000000000000000000000000000000000000000000000000000000000000000000000000000000000000000000000000000000000000000000000000000000000000000000000000000000000000000000000000000000000000000000000000000000000000000000000000000000000000000000000000000000000000000000000000000000000000000000000000000000000000000000000000000000000000000000001a00000000000000000000000000000000000000000000000000000000000000024e19a9dd9000000000000000000000000ce71065d4017f316ec606fe4422e11eb2c47c246000000000000000000000000000000000000000000000000000000000000000000000000000000000000000000000000000000000000000000000041b2715784dfcb6a7f50edbeb952e35bf3af7b9490f672bdcca87b8a315f1013fc117b3b1cd34ff1f3235233c74d0aa044a460501c62b57193cb2c7dc1f28c6b0f1c00000000000000000000000000000000000000000000000000000000000000)
    │   ├─ [48293] 0x3e5c…d36e::6a761202(000000000000000000000000201308b728acb48413cd27ec60b4ffac074c2d010000000000000000000000000000000000000000000000000000000000000000000000000000000000000000000000000000000000000000000000000000014000000000000000000000000000000000000000000000000000000000000000000000000000000000000000000000000000000000000000000000000000000000000000000000000000000000000000000000000000000000000000000000000000000000000000000000000000000000000000000000000000000000000000000000000000000000000000000000000000000000000000000000000000000000000000000000000000000000000000000000000000000000000000000000000000000000000000000000000000000000000000000000000000000000000001a00000000000000000000000000000000000000000000000000000000000000024e19a9dd9000000000000000000000000ce71065d4017f316ec606fe4422e11eb2c47c246000000000000000000000000000000000000000000000000000000000000000000000000000000000000000000000000000000000000000000000041b2715784dfcb6a7f50edbeb952e35bf3af7b9490f672bdcca87b8a315f1013fc117b3b1cd34ff1f3235233c74d0aa044a460501c62b57193cb2c7dc1f28c6b0f1c00000000000000000000000000000000000000000000000000000000000000) [delegatecall]
    │   │   ├─  emit topic 0: 0x66753cd2356569ee081232e3be8909b950e0a76c1f8460c3a5e3c2be32b11bed
    │   │   │           data: 0x000000000000000000000000201308b728acb48413cd27ec60b4ffac074c2d010000000000000000000000000000000000000000000000000000000000000000000000000000000000000000000000000000000000000000000000000000016000000000000000000000000000000000000000000000000000000000000000000000000000000000000000000000000000000000000000000000000000000000000000000000000000000000000000000000000000000000000000000000000000000000000000000000000000000000000000000000000000000000000000000000000000000000000000000000000000000000000000000000000000000000000000000000000000000000000000000000000000000000000000000000000000000000000000000000000000000000000000000000000000000000000001c000000000000000000000000000000000000000000000000000000000000002400000000000000000000000000000000000000000000000000000000000000024e19a9dd9000000000000000000000000ce71065d4017f316ec606fe4422e11eb2c47c246000000000000000000000000000000000000000000000000000000000000000000000000000000000000000000000000000000000000000000000041b2715784dfcb6a7f50edbeb952e35bf3af7b9490f672bdcca87b8a315f1013fc117b3b1cd34ff1f3235233c74d0aa044a460501c62b57193cb2c7dc1f28c6b0f1c0000000000000000000000000000000000000000000000000000000000000000000000000000000000000000000000000000000000000000000000000000600000000000000000000000000000000000000000000000000000000000000002000000000000000000000000f39fd6e51aad88f6f4ce6ab8827279cfffb922660000000000000000000000000000000000000000000000000000000000000001
    │   │   ├─ [3000] PRECOMPILE::ecrecover(0xdd0332c8c18ba2353f568b3c9148035fcde33540036f1be239c542683ef374f6, 28, 80711944800354826935609854279394083545176852230082238326013572508475636847612, 7907048595050018253709748460485820367277202979268491663054667203840605711119) [staticcall]
    │   │   │   └─ ← 0xf39fd6e51aad88f6f4ce6ab8827279cfffb92266
    │   │   ├─ [21765] 0x2013…2d01::e19a9dd9(000000000000000000000000ce71065d4017f316ec606fe4422e11eb2c47c246)
    │   │   │   ├─ [21434] 0x3e5c…d36e::e19a9dd9(000000000000000000000000ce71065d4017f316ec606fe4422e11eb2c47c246) [delegatecall]
    │   │   │   │   ├─  emit topic 0: 0x1151116914515bc0891ff9047a6cb32cf902546f83066499bcf8ba33d2353fa2
    │   │   │   │   │           data: 0x000000000000000000000000ce71065d4017f316ec606fe4422e11eb2c47c246
    │   │   │   │   └─ ← ()
    │   │   │   └─ ← ()
    │   │   ├─  emit topic 0: 0x442e715f626346e8c54381002da614f62bee8d27386535b2521ec8540898556e
    │   │   │           data: 0xdd0332c8c18ba2353f568b3c9148035fcde33540036f1be239c542683ef374f60000000000000000000000000000000000000000000000000000000000000000
    │   │   └─ ← 0x0000000000000000000000000000000000000000000000000000000000000001
    │   └─ ← 0x0000000000000000000000000000000000000000000000000000000000000001
    ├─ [682] 0x2013…2d01::affed0e0() [staticcall]
    │   ├─ [351] 0x3e5c…d36e::affed0e0() [delegatecall]
    │   │   └─ ← 0x0000000000000000000000000000000000000000000000000000000000000003
    │   └─ ← 0x0000000000000000000000000000000000000000000000000000000000000003
    ├─ [2843] 0x2013…2d01::e86637db(000000000000000000000000ce71065d4017f316ec606fe4422e11eb2c47c24600000000000000000000000000000000000000000000000000000000000000000000000000000000000000000000000000000000000000000000000000000140000000000000000000000000000000000000000000000000000000000000000000000000000000000000000000000000000000000000000000000000000000000000000000000000000000000000000000000000000000000000000000000000000000000000000000000000000000000000000000000000000000000000000000000000000000000000000000000000000000000000000000000000000000000000000000000000000000000000000000000000000000000000000000000000000000000000000000000000000000000000000000000000000000000000000300000000000000000000000000000000000000000000000000000000000000446915d647000000000000000000000000f39fd6e51aad88f6f4ce6ab8827279cfffb92266000000000000000000000000000000000000000000000000002386f26fc1000000000000000000000000000000000000000000000000000000000000) [staticcall]
    │   ├─ [2422] 0x3e5c…d36e::e86637db(000000000000000000000000ce71065d4017f316ec606fe4422e11eb2c47c24600000000000000000000000000000000000000000000000000000000000000000000000000000000000000000000000000000000000000000000000000000140000000000000000000000000000000000000000000000000000000000000000000000000000000000000000000000000000000000000000000000000000000000000000000000000000000000000000000000000000000000000000000000000000000000000000000000000000000000000000000000000000000000000000000000000000000000000000000000000000000000000000000000000000000000000000000000000000000000000000000000000000000000000000000000000000000000000000000000000000000000000000000000000000000000000000300000000000000000000000000000000000000000000000000000000000000446915d647000000000000000000000000f39fd6e51aad88f6f4ce6ab8827279cfffb92266000000000000000000000000000000000000000000000000002386f26fc1000000000000000000000000000000000000000000000000000000000000) [delegatecall]
    │   │   └─ ← 0x0000000000000000000000000000000000000000000000000000000000000020000000000000000000000000000000000000000000000000000000000000004219013082379441537f7c669024bbf5518aabfb75fd0a615d5a02cb086b71925b7557c747ae5553b7eec42ff2ba8669b23d2626a5b6c02a17c8655aa15d0a6d0b0e06000000000000000000000000000000000000000000000000000000000000
    │   └─ ← 0x0000000000000000000000000000000000000000000000000000000000000020000000000000000000000000000000000000000000000000000000000000004219013082379441537f7c669024bbf5518aabfb75fd0a615d5a02cb086b71925b7557c747ae5553b7eec42ff2ba8669b23d2626a5b6c02a17c8655aa15d0a6d0b0e06000000000000000000000000000000000000000000000000000000000000
    ├─ [0] VM::sign(77814517325470205911140941194401928579557062014761831930645393041380819009408, 0x8f2aa025efdb456898b9dcf6dd084acebf07858a55a2bace0beaa3d1732d5eb5) [staticcall]
    │   └─ ← 28, 0x6ae739834bfb9e6ea66f0409fd074621d8f72b505116855f68fc6fe62b4d0536, 0x3f79a10824e82a161f85c5ca7ed06d6cf650d4d95828987477687c5e7078f42d
    ├─ [0] VM::prank(0xf39fd6e51aad88f6f4ce6ab8827279cfffb92266)
    │   └─ ← ()
    ├─ [76031] 0x2013…2d01::6a761202(000000000000000000000000ce71065d4017f316ec606fe4422e11eb2c47c2460000000000000000000000000000000000000000000000000000000000000000000000000000000000000000000000000000000000000000000000000000014000000000000000000000000000000000000000000000000000000000000000000000000000000000000000000000000000000000000000000000000000000000000000000000000000000000000000000000000000000000000000000000000000000000000000000000000000000000000000000000000000000000000000000000000000000000000000000000000000000000000000000000000000000000000000000000000000000000000000000000000000000000000000000000000000000000000000000000000000000000000000000000000000000000000001c000000000000000000000000000000000000000000000000000000000000000446915d647000000000000000000000000f39fd6e51aad88f6f4ce6ab8827279cfffb92266000000000000000000000000000000000000000000000000002386f26fc100000000000000000000000000000000000000000000000000000000000000000000000000000000000000000000000000000000000000000000000000416ae739834bfb9e6ea66f0409fd074621d8f72b505116855f68fc6fe62b4d05363f79a10824e82a161f85c5ca7ed06d6cf650d4d95828987477687c5e7078f42d1c00000000000000000000000000000000000000000000000000000000000000)
    │   ├─ [75598] 0x3e5c…d36e::6a761202(000000000000000000000000ce71065d4017f316ec606fe4422e11eb2c47c2460000000000000000000000000000000000000000000000000000000000000000000000000000000000000000000000000000000000000000000000000000014000000000000000000000000000000000000000000000000000000000000000000000000000000000000000000000000000000000000000000000000000000000000000000000000000000000000000000000000000000000000000000000000000000000000000000000000000000000000000000000000000000000000000000000000000000000000000000000000000000000000000000000000000000000000000000000000000000000000000000000000000000000000000000000000000000000000000000000000000000000000000000000000000000000000001c000000000000000000000000000000000000000000000000000000000000000446915d647000000000000000000000000f39fd6e51aad88f6f4ce6ab8827279cfffb92266000000000000000000000000000000000000000000000000002386f26fc100000000000000000000000000000000000000000000000000000000000000000000000000000000000000000000000000000000000000000000000000416ae739834bfb9e6ea66f0409fd074621d8f72b505116855f68fc6fe62b4d05363f79a10824e82a161f85c5ca7ed06d6cf650d4d95828987477687c5e7078f42d1c00000000000000000000000000000000000000000000000000000000000000) [delegatecall]
    │   │   ├─  emit topic 0: 0x66753cd2356569ee081232e3be8909b950e0a76c1f8460c3a5e3c2be32b11bed
    │   │   │           data: 0x000000000000000000000000ce71065d4017f316ec606fe4422e11eb2c47c2460000000000000000000000000000000000000000000000000000000000000000000000000000000000000000000000000000000000000000000000000000016000000000000000000000000000000000000000000000000000000000000000000000000000000000000000000000000000000000000000000000000000000000000000000000000000000000000000000000000000000000000000000000000000000000000000000000000000000000000000000000000000000000000000000000000000000000000000000000000000000000000000000000000000000000000000000000000000000000000000000000000000000000000000000000000000000000000000000000000000000000000000000000000000000000000001e0000000000000000000000000000000000000000000000000000000000000026000000000000000000000000000000000000000000000000000000000000000446915d647000000000000000000000000f39fd6e51aad88f6f4ce6ab8827279cfffb92266000000000000000000000000000000000000000000000000002386f26fc100000000000000000000000000000000000000000000000000000000000000000000000000000000000000000000000000000000000000000000000000416ae739834bfb9e6ea66f0409fd074621d8f72b505116855f68fc6fe62b4d05363f79a10824e82a161f85c5ca7ed06d6cf650d4d95828987477687c5e7078f42d1c0000000000000000000000000000000000000000000000000000000000000000000000000000000000000000000000000000000000000000000000000000600000000000000000000000000000000000000000000000000000000000000003000000000000000000000000f39fd6e51aad88f6f4ce6ab8827279cfffb922660000000000000000000000000000000000000000000000000000000000000001
    │   │   ├─ [3000] PRECOMPILE::ecrecover(0x8f2aa025efdb456898b9dcf6dd084acebf07858a55a2bace0beaa3d1732d5eb5, 28, 48353700561086756283462619435312359411291238699651980969485406527293141878070, 28710609356312122984033612830121031149192757727445813703512221926371744085037) [staticcall]
    │   │   │   └─ ← 0xf39fd6e51aad88f6f4ce6ab8827279cfffb92266
    │   │   ├─ [6101] metaLexGuard::checkTransaction(metaLexGuard: [0xce71065d4017f316ec606fe4422e11eb2c47c246], 0, 0x6915d647000000000000000000000000f39fd6e51aad88f6f4ce6ab8827279cfffb92266000000000000000000000000000000000000000000000000002386f26fc10000, 0, 0, 0, 0, 0x0000000000000000000000000000000000000000, 0x0000000000000000000000000000000000000000, 0x6ae739834bfb9e6ea66f0409fd074621d8f72b505116855f68fc6fe62b4d05363f79a10824e82a161f85c5ca7ed06d6cf650d4d95828987477687c5e7078f42d1c, 0xf39fd6e51aad88f6f4ce6ab8827279cfffb92266)
    │   │   │   ├─ [0] console::f5b1bba9(0000000000000000000000000000000000000000000000000000000000000044) [staticcall]
    │   │   │   │   └─ ← ()
    │   │   │   └─ ← ()
    │   │   ├─ [46964] metaLexGuard::addRecepient(0xf39fd6e51aad88f6f4ce6ab8827279cfffb92266, 10000000000000000)
    │   │   │   └─ ← ()
    │   │   ├─  emit topic 0: 0x442e715f626346e8c54381002da614f62bee8d27386535b2521ec8540898556e
    │   │   │           data: 0x8f2aa025efdb456898b9dcf6dd084acebf07858a55a2bace0beaa3d1732d5eb50000000000000000000000000000000000000000000000000000000000000000
    │   │   ├─ [379] metaLexGuard::checkAfterExecution(0x8f2aa025efdb456898b9dcf6dd084acebf07858a55a2bace0beaa3d1732d5eb5, true)
    │   │   │   └─ ← ()
    │   │   └─ ← 0x0000000000000000000000000000000000000000000000000000000000000001
    │   └─ ← 0x0000000000000000000000000000000000000000000000000000000000000001
    ├─ [682] 0x2013…2d01::affed0e0() [staticcall]
    │   ├─ [351] 0x3e5c…d36e::affed0e0() [delegatecall]
    │   │   └─ ← 0x0000000000000000000000000000000000000000000000000000000000000004
    │   └─ ← 0x0000000000000000000000000000000000000000000000000000000000000004
    ├─ [2798] 0x2013…2d01::e86637db(000000000000000000000000f39fd6e51aad88f6f4ce6ab8827279cfffb92266000000000000000000000000000000000000000000000000002386f26fc10000000000000000000000000000000000000000000000000000000000000000014000000000000000000000000000000000000000000000000000000000000000000000000000000000000000000000000000000000000000000000000000000000000000000000000000000000000000000000000000000000000000000000000000000000000000000000000000000000000000000000000000000000000000000000000000000000000000000000000000000000000000000000000000000000000000000000000000000000000000000000000000000000000000000000000000000000000000000000000000000000000000000000000000000000000000040000000000000000000000000000000000000000000000000000000000000000) [staticcall]
    │   ├─ [2395] 0x3e5c…d36e::e86637db(000000000000000000000000f39fd6e51aad88f6f4ce6ab8827279cfffb92266000000000000000000000000000000000000000000000000002386f26fc10000000000000000000000000000000000000000000000000000000000000000014000000000000000000000000000000000000000000000000000000000000000000000000000000000000000000000000000000000000000000000000000000000000000000000000000000000000000000000000000000000000000000000000000000000000000000000000000000000000000000000000000000000000000000000000000000000000000000000000000000000000000000000000000000000000000000000000000000000000000000000000000000000000000000000000000000000000000000000000000000000000000000000000000000000000000040000000000000000000000000000000000000000000000000000000000000000) [delegatecall]
    │   │   └─ ← 0x0000000000000000000000000000000000000000000000000000000000000020000000000000000000000000000000000000000000000000000000000000004219013082379441537f7c669024bbf5518aabfb75fd0a615d5a02cb086b71925b7557d4585af41d57ea5ad2e03b788bbcaefd29f5bc10343d1e03407f9e58ca163133000000000000000000000000000000000000000000000000000000000000
    │   └─ ← 0x0000000000000000000000000000000000000000000000000000000000000020000000000000000000000000000000000000000000000000000000000000004219013082379441537f7c669024bbf5518aabfb75fd0a615d5a02cb086b71925b7557d4585af41d57ea5ad2e03b788bbcaefd29f5bc10343d1e03407f9e58ca163133000000000000000000000000000000000000000000000000000000000000
    ├─ [0] VM::sign(77814517325470205911140941194401928579557062014761831930645393041380819009408, 0xdda0435d123264181e3f2909344b2818ce697ead62021e7b62f78d1ce0a81cfb) [staticcall]
    │   └─ ← 27, 0xa6e864854e9d315c5f4c2c69094036b16aa645256f78d9a61261618280b1fc56, 0x47a868c5317807209c94e6d4ef4583ca08a934987b431d9f836a986504cc4f4e
    ├─ [0] VM::prank(0xf39fd6e51aad88f6f4ce6ab8827279cfffb92266)
    │   └─ ← ()
    ├─ [27915] 0x2013…2d01::6a761202(000000000000000000000000f39fd6e51aad88f6f4ce6ab8827279cfffb92266000000000000000000000000000000000000000000000000002386f26fc100000000000000000000000000000000000000000000000000000000000000000140000000000000000000000000000000000000000000000000000000000000000000000000000000000000000000000000000000000000000000000000000000000000000000000000000000000000000000000000000000000000000000000000000000000000000000000000000000000000000000000000000000000000000000000000000000000000000000000000000000000000000000000000000000000000000000000000000000000000000000000000000000000000000000000000000000000000000000000000000000000000000000000000000000000000016000000000000000000000000000000000000000000000000000000000000000000000000000000000000000000000000000000000000000000000000000000041a6e864854e9d315c5f4c2c69094036b16aa645256f78d9a61261618280b1fc5647a868c5317807209c94e6d4ef4583ca08a934987b431d9f836a986504cc4f4e1b00000000000000000000000000000000000000000000000000000000000000)
    │   ├─ [27500] 0x3e5c…d36e::6a761202(000000000000000000000000f39fd6e51aad88f6f4ce6ab8827279cfffb92266000000000000000000000000000000000000000000000000002386f26fc100000000000000000000000000000000000000000000000000000000000000000140000000000000000000000000000000000000000000000000000000000000000000000000000000000000000000000000000000000000000000000000000000000000000000000000000000000000000000000000000000000000000000000000000000000000000000000000000000000000000000000000000000000000000000000000000000000000000000000000000000000000000000000000000000000000000000000000000000000000000000000000000000000000000000000000000000000000000000000000000000000000000000000000000000000000016000000000000000000000000000000000000000000000000000000000000000000000000000000000000000000000000000000000000000000000000000000041a6e864854e9d315c5f4c2c69094036b16aa645256f78d9a61261618280b1fc5647a868c5317807209c94e6d4ef4583ca08a934987b431d9f836a986504cc4f4e1b00000000000000000000000000000000000000000000000000000000000000) [delegatecall]
    │   │   ├─  emit topic 0: 0x66753cd2356569ee081232e3be8909b950e0a76c1f8460c3a5e3c2be32b11bed
    │   │   │           data: 0x000000000000000000000000f39fd6e51aad88f6f4ce6ab8827279cfffb92266000000000000000000000000000000000000000000000000002386f26fc1000000000000000000000000000000000000000000000000000000000000000001600000000000000000000000000000000000000000000000000000000000000000000000000000000000000000000000000000000000000000000000000000000000000000000000000000000000000000000000000000000000000000000000000000000000000000000000000000000000000000000000000000000000000000000000000000000000000000000000000000000000000000000000000000000000000000000000000000000000000000000000000000000000000000000000000000000000000000000000000000000000000000000000000000000000000180000000000000000000000000000000000000000000000000000000000000020000000000000000000000000000000000000000000000000000000000000000000000000000000000000000000000000000000000000000000000000000000041a6e864854e9d315c5f4c2c69094036b16aa645256f78d9a61261618280b1fc5647a868c5317807209c94e6d4ef4583ca08a934987b431d9f836a986504cc4f4e1b0000000000000000000000000000000000000000000000000000000000000000000000000000000000000000000000000000000000000000000000000000600000000000000000000000000000000000000000000000000000000000000004000000000000000000000000f39fd6e51aad88f6f4ce6ab8827279cfffb922660000000000000000000000000000000000000000000000000000000000000001
    │   │   ├─ [3000] PRECOMPILE::ecrecover(0xdda0435d123264181e3f2909344b2818ce697ead62021e7b62f78d1ce0a81cfb, 27, 75494535152437415545665507215533168930092145984888897847138537018284414467158, 32411765654233920670937816610583112122531237064420110080350146653852145569614) [staticcall]
    │   │   │   └─ ← 0xf39fd6e51aad88f6f4ce6ab8827279cfffb92266
    │   │   ├─ [1599] metaLexGuard::checkTransaction(0xf39fd6e51aad88f6f4ce6ab8827279cfffb92266, 10000000000000000, 0x, 0, 0, 0, 0, 0x0000000000000000000000000000000000000000, 0x0000000000000000000000000000000000000000, 0xa6e864854e9d315c5f4c2c69094036b16aa645256f78d9a61261618280b1fc5647a868c5317807209c94e6d4ef4583ca08a934987b431d9f836a986504cc4f4e1b, 0xf39fd6e51aad88f6f4ce6ab8827279cfffb92266)
    │   │   │   ├─ [0] console::f5b1bba9(0000000000000000000000000000000000000000000000000000000000000000) [staticcall]
    │   │   │   │   └─ ← ()
    │   │   │   └─ ← ()
    │   │   ├─ [0] 0xf39f…2266::fallback{value: 10000000000000000}()
    │   │   │   └─ ← ()
    │   │   ├─  emit topic 0: 0x442e715f626346e8c54381002da614f62bee8d27386535b2521ec8540898556e
    │   │   │           data: 0xdda0435d123264181e3f2909344b2818ce697ead62021e7b62f78d1ce0a81cfb0000000000000000000000000000000000000000000000000000000000000000
    │   │   ├─ [379] metaLexGuard::checkAfterExecution(0xdda0435d123264181e3f2909344b2818ce697ead62021e7b62f78d1ce0a81cfb, true)
    │   │   │   └─ ← ()
    │   │   └─ ← 0x0000000000000000000000000000000000000000000000000000000000000001
    │   └─ ← 0x0000000000000000000000000000000000000000000000000000000000000001
    └─ ← ()

Test result: ok. 12 passed; 0 failed; finished in 4.40s